1606915.003:0028:002c:trace:relay:load_list L"RelayInclude" = L"KERNEL32.GetPrivateProfileStringA"
1606915.020:0028:002c:trace:relay:load_list L"RelayInclude" = L"KERNEL32.GetPrivateProfileStringA"
1606915.133:0030:0034:trace:relay:load_list L"RelayInclude" = L"KERNEL32.GetPrivateProfileStringA"
1606915.150:0030:0034:trace:relay:load_list L"RelayInclude" = L"KERNEL32.GetPrivateProfileStringA"
1606915.244:003c:0040:trace:relay:load_list L"RelayInclude" = L"KERNEL32.GetPrivateProfileStringA"
1606915.273:003c:0040:trace:relay:load_list L"RelayInclude" = L"KERNEL32.GetPrivateProfileStringA"
1606915.426:0060:0064:trace:relay:load_list L"RelayInclude" = L"KERNEL32.GetPrivateProfileStringA"
1606915.456:0060:0064:trace:relay:load_list L"RelayInclude" = L"KERNEL32.GetPrivateProfileStringA"
1606915.736:0078:007c:trace:relay:load_list L"RelayInclude" = L"KERNEL32.GetPrivateProfileStringA"
1606915.767:0078:007c:trace:relay:load_list L"RelayInclude" = L"KERNEL32.GetPrivateProfileStringA"
1606915.928:0090:0094:trace:relay:load_list L"RelayInclude" = L"KERNEL32.GetPrivateProfileStringA"
1606915.959:0090:0094:trace:relay:load_list L"RelayInclude" = L"KERNEL32.GetPrivateProfileStringA"
1606916.551:0020:0024:trace:relay:load_list L"RelayInclude" = L"KERNEL32.GetPrivateProfileStringA"
1606916.580:0020:0024:trace:relay:load_list L"RelayInclude" = L"KERNEL32.GetPrivateProfileStringA"
1606916.831:00cc:00d0:trace:relay:load_list L"RelayInclude" = L"KERNEL32.GetPrivateProfileStringA"
1606916.865:00cc:00d0:trace:relay:load_list L"RelayInclude" = L"KERNEL32.GetPrivateProfileStringA"
1606917.139:00d4:00d8:trace:relay:load_list L"RelayInclude" = L"KERNEL32.GetPrivateProfileStringA"
1606917.173:00d4:00d8:trace:relay:load_list L"RelayInclude" = L"KERNEL32.GetPrivateProfileStringA"
1606919.529:00ec:00f0:trace:relay:load_list L"RelayInclude" = L"KERNEL32.GetPrivateProfileStringA"
1606919.546:00ec:00f0:trace:relay:load_list L"RelayInclude" = L"KERNEL32.GetPrivateProfileStringA"
1606919.586:00fc:0100:trace:relay:load_list L"RelayInclude" = L"KERNEL32.GetPrivateProfileStringA"
1606919.603:00fc:0100:trace:relay:load_list L"RelayInclude" = L"KERNEL32.GetPrivateProfileStringA"
1606932.708:00ec:00f0:Call KERNEL32.GetPrivateProfileStringA(004c06e4 "VARIABLES",0022f200 "175",004e749c "",0022f240,00000400,0022f220 "IAM\\VARIABLES.TAG") ret=0040ed42
1606932.710:00ec:00f0:Ret  KERNEL32.GetPrivateProfileStringA() retval=0000000d ret=0040ed42
1606932.710:00ec:00f0:Call KERNEL32.GetPrivateProfileStringA(004c06f0 "VARIABLES",0022f1fc "170",004e749c "",0022f23c,00000400,0022f21c "IAM\\VARIABLES.TAG") ret=0040ed42
1606932.711:00ec:00f0:Ret  KERNEL32.GetPrivateProfileStringA() retval=00000010 ret=0040ed42
1606932.713:00ec:00f0:Call KERNEL32.GetPrivateProfileStringA(004c0844 "OBJECTS",0022f0f4 "997",004e749c "",0022f134,00000400,0022f114 "IAM\\OBJECTS.TAG") ret=0040ed42
1606932.716:00ec:00f0:Ret  KERNEL32.GetPrivateProfileStringA() retval=0000001a ret=0040ed42
1606938.321:00ec:00f0:Call KERNEL32.GetPrivateProfileStringA(004c06c4 "VARIABLES",0022f1fc "19",004e749c "",0022f23c,00000400,0022f21c "IAM\\VARIABLES.TAG") ret=0040ed42
1606938.322:00ec:00f0:Ret  KERNEL32.GetPrivateProfileStringA() retval=00000009 ret=0040ed42
1606938.322:00ec:00f0:Call KERNEL32.GetPrivateProfileStringA(004c0898 "CAMERAS",0022f1f8 "2152",004e749c "",0022f238,00000400,0022f218 "IAM\\CAMERAS.TAG") ret=0040ed42
1606938.322:00ec:00f0:Ret  KERNEL32.GetPrivateProfileStringA() retval=0000001c ret=0040ed42
1606938.322:00ec:00f0:Call KERNEL32.GetPrivateProfileStringA(004c0898 "CAMERAS",0022f1f8 "2153",004e749c "",0022f238,00000400,0022f218 "IAM\\CAMERAS.TAG") ret=0040ed42
1606938.323:00ec:00f0:Ret  KERNEL32.GetPrivateProfileStringA() retval=00000014 ret=0040ed42
1606938.323:00ec:00f0:Call KERNEL32.GetPrivateProfileStringA(004c0844 "OBJECTS",0022f0f4 "753",004e749c "",0022f134,00000400,0022f114 "IAM\\OBJECTS.TAG") ret=0040ed42
1606938.323:00ec:00f0:Ret  KERNEL32.GetPrivateProfileStringA() retval=00000014 ret=0040ed42
1606938.323:00ec:00f0:Call KERNEL32.GetPrivateProfileStringA(004c08a0 "CAMERAS",0022f1f0 "2154",004e749c "",0022f230,00000400,0022f210 "IAM\\CAMERAS.TAG") ret=0040ed42
1606938.324:00ec:00f0:Ret  KERNEL32.GetPrivateProfileStringA() retval=00000014 ret=0040ed42
1606941.883:00ec:00f0:Call KERNEL32.GetPrivateProfileStringA(004c08a0 "CAMERAS",0022f1f0 "2158",004e749c "",0022f230,00000400,0022f210 "IAM\\CAMERAS.TAG") ret=0040ed42
1606941.890:00ec:00f0:Ret  KERNEL32.GetPrivateProfileStringA() retval=00000015 ret=0040ed42
1606942.897:00ec:00f0:Call KERNEL32.GetPrivateProfileStringA(004c06c4 "VARIABLES",0022f1fc "655",004e749c "",0022f23c,00000400,0022f21c "IAM\\VARIABLES.TAG") ret=0040ed42
1606942.897:00ec:00f0:Ret  KERNEL32.GetPrivateProfileStringA() retval=0000000b ret=0040ed42
1606942.897:00ec:00f0:Call KERNEL32.GetPrivateProfileStringA(004c06c4 "VARIABLES",0022f1fc "661",004e749c "",0022f23c,00000400,0022f21c "IAM\\VARIABLES.TAG") ret=0040ed42
1606942.898:00ec:00f0:Ret  KERNEL32.GetPrivateProfileStringA() retval=00000009 ret=0040ed42
1606942.898:00ec:00f0:Call KERNEL32.GetPrivateProfileStringA(004c06c4 "VARIABLES",0022f1fc "662",004e749c "",0022f23c,00000400,0022f21c "IAM\\VARIABLES.TAG") ret=0040ed42
1606942.898:00ec:00f0:Ret  KERNEL32.GetPrivateProfileStringA() retval=0000000c ret=0040ed42
1606945.608:00ec:00f0:Call KERNEL32.GetPrivateProfileStringA(004c06c4 "VARIABLES",0022f1fc "663",004e749c "",0022f23c,00000400,0022f21c "IAM\\VARIABLES.TAG") ret=0040ed42
1606945.609:00ec:00f0:Ret  KERNEL32.GetPrivateProfileStringA() retval=00000010 ret=0040ed42
1606945.609:00ec:00f0:Call KERNEL32.GetPrivateProfileStringA(004c0898 "CAMERAS",0022f1f8 "4457",004e749c "",0022f238,00000400,0022f218 "IAM\\CAMERAS.TAG") ret=0040ed42
1606945.609:00ec:00f0:Ret  KERNEL32.GetPrivateProfileStringA() retval=00000000 ret=0040ed42
1606946.066:00ec:00f0:Call KERNEL32.GetPrivateProfileStringA(004c06e4 "VARIABLES",0022f200 "649",004e749c "",0022f240,00000400,0022f220 "IAM\\VARIABLES.TAG") ret=0040ed42
1606946.066:00ec:00f0:Ret  KERNEL32.GetPrivateProfileStringA() retval=00000011 ret=0040ed42
1606946.120:00ec:00f0:Call KERNEL32.GetPrivateProfileStringA(004c0898 "CAMERAS",0022f1f8 "4453",004e749c "",0022f238,00000400,0022f218 "IAM\\CAMERAS.TAG") ret=0040ed42
1606946.121:00ec:00f0:Ret  KERNEL32.GetPrivateProfileStringA() retval=00000000 ret=0040ed42
1606946.606:00ec:00f0:Call KERNEL32.GetPrivateProfileStringA(004c06c4 "VARIABLES",0022f1fc "649",004e749c "",0022f23c,00000400,0022f21c "IAM\\VARIABLES.TAG") ret=0040ed42
1606946.606:00ec:00f0:Ret  KERNEL32.GetPrivateProfileStringA() retval=00000011 ret=0040ed42
1606946.606:00ec:00f0:Call KERNEL32.GetPrivateProfileStringA(004c07e0 "ZONES",0022f1fc "4063",004e749c "",0022f23c,00000400,0022f21c "IAM\\ZONES.TAG") ret=0040ed42
1606946.608:00ec:00f0:Ret  KERNEL32.GetPrivateProfileStringA() retval=00000000 ret=0040ed42
1606946.608:00ec:00f0:Call KERNEL32.GetPrivateProfileStringA(004c07e0 "ZONES",0022f1fc "4114",004e749c "",0022f23c,00000400,0022f21c "IAM\\ZONES.TAG") ret=0040ed42
1606946.608:00ec:00f0:Ret  KERNEL32.GetPrivateProfileStringA() retval=00000000 ret=0040ed42
1606946.608:00ec:00f0:Call KERNEL32.GetPrivateProfileStringA(004c07e0 "ZONES",0022f1fc "4116",004e749c "",0022f23c,00000400,0022f21c "IAM\\ZONES.TAG") ret=0040ed42
1606946.609:00ec:00f0:Ret  KERNEL32.GetPrivateProfileStringA() retval=00000000 ret=0040ed42
1606946.609:00ec:00f0:Call KERNEL32.GetPrivateProfileStringA(004c06e4 "VARIABLES",0022f200 "648",004e749c "",0022f240,00000400,0022f220 "IAM\\VARIABLES.TAG") ret=0040ed42
1606946.610:00ec:00f0:Ret  KERNEL32.GetPrivateProfileStringA() retval=00000013 ret=0040ed42
1606960.773:00ec:00f0:Call KERNEL32.GetPrivateProfileStringA(004c0c38 "OBJECTS",0022f1f8 "42",004e749c "",0022f238,00000400,0022f218 "IAM\\OBJECTS.TAG") ret=0040ed42
1606960.773:00ec:00f0:Ret  KERNEL32.GetPrivateProfileStringA() retval=00000009 ret=0040ed42
1606960.773:00ec:00f0:Call KERNEL32.GetPrivateProfileStringA(004c07f0 "ADDRESSES",0022f1fc "678",004e749c "",0022f23c,00000400,0022f21c "IAM\\ADDRESSES.TAG") ret=0040ed42
1606960.774:00ec:00f0:Ret  KERNEL32.GetPrivateProfileStringA() retval=00000016 ret=0040ed42
1606960.774:00ec:00f0:Call KERNEL32.GetPrivateProfileStringA(004c07cc "DIALOGS",0022f1fc "402",004e749c "",0022f23c,00000400,0022f21c "IAM\\DIALOGS.TAG") ret=0040ed42
1606960.775:00ec:00f0:Ret  KERNEL32.GetPrivateProfileStringA() retval=0000000c ret=0040ed42
1606962.241:00ec:00f0:Call KERNEL32.GetPrivateProfileStringA(004c06e4 "VARIABLES",0022f118 "667",004e749c "",0022f158,00000400,0022f138 "IAM\\VARIABLES.TAG") ret=0040ed42
1606962.241:00ec:00f0:Ret  KERNEL32.GetPrivateProfileStringA() retval=0000000d ret=0040ed42
1606962.581:00ec:00f0:Call KERNEL32.GetPrivateProfileStringA(004c06e4 "VARIABLES",0022f118 "668",004e749c "",0022f158,00000400,0022f138 "IAM\\VARIABLES.TAG") ret=0040ed42
1606962.581:00ec:00f0:Ret  KERNEL32.GetPrivateProfileStringA() retval=0000000d ret=0040ed42
1606963.472:00ec:00f0:Call KERNEL32.GetPrivateProfileStringA(004c06e4 "VARIABLES",0022f118 "671",004e749c "",0022f158,00000400,0022f138 "IAM\\VARIABLES.TAG") ret=0040ed42
1606963.473:00ec:00f0:Ret  KERNEL32.GetPrivateProfileStringA() retval=00000009 ret=0040ed42
1606963.824:00ec:00f0:Call KERNEL32.GetPrivateProfileStringA(004c0844 "OBJECTS",0022f00c "534",004e749c "",0022f04c,00000400,0022f02c "IAM\\OBJECTS.TAG") ret=0040ed42
1606963.825:00ec:00f0:Ret  KERNEL32.GetPrivateProfileStringA() retval=00000017 ret=0040ed42
1606964.401:00ec:00f0:Call KERNEL32.GetPrivateProfileStringA(004c0c10 "OBJECTS",0022f1f8 "333",004e749c "",0022f238,00000400,0022f218 "IAM\\OBJECTS.TAG") ret=0040ed42
1606964.402:00ec:00f0:Ret  KERNEL32.GetPrivateProfileStringA() retval=00000018 ret=0040ed42
1606964.403:00ec:00f0:Call KERNEL32.GetPrivateProfileStringA(004c07e0 "ZONES",0022f1fc "4037",004e749c "",0022f23c,00000400,0022f21c "IAM\\ZONES.TAG") ret=0040ed42
1606964.403:00ec:00f0:Ret  KERNEL32.GetPrivateProfileStringA() retval=00000000 ret=0040ed42
1606964.403:00ec:00f0:Call KERNEL32.GetPrivateProfileStringA(004c07e0 "ZONES",0022f1fc "4042",004e749c "",0022f23c,00000400,0022f21c "IAM\\ZONES.TAG") ret=0040ed42
1606964.404:00ec:00f0:Ret  KERNEL32.GetPrivateProfileStringA() retval=00000000 ret=0040ed42
1606974.816:00ec:00f0:Call KERNEL32.GetPrivateProfileStringA(004c07d8 "ZONES",0022f1fc "4119",004e749c "",0022f23c,00000400,0022f21c "IAM\\ZONES.TAG") ret=0040ed42
1606974.817:00ec:00f0:Ret  KERNEL32.GetPrivateProfileStringA() retval=00000000 ret=0040ed42
1606974.817:00ec:00f0:Call KERNEL32.GetPrivateProfileStringA(004c07d8 "ZONES",0022f1fc "4037",004e749c "",0022f23c,00000400,0022f21c "IAM\\ZONES.TAG") ret=0040ed42
1606974.818:00ec:00f0:Ret  KERNEL32.GetPrivateProfileStringA() retval=00000000 ret=0040ed42
1606974.818:00ec:00f0:Call KERNEL32.GetPrivateProfileStringA(004c07d8 "ZONES",0022f1fc "4042",004e749c "",0022f23c,00000400,0022f21c "IAM\\ZONES.TAG") ret=0040ed42
1606974.819:00ec:00f0:Ret  KERNEL32.GetPrivateProfileStringA() retval=00000000 ret=0040ed42
1606974.819:00ec:00f0:Call KERNEL32.GetPrivateProfileStringA(004c07d8 "ZONES",0022f1fc "4063",004e749c "",0022f23c,00000400,0022f21c "IAM\\ZONES.TAG") ret=0040ed42
1606974.820:00ec:00f0:Ret  KERNEL32.GetPrivateProfileStringA() retval=00000000 ret=0040ed42
1606974.825:00ec:00f0:Call KERNEL32.GetPrivateProfileStringA(004c0898 "CAMERAS",0022f1f8 "6",004e749c "",0022f238,00000400,0022f218 "IAM\\CAMERAS.TAG") ret=0040ed42
1606974.825:00ec:00f0:Ret  KERNEL32.GetPrivateProfileStringA() retval=0000001b ret=0040ed42
1606974.825:00ec:00f0:Call KERNEL32.GetPrivateProfileStringA(004c07e8 "SCENES",0022f1f0 "48",004e749c "",0022f230,00000400,0022f210 "IAM\\SCENES.TAG") ret=0040ed42
1606974.826:00ec:00f0:Ret  KERNEL32.GetPrivateProfileStringA() retval=0000000d ret=0040ed42
1606974.826:00ec:00f0:Call KERNEL32.GetPrivateProfileStringA(004c07e8 "SCENES",0022f1f0 "49",004e749c "",0022f230,00000400,0022f210 "IAM\\SCENES.TAG") ret=0040ed42
1606974.827:00ec:00f0:Ret  KERNEL32.GetPrivateProfileStringA() retval=0000000d ret=0040ed42
1606974.827:00ec:00f0:Call KERNEL32.GetPrivateProfileStringA(004c07e8 "SCENES",0022f1f0 "50",004e749c "",0022f230,00000400,0022f210 "IAM\\SCENES.TAG") ret=0040ed42
1606974.827:00ec:00f0:Ret  KERNEL32.GetPrivateProfileStringA() retval=0000000d ret=0040ed42
1606974.827:00ec:00f0:Call KERNEL32.GetPrivateProfileStringA(004c07e8 "SCENES",0022f1f0 "51",004e749c "",0022f230,00000400,0022f210 "IAM\\SCENES.TAG") ret=0040ed42
1606974.828:00ec:00f0:Ret  KERNEL32.GetPrivateProfileStringA() retval=0000000d ret=0040ed42
1606974.828:00ec:00f0:Call KERNEL32.GetPrivateProfileStringA(004c07e8 "SCENES",0022f1f0 "52",004e749c "",0022f230,00000400,0022f210 "IAM\\SCENES.TAG") ret=0040ed42
1606974.829:00ec:00f0:Ret  KERNEL32.GetPrivateProfileStringA() retval=00000019 ret=0040ed42
1606974.829:00ec:00f0:Call KERNEL32.GetPrivateProfileStringA(004c07e8 "SCENES",0022f1f0 "44",004e749c "",0022f230,00000400,0022f210 "IAM\\SCENES.TAG") ret=0040ed42
1606974.829:00ec:00f0:Ret  KERNEL32.GetPrivateProfileStringA() retval=00000015 ret=0040ed42
1606974.829:00ec:00f0:Call KERNEL32.GetPrivateProfileStringA(004c06e4 "VARIABLES",0022f200 "657",004e749c "",0022f240,00000400,0022f220 "IAM\\VARIABLES.TAG") ret=0040ed42
1606974.830:00ec:00f0:Ret  KERNEL32.GetPrivateProfileStringA() retval=0000000f ret=0040ed42
1606974.830:00ec:00f0:Call KERNEL32.GetPrivateProfileStringA(004c06e4 "VARIABLES",0022f200 "65",004e749c "",0022f240,00000400,0022f220 "IAM\\VARIABLES.TAG") ret=0040ed42
1606974.830:00ec:00f0:Ret  KERNEL32.GetPrivateProfileStringA() retval=0000000e ret=0040ed42
1606976.800:00ec:00f0:Call KERNEL32.GetPrivateProfileStringA(004c0898 "CAMERAS",0022f1f8 "4421",004e749c "",0022f238,00000400,0022f218 "IAM\\CAMERAS.TAG") ret=0040ed42
1606976.801:00ec:00f0:Ret  KERNEL32.GetPrivateProfileStringA() retval=00000000 ret=0040ed42
1606976.801:00ec:00f0:Call KERNEL32.GetPrivateProfileStringA(004c07d8 "ZONES",0022f1fc "4058",004e749c "",0022f23c,00000400,0022f21c "IAM\\ZONES.TAG") ret=0040ed42
1606976.801:00ec:00f0:Ret  KERNEL32.GetPrivateProfileStringA() retval=00000000 ret=0040ed42
1606977.833:00ec:00f0:Call KERNEL32.GetPrivateProfileStringA(004c0898 "CAMERAS",0022f1f8 "4447",004e749c "",0022f238,00000400,0022f218 "IAM\\CAMERAS.TAG") ret=0040ed42
1606977.833:00ec:00f0:Ret  KERNEL32.GetPrivateProfileStringA() retval=00000000 ret=0040ed42
1606978.858:00ec:00f0:Call KERNEL32.GetPrivateProfileStringA(004c0898 "CAMERAS",0022f1f8 "0",004e749c "",0022f238,00000400,0022f218 "IAM\\CAMERAS.TAG") ret=0040ed42
1606978.860:00ec:00f0:Ret  KERNEL32.GetPrivateProfileStringA() retval=0000000d ret=0040ed42
1606982.596:00ec:00f0:Call KERNEL32.GetPrivateProfileStringA(004c07f0 "ADDRESSES",0022f1fc "680",004e749c "",0022f23c,00000400,0022f21c "IAM\\ADDRESSES.TAG") ret=0040ed42
1606982.596:00ec:00f0:Ret  KERNEL32.GetPrivateProfileStringA() retval=00000007 ret=0040ed42
1606982.596:00ec:00f0:Call KERNEL32.GetPrivateProfileStringA(004c07e0 "ZONES",0022f1fc "4050",004e749c "",0022f23c,00000400,0022f21c "IAM\\ZONES.TAG") ret=0040ed42
1606982.597:00ec:00f0:Ret  KERNEL32.GetPrivateProfileStringA() retval=00000000 ret=0040ed42
1606982.597:00ec:00f0:Call KERNEL32.GetPrivateProfileStringA(004c0898 "CAMERAS",0022f1f8 "4449",004e749c "",0022f238,00000400,0022f218 "IAM\\CAMERAS.TAG") ret=0040ed42
1606982.597:00ec:00f0:Ret  KERNEL32.GetPrivateProfileStringA() retval=00000000 ret=0040ed42
1606989.835:00ec:00f0:Call KERNEL32.GetPrivateProfileStringA(004c06c4 "VARIABLES",0022f1fc "19",004e749c "",0022f23c,00000400,0022f21c "IAM\\VARIABLES.TAG") ret=0040ed42
1606989.839:00ec:00f0:Ret  KERNEL32.GetPrivateProfileStringA() retval=00000009 ret=0040ed42
1606989.839:00ec:00f0:Call KERNEL32.GetPrivateProfileStringA(004c07e0 "ZONES",0022f1fc "4027",004e749c "",0022f23c,00000400,0022f21c "IAM\\ZONES.TAG") ret=0040ed42
1606989.839:00ec:00f0:Ret  KERNEL32.GetPrivateProfileStringA() retval=00000000 ret=0040ed42
1606989.839:00ec:00f0:Call KERNEL32.GetPrivateProfileStringA(004c07e0 "ZONES",0022f1fc "4050",004e749c "",0022f23c,00000400,0022f21c "IAM\\ZONES.TAG") ret=0040ed42
1606989.840:00ec:00f0:Ret  KERNEL32.GetPrivateProfileStringA() retval=00000000 ret=0040ed42
1606989.840:00ec:00f0:Call KERNEL32.GetPrivateProfileStringA(004c07e0 "ZONES",0022f1fc "4042",004e749c "",0022f23c,00000400,0022f21c "IAM\\ZONES.TAG") ret=0040ed42
1606989.841:00ec:00f0:Ret  KERNEL32.GetPrivateProfileStringA() retval=00000000 ret=0040ed42
1606989.841:00ec:00f0:Call KERNEL32.GetPrivateProfileStringA(004c07e0 "ZONES",0022f1fc "4028",004e749c "",0022f23c,00000400,0022f21c "IAM\\ZONES.TAG") ret=0040ed42
1606989.842:00ec:00f0:Ret  KERNEL32.GetPrivateProfileStringA() retval=00000000 ret=0040ed42
1606989.842:00ec:00f0:Call KERNEL32.GetPrivateProfileStringA(004c07e0 "ZONES",0022f1fc "4054",004e749c "",0022f23c,00000400,0022f21c "IAM\\ZONES.TAG") ret=0040ed42
1606989.842:00ec:00f0:Ret  KERNEL32.GetPrivateProfileStringA() retval=00000000 ret=0040ed42
1606989.843:00ec:00f0:Call KERNEL32.GetPrivateProfileStringA(004c06c4 "VARIABLES",0022f1fc "658",004e749c "",0022f23c,00000400,0022f21c "IAM\\VARIABLES.TAG") ret=0040ed42
1606989.843:00ec:00f0:Ret  KERNEL32.GetPrivateProfileStringA() retval=00000006 ret=0040ed42
1607002.473:00ec:00f0:Call KERNEL32.GetPrivateProfileStringA(004c06e4 "VARIABLES",0022f200 "658",004e749c "",0022f240,00000400,0022f220 "IAM\\VARIABLES.TAG") ret=0040ed42
1607002.475:00ec:00f0:Ret  KERNEL32.GetPrivateProfileStringA() retval=00000006 ret=0040ed42
1607002.475:00ec:00f0:Call KERNEL32.GetPrivateProfileStringA(004c06f0 "VARIABLES",0022f1fc "656",004e749c "",0022f23c,00000400,0022f21c "IAM\\VARIABLES.TAG") ret=0040ed42
1607002.475:00ec:00f0:Ret  KERNEL32.GetPrivateProfileStringA() retval=00000008 ret=0040ed42
1607002.475:00ec:00f0:Call KERNEL32.GetPrivateProfileStringA(004c0878 "VARIABLES",0022f1e4 "656",004e749c "",0022f224,00000400,0022f204 "IAM\\VARIABLES.TAG") ret=0040ed42
1607002.476:00ec:00f0:Ret  KERNEL32.GetPrivateProfileStringA() retval=00000008 ret=0040ed42
1607002.476:00ec:00f0:Call KERNEL32.GetPrivateProfileStringA(004c07f0 "ADDRESSES",0022f1fc "679",004e749c "",0022f23c,00000400,0022f21c "IAM\\ADDRESSES.TAG") ret=0040ed42
1607002.476:00ec:00f0:Ret  KERNEL32.GetPrivateProfileStringA() retval=00000006 ret=0040ed42
1607031.993:00ec:00f0:Call KERNEL32.GetPrivateProfileStringA(004c06d8 "VARIABLES",0022f200 "175",004e749c "",0022f240,00000400,0022f220 "IAM\\VARIABLES.TAG") ret=0040ed42
1607031.994:00ec:00f0:Ret  KERNEL32.GetPrivateProfileStringA() retval=0000000d ret=0040ed42
1607031.994:00ec:00f0:Call KERNEL32.GetPrivateProfileStringA(004c06c4 "VARIABLES",0022f1fc "138",004e749c "",0022f23c,00000400,0022f21c "IAM\\VARIABLES.TAG") ret=0040ed42
1607031.994:00ec:00f0:Ret  KERNEL32.GetPrivateProfileStringA() retval=00000006 ret=0040ed42
1607031.994:00ec:00f0:Call KERNEL32.GetPrivateProfileStringA(004c06c4 "VARIABLES",0022f1fc "656",004e749c "",0022f23c,00000400,0022f21c "IAM\\VARIABLES.TAG") ret=0040ed42
1607031.994:00ec:00f0:Ret  KERNEL32.GetPrivateProfileStringA() retval=00000008 ret=0040ed42
1607031.994:00ec:00f0:Call KERNEL32.GetPrivateProfileStringA(004c0740 "VARIABLES",0022f1f8 "145",004e749c "",0022f238,00000400,0022f218 "IAM\\VARIABLES.TAG") ret=0040ed42
1607031.995:00ec:00f0:Ret  KERNEL32.GetPrivateProfileStringA() retval=00000014 ret=0040ed42
1607031.995:00ec:00f0:Call KERNEL32.GetPrivateProfileStringA(004c06c4 "VARIABLES",0022f1fc "146",004e749c "",0022f23c,00000400,0022f21c "IAM\\VARIABLES.TAG") ret=0040ed42
1607031.995:00ec:00f0:Ret  KERNEL32.GetPrivateProfileStringA() retval=0000000c ret=0040ed42
1607031.995:00ec:00f0:Call KERNEL32.GetPrivateProfileStringA(004c06c4 "VARIABLES",0022f1fc "145",004e749c "",0022f23c,00000400,0022f21c "IAM\\VARIABLES.TAG") ret=0040ed42
1607031.995:00ec:00f0:Ret  KERNEL32.GetPrivateProfileStringA() retval=00000014 ret=0040ed42
1607031.995:00ec:00f0:Call KERNEL32.GetPrivateProfileStringA(004c0740 "VARIABLES",0022f1f8 "146",004e749c "",0022f238,00000400,0022f218 "IAM\\VARIABLES.TAG") ret=0040ed42
1607031.995:00ec:00f0:Ret  KERNEL32.GetPrivateProfileStringA() retval=0000000c ret=0040ed42
1607031.995:00ec:00f0:Call KERNEL32.GetPrivateProfileStringA(004c0878 "VARIABLES",0022f1e4 "146",004e749c "",0022f224,00000400,0022f204 "IAM\\VARIABLES.TAG") ret=0040ed42
1607031.995:00ec:00f0:Ret  KERNEL32.GetPrivateProfileStringA() retval=0000000c ret=0040ed42
1607031.995:00ec:00f0:Call KERNEL32.GetPrivateProfileStringA(004c06c4 "VARIABLES",0022f1fc "147",004e749c "",0022f23c,00000400,0022f21c "IAM\\VARIABLES.TAG") ret=0040ed42
1607031.995:00ec:00f0:Ret  KERNEL32.GetPrivateProfileStringA() retval=0000000b ret=0040ed42
1607031.995:00ec:00f0:Call KERNEL32.GetPrivateProfileStringA(004c06c4 "VARIABLES",0022f1fc "145",004e749c "",0022f23c,00000400,0022f21c "IAM\\VARIABLES.TAG") ret=0040ed42
1607031.995:00ec:00f0:Ret  KERNEL32.GetPrivateProfileStringA() retval=00000014 ret=0040ed42
1607031.995:00ec:00f0:Call KERNEL32.GetPrivateProfileStringA(004c0740 "VARIABLES",0022f1f8 "147",004e749c "",0022f238,00000400,0022f218 "IAM\\VARIABLES.TAG") ret=0040ed42
1607031.995:00ec:00f0:Ret  KERNEL32.GetPrivateProfileStringA() retval=0000000b ret=0040ed42
1607031.995:00ec:00f0:Call KERNEL32.GetPrivateProfileStringA(004c0878 "VARIABLES",0022f1e4 "147",004e749c "",0022f224,00000400,0022f204 "IAM\\VARIABLES.TAG") ret=0040ed42
1607031.996:00ec:00f0:Ret  KERNEL32.GetPrivateProfileStringA() retval=0000000b ret=0040ed42
1607031.996:00ec:00f0:Call KERNEL32.GetPrivateProfileStringA(004c06c4 "VARIABLES",0022f1fc "145",004e749c "",0022f23c,00000400,0022f21c "IAM\\VARIABLES.TAG") ret=0040ed42
1607031.996:00ec:00f0:Ret  KERNEL32.GetPrivateProfileStringA() retval=00000014 ret=0040ed42
1607031.996:00ec:00f0:Call KERNEL32.GetPrivateProfileStringA(004c0740 "VARIABLES",0022f1f8 "167",004e749c "",0022f238,00000400,0022f218 "IAM\\VARIABLES.TAG") ret=0040ed42
1607031.996:00ec:00f0:Ret  KERNEL32.GetPrivateProfileStringA() retval=00000016 ret=0040ed42
1607031.996:00ec:00f0:Call KERNEL32.GetPrivateProfileStringA(004c0878 "VARIABLES",0022f1e4 "167",004e749c "",0022f224,00000400,0022f204 "IAM\\VARIABLES.TAG") ret=0040ed42
1607031.996:00ec:00f0:Ret  KERNEL32.GetPrivateProfileStringA() retval=00000016 ret=0040ed42
1607031.996:00ec:00f0:Call KERNEL32.GetPrivateProfileStringA(004c0764 "VARIABLES",0022f1f8 "218",004e749c "",0022f238,00000400,0022f218 "IAM\\VARIABLES.TAG") ret=0040ed42
1607031.996:00ec:00f0:Ret  KERNEL32.GetPrivateProfileStringA() retval=00000011 ret=0040ed42
1607031.996:00ec:00f0:Call KERNEL32.GetPrivateProfileStringA(004c0740 "VARIABLES",0022f1f8 "218",004e749c "",0022f238,00000400,0022f218 "IAM\\VARIABLES.TAG") ret=0040ed42
1607031.996:00ec:00f0:Ret  KERNEL32.GetPrivateProfileStringA() retval=00000011 ret=0040ed42
1607031.996:00ec:00f0:Call KERNEL32.GetPrivateProfileStringA(004c074c "VARIABLES",0022f1f8 "218",004e749c "",0022f238,00000400,0022f218 "IAM\\VARIABLES.TAG") ret=0040ed42
1607031.996:00ec:00f0:Ret  KERNEL32.GetPrivateProfileStringA() retval=00000011 ret=0040ed42
1607031.996:00ec:00f0:Call KERNEL32.GetPrivateProfileStringA(004c0764 "VARIABLES",0022f1f8 "218",004e749c "",0022f238,00000400,0022f218 "IAM\\VARIABLES.TAG") ret=0040ed42
1607031.996:00ec:00f0:Ret  KERNEL32.GetPrivateProfileStringA() retval=00000011 ret=0040ed42
1607031.996:00ec:00f0:Call KERNEL32.GetPrivateProfileStringA(004c0740 "VARIABLES",0022f1f8 "218",004e749c "",0022f238,00000400,0022f218 "IAM\\VARIABLES.TAG") ret=0040ed42
1607031.997:00ec:00f0:Ret  KERNEL32.GetPrivateProfileStringA() retval=00000011 ret=0040ed42
1607031.997:00ec:00f0:Call KERNEL32.GetPrivateProfileStringA(004c06c4 "VARIABLES",0022f1fc "217",004e749c "",0022f23c,00000400,0022f21c "IAM\\VARIABLES.TAG") ret=0040ed42
1607031.997:00ec:00f0:Ret  KERNEL32.GetPrivateProfileStringA() retval=0000000d ret=0040ed42
1607031.997:00ec:00f0:Call KERNEL32.GetPrivateProfileStringA(004c06c4 "VARIABLES",0022f1fc "216",004e749c "",0022f23c,00000400,0022f21c "IAM\\VARIABLES.TAG") ret=0040ed42
1607031.997:00ec:00f0:Ret  KERNEL32.GetPrivateProfileStringA() retval=0000000d ret=0040ed42
1607031.997:00ec:00f0:Call KERNEL32.GetPrivateProfileStringA(004c072c "VARIABLES",0022f1fc "219",004e749c "",0022f23c,00000400,0022f21c "IAM\\VARIABLES.TAG") ret=0040ed42
1607031.997:00ec:00f0:Ret  KERNEL32.GetPrivateProfileStringA() retval=00000012 ret=0040ed42
1607031.997:00ec:00f0:Call KERNEL32.GetPrivateProfileStringA(004c06c4 "VARIABLES",0022f1fc "219",004e749c "",0022f23c,00000400,0022f21c "IAM\\VARIABLES.TAG") ret=0040ed42
1607031.997:00ec:00f0:Ret  KERNEL32.GetPrivateProfileStringA() retval=00000012 ret=0040ed42
1607031.997:00ec:00f0:Call KERNEL32.GetPrivateProfileStringA(004c06c4 "VARIABLES",0022f1fc "19",004e749c "",0022f23c,00000400,0022f21c "IAM\\VARIABLES.TAG") ret=0040ed42
1607031.997:00ec:00f0:Ret  KERNEL32.GetPrivateProfileStringA() retval=00000009 ret=0040ed42
1607031.997:00ec:00f0:Call KERNEL32.GetPrivateProfileStringA(004c06c4 "VARIABLES",0022f1fc "19",004e749c "",0022f23c,00000400,0022f21c "IAM\\VARIABLES.TAG") ret=0040ed42
1607031.997:00ec:00f0:Ret  KERNEL32.GetPrivateProfileStringA() retval=00000009 ret=0040ed42
1607032.002:00ec:00f0:Call KERNEL32.GetPrivateProfileStringA(004c06c4 "VARIABLES",0022f1fc "169",004e749c "",0022f23c,00000400,0022f21c "IAM\\VARIABLES.TAG") ret=0040ed42
1607032.002:00ec:00f0:Ret  KERNEL32.GetPrivateProfileStringA() retval=00000010 ret=0040ed42
1607032.002:00ec:00f0:Call KERNEL32.GetPrivateProfileStringA(004c06c4 "VARIABLES",0022f1fc "168",004e749c "",0022f23c,00000400,0022f21c "IAM\\VARIABLES.TAG") ret=0040ed42
1607032.002:00ec:00f0:Ret  KERNEL32.GetPrivateProfileStringA() retval=00000010 ret=0040ed42
1607032.002:00ec:00f0:Call KERNEL32.GetPrivateProfileStringA(004c072c "VARIABLES",0022f1fc "170",004e749c "",0022f23c,00000400,0022f21c "IAM\\VARIABLES.TAG") ret=0040ed42
1607032.002:00ec:00f0:Ret  KERNEL32.GetPrivateProfileStringA() retval=00000010 ret=0040ed42
1607032.002:00ec:00f0:Call KERNEL32.GetPrivateProfileStringA(004c07f0 "ADDRESSES",0022f1fc "680",004e749c "",0022f23c,00000400,0022f21c "IAM\\ADDRESSES.TAG") ret=0040ed42
1607032.002:00ec:00f0:Ret  KERNEL32.GetPrivateProfileStringA() retval=00000007 ret=0040ed42
1607032.003:00ec:00f0:Call KERNEL32.GetPrivateProfileStringA(004c06f0 "VARIABLES",0022f1fc "659",004e749c "",0022f23c,00000400,0022f21c "IAM\\VARIABLES.TAG") ret=0040ed42
1607032.003:00ec:00f0:Ret  KERNEL32.GetPrivateProfileStringA() retval=0000000b ret=0040ed42
1607032.003:00ec:00f0:Call KERNEL32.GetPrivateProfileStringA(004c0878 "VARIABLES",0022f1e4 "659",004e749c "",0022f224,00000400,0022f204 "IAM\\VARIABLES.TAG") ret=0040ed42
1607032.003:00ec:00f0:Ret  KERNEL32.GetPrivateProfileStringA() retval=0000000b ret=0040ed42
1607032.003:00ec:00f0:Call KERNEL32.GetPrivateProfileStringA(004c0878 "VARIABLES",0022f1e4 "653",004e749c "",0022f224,00000400,0022f204 "IAM\\VARIABLES.TAG") ret=0040ed42
1607032.003:00ec:00f0:Ret  KERNEL32.GetPrivateProfileStringA() retval=00000003 ret=0040ed42
1607032.003:00ec:00f0:Call KERNEL32.GetPrivateProfileStringA(004c07d8 "ZONES",0022f1fc "4027",004e749c "",0022f23c,00000400,0022f21c "IAM\\ZONES.TAG") ret=0040ed42
1607032.003:00ec:00f0:Ret  KERNEL32.GetPrivateProfileStringA() retval=00000000 ret=0040ed42
1607032.003:00ec:00f0:Call KERNEL32.GetPrivateProfileStringA(004c07d8 "ZONES",0022f1fc "4042",004e749c "",0022f23c,00000400,0022f21c "IAM\\ZONES.TAG") ret=0040ed42
1607032.004:00ec:00f0:Ret  KERNEL32.GetPrivateProfileStringA() retval=00000000 ret=0040ed42
1607032.004:00ec:00f0:Call KERNEL32.GetPrivateProfileStringA(004c07d8 "ZONES",0022f1fc "4028",004e749c "",0022f23c,00000400,0022f21c "IAM\\ZONES.TAG") ret=0040ed42
1607032.005:00ec:00f0:Ret  KERNEL32.GetPrivateProfileStringA() retval=00000000 ret=0040ed42
1607032.005:00ec:00f0:Call KERNEL32.GetPrivateProfileStringA(004c07d8 "ZONES",0022f1fc "4050",004e749c "",0022f23c,00000400,0022f21c "IAM\\ZONES.TAG") ret=0040ed42
1607032.006:00ec:00f0:Ret  KERNEL32.GetPrivateProfileStringA() retval=00000000 ret=0040ed42
1607032.006:00ec:00f0:Call KERNEL32.GetPrivateProfileStringA(004c0898 "CAMERAS",0022f1f8 "0",004e749c "",0022f238,00000400,0022f218 "IAM\\CAMERAS.TAG") ret=0040ed42
1607032.006:00ec:00f0:Ret  KERNEL32.GetPrivateProfileStringA() retval=0000000d ret=0040ed42
1607034.914:00ec:00f0:Call KERNEL32.GetPrivateProfileStringA(004c07f0 "ADDRESSES",0022f1fc "680",004e749c "",0022f23c,00000400,0022f21c "IAM\\ADDRESSES.TAG") ret=0040ed42
1607034.914:00ec:00f0:Ret  KERNEL32.GetPrivateProfileStringA() retval=00000007 ret=0040ed42
1607034.914:00ec:00f0:Call KERNEL32.GetPrivateProfileStringA(004c07e0 "ZONES",0022f1fc "4050",004e749c "",0022f23c,00000400,0022f21c "IAM\\ZONES.TAG") ret=0040ed42
1607034.915:00ec:00f0:Ret  KERNEL32.GetPrivateProfileStringA() retval=00000000 ret=0040ed42
1607034.915:00ec:00f0:Call KERNEL32.GetPrivateProfileStringA(004c0898 "CAMERAS",0022f1f8 "4449",004e749c "",0022f238,00000400,0022f218 "IAM\\CAMERAS.TAG") ret=0040ed42
1607034.916:00ec:00f0:Ret  KERNEL32.GetPrivateProfileStringA() retval=00000000 ret=0040ed42
1607041.483:00ec:00f0:Call KERNEL32.GetPrivateProfileStringA(004c06c4 "VARIABLES",0022f1fc "19",004e749c "",0022f23c,00000400,0022f21c "IAM\\VARIABLES.TAG") ret=0040ed42
1607041.484:00ec:00f0:Ret  KERNEL32.GetPrivateProfileStringA() retval=00000009 ret=0040ed42
1607041.484:00ec:00f0:Call KERNEL32.GetPrivateProfileStringA(004c06c4 "VARIABLES",0022f1fc "19",004e749c "",0022f23c,00000400,0022f21c "IAM\\VARIABLES.TAG") ret=0040ed42
1607041.485:00ec:00f0:Ret  KERNEL32.GetPrivateProfileStringA() retval=00000009 ret=0040ed42
1607041.485:00ec:00f0:Call KERNEL32.GetPrivateProfileStringA(004c07e0 "ZONES",0022f1fc "4027",004e749c "",0022f23c,00000400,0022f21c "IAM\\ZONES.TAG") ret=0040ed42
1607041.485:00ec:00f0:Ret  KERNEL32.GetPrivateProfileStringA() retval=00000000 ret=0040ed42
1607041.485:00ec:00f0:Call KERNEL32.GetPrivateProfileStringA(004c07e0 "ZONES",0022f1fc "4050",004e749c "",0022f23c,00000400,0022f21c "IAM\\ZONES.TAG") ret=0040ed42
1607041.485:00ec:00f0:Ret  KERNEL32.GetPrivateProfileStringA() retval=00000000 ret=0040ed42
1607041.485:00ec:00f0:Call KERNEL32.GetPrivateProfileStringA(004c07e0 "ZONES",0022f1fc "4042",004e749c "",0022f23c,00000400,0022f21c "IAM\\ZONES.TAG") ret=0040ed42
1607041.486:00ec:00f0:Ret  KERNEL32.GetPrivateProfileStringA() retval=00000000 ret=0040ed42
1607041.486:00ec:00f0:Call KERNEL32.GetPrivateProfileStringA(004c07e0 "ZONES",0022f1fc "4028",004e749c "",0022f23c,00000400,0022f21c "IAM\\ZONES.TAG") ret=0040ed42
1607041.487:00ec:00f0:Ret  KERNEL32.GetPrivateProfileStringA() retval=00000000 ret=0040ed42
1607041.487:00ec:00f0:Call KERNEL32.GetPrivateProfileStringA(004c07e0 "ZONES",0022f1fc "4054",004e749c "",0022f23c,00000400,0022f21c "IAM\\ZONES.TAG") ret=0040ed42
1607041.488:00ec:00f0:Ret  KERNEL32.GetPrivateProfileStringA() retval=00000000 ret=0040ed42
1607041.488:00ec:00f0:Call KERNEL32.GetPrivateProfileStringA(004c06c4 "VARIABLES",0022f1fc "658",004e749c "",0022f23c,00000400,0022f21c "IAM\\VARIABLES.TAG") ret=0040ed42
1607041.488:00ec:00f0:Ret  KERNEL32.GetPrivateProfileStringA() retval=00000006 ret=0040ed42
1607041.488:00ec:00f0:Call KERNEL32.GetPrivateProfileStringA(004c06f0 "VARIABLES",0022f1fc "656",004e749c "",0022f23c,00000400,0022f21c "IAM\\VARIABLES.TAG") ret=0040ed42
1607041.488:00ec:00f0:Ret  KERNEL32.GetPrivateProfileStringA() retval=00000008 ret=0040ed42
1607041.488:00ec:00f0:Call KERNEL32.GetPrivateProfileStringA(004c0878 "VARIABLES",0022f1e4 "656",004e749c "",0022f224,00000400,0022f204 "IAM\\VARIABLES.TAG") ret=0040ed42
1607041.489:00ec:00f0:Ret  KERNEL32.GetPrivateProfileStringA() retval=00000008 ret=0040ed42
1607041.489:00ec:00f0:Call KERNEL32.GetPrivateProfileStringA(004c07f0 "ADDRESSES",0022f1fc "679",004e749c "",0022f23c,00000400,0022f21c "IAM\\ADDRESSES.TAG") ret=0040ed42
1607041.489:00ec:00f0:Ret  KERNEL32.GetPrivateProfileStringA() retval=00000006 ret=0040ed42
1607080.313:00ec:00f0:Call KERNEL32.GetPrivateProfileStringA(004c06e4 "VARIABLES",0022f200 "175",004e749c "",0022f240,00000400,0022f220 "IAM\\VARIABLES.TAG") ret=0040ed42
1607080.313:00ec:00f0:Ret  KERNEL32.GetPrivateProfileStringA() retval=0000000d ret=0040ed42
1607080.313:00ec:00f0:Call KERNEL32.GetPrivateProfileStringA(004c06c4 "VARIABLES",0022f1fc "138",004e749c "",0022f23c,00000400,0022f21c "IAM\\VARIABLES.TAG") ret=0040ed42
1607080.313:00ec:00f0:Ret  KERNEL32.GetPrivateProfileStringA() retval=00000006 ret=0040ed42
1607080.313:00ec:00f0:Call KERNEL32.GetPrivateProfileStringA(004c06c4 "VARIABLES",0022f1fc "656",004e749c "",0022f23c,00000400,0022f21c "IAM\\VARIABLES.TAG") ret=0040ed42
1607080.314:00ec:00f0:Ret  KERNEL32.GetPrivateProfileStringA() retval=00000008 ret=0040ed42
1607080.314:00ec:00f0:Call KERNEL32.GetPrivateProfileStringA(004c0740 "VARIABLES",0022f1f8 "145",004e749c "",0022f238,00000400,0022f218 "IAM\\VARIABLES.TAG") ret=0040ed42
1607080.314:00ec:00f0:Ret  KERNEL32.GetPrivateProfileStringA() retval=00000014 ret=0040ed42
1607080.314:00ec:00f0:Call KERNEL32.GetPrivateProfileStringA(004c06c4 "VARIABLES",0022f1fc "146",004e749c "",0022f23c,00000400,0022f21c "IAM\\VARIABLES.TAG") ret=0040ed42
1607080.314:00ec:00f0:Ret  KERNEL32.GetPrivateProfileStringA() retval=0000000c ret=0040ed42
1607080.314:00ec:00f0:Call KERNEL32.GetPrivateProfileStringA(004c06c4 "VARIABLES",0022f1fc "145",004e749c "",0022f23c,00000400,0022f21c "IAM\\VARIABLES.TAG") ret=0040ed42
1607080.314:00ec:00f0:Ret  KERNEL32.GetPrivateProfileStringA() retval=00000014 ret=0040ed42
1607080.314:00ec:00f0:Call KERNEL32.GetPrivateProfileStringA(004c0740 "VARIABLES",0022f1f8 "146",004e749c "",0022f238,00000400,0022f218 "IAM\\VARIABLES.TAG") ret=0040ed42
1607080.314:00ec:00f0:Ret  KERNEL32.GetPrivateProfileStringA() retval=0000000c ret=0040ed42
1607080.314:00ec:00f0:Call KERNEL32.GetPrivateProfileStringA(004c0878 "VARIABLES",0022f1e4 "146",004e749c "",0022f224,00000400,0022f204 "IAM\\VARIABLES.TAG") ret=0040ed42
1607080.314:00ec:00f0:Ret  KERNEL32.GetPrivateProfileStringA() retval=0000000c ret=0040ed42
1607080.314:00ec:00f0:Call KERNEL32.GetPrivateProfileStringA(004c06c4 "VARIABLES",0022f1fc "147",004e749c "",0022f23c,00000400,0022f21c "IAM\\VARIABLES.TAG") ret=0040ed42
1607080.314:00ec:00f0:Ret  KERNEL32.GetPrivateProfileStringA() retval=0000000b ret=0040ed42
1607080.314:00ec:00f0:Call KERNEL32.GetPrivateProfileStringA(004c06c4 "VARIABLES",0022f1fc "145",004e749c "",0022f23c,00000400,0022f21c "IAM\\VARIABLES.TAG") ret=0040ed42
1607080.314:00ec:00f0:Ret  KERNEL32.GetPrivateProfileStringA() retval=00000014 ret=0040ed42
1607080.314:00ec:00f0:Call KERNEL32.GetPrivateProfileStringA(004c0740 "VARIABLES",0022f1f8 "147",004e749c "",0022f238,00000400,0022f218 "IAM\\VARIABLES.TAG") ret=0040ed42
1607080.315:00ec:00f0:Ret  KERNEL32.GetPrivateProfileStringA() retval=0000000b ret=0040ed42
1607080.315:00ec:00f0:Call KERNEL32.GetPrivateProfileStringA(004c0878 "VARIABLES",0022f1e4 "147",004e749c "",0022f224,00000400,0022f204 "IAM\\VARIABLES.TAG") ret=0040ed42
1607080.315:00ec:00f0:Ret  KERNEL32.GetPrivateProfileStringA() retval=0000000b ret=0040ed42
1607080.315:00ec:00f0:Call KERNEL32.GetPrivateProfileStringA(004c06c4 "VARIABLES",0022f1fc "145",004e749c "",0022f23c,00000400,0022f21c "IAM\\VARIABLES.TAG") ret=0040ed42
1607080.315:00ec:00f0:Ret  KERNEL32.GetPrivateProfileStringA() retval=00000014 ret=0040ed42
1607080.315:00ec:00f0:Call KERNEL32.GetPrivateProfileStringA(004c0740 "VARIABLES",0022f1f8 "167",004e749c "",0022f238,00000400,0022f218 "IAM\\VARIABLES.TAG") ret=0040ed42
1607080.315:00ec:00f0:Ret  KERNEL32.GetPrivateProfileStringA() retval=00000016 ret=0040ed42
1607080.315:00ec:00f0:Call KERNEL32.GetPrivateProfileStringA(004c0878 "VARIABLES",0022f1e4 "167",004e749c "",0022f224,00000400,0022f204 "IAM\\VARIABLES.TAG") ret=0040ed42
1607080.315:00ec:00f0:Ret  KERNEL32.GetPrivateProfileStringA() retval=00000016 ret=0040ed42
1607080.315:00ec:00f0:Call KERNEL32.GetPrivateProfileStringA(004c0764 "VARIABLES",0022f1f8 "218",004e749c "",0022f238,00000400,0022f218 "IAM\\VARIABLES.TAG") ret=0040ed42
1607080.315:00ec:00f0:Ret  KERNEL32.GetPrivateProfileStringA() retval=00000011 ret=0040ed42
1607080.315:00ec:00f0:Call KERNEL32.GetPrivateProfileStringA(004c0740 "VARIABLES",0022f1f8 "218",004e749c "",0022f238,00000400,0022f218 "IAM\\VARIABLES.TAG") ret=0040ed42
1607080.315:00ec:00f0:Ret  KERNEL32.GetPrivateProfileStringA() retval=00000011 ret=0040ed42
1607080.315:00ec:00f0:Call KERNEL32.GetPrivateProfileStringA(004c074c "VARIABLES",0022f1f8 "218",004e749c "",0022f238,00000400,0022f218 "IAM\\VARIABLES.TAG") ret=0040ed42
1607080.315:00ec:00f0:Ret  KERNEL32.GetPrivateProfileStringA() retval=00000011 ret=0040ed42
1607080.315:00ec:00f0:Call KERNEL32.GetPrivateProfileStringA(004c0764 "VARIABLES",0022f1f8 "218",004e749c "",0022f238,00000400,0022f218 "IAM\\VARIABLES.TAG") ret=0040ed42
1607080.316:00ec:00f0:Ret  KERNEL32.GetPrivateProfileStringA() retval=00000011 ret=0040ed42
1607080.316:00ec:00f0:Call KERNEL32.GetPrivateProfileStringA(004c0740 "VARIABLES",0022f1f8 "218",004e749c "",0022f238,00000400,0022f218 "IAM\\VARIABLES.TAG") ret=0040ed42
1607080.316:00ec:00f0:Ret  KERNEL32.GetPrivateProfileStringA() retval=00000011 ret=0040ed42
1607080.316:00ec:00f0:Call KERNEL32.GetPrivateProfileStringA(004c06c4 "VARIABLES",0022f1fc "217",004e749c "",0022f23c,00000400,0022f21c "IAM\\VARIABLES.TAG") ret=0040ed42
1607080.316:00ec:00f0:Ret  KERNEL32.GetPrivateProfileStringA() retval=0000000d ret=0040ed42
1607080.316:00ec:00f0:Call KERNEL32.GetPrivateProfileStringA(004c06c4 "VARIABLES",0022f1fc "216",004e749c "",0022f23c,00000400,0022f21c "IAM\\VARIABLES.TAG") ret=0040ed42
1607080.316:00ec:00f0:Ret  KERNEL32.GetPrivateProfileStringA() retval=0000000d ret=0040ed42
1607080.316:00ec:00f0:Call KERNEL32.GetPrivateProfileStringA(004c072c "VARIABLES",0022f1fc "219",004e749c "",0022f23c,00000400,0022f21c "IAM\\VARIABLES.TAG") ret=0040ed42
1607080.316:00ec:00f0:Ret  KERNEL32.GetPrivateProfileStringA() retval=00000012 ret=0040ed42
1607080.316:00ec:00f0:Call KERNEL32.GetPrivateProfileStringA(004c06c4 "VARIABLES",0022f1fc "219",004e749c "",0022f23c,00000400,0022f21c "IAM\\VARIABLES.TAG") ret=0040ed42
1607080.316:00ec:00f0:Ret  KERNEL32.GetPrivateProfileStringA() retval=00000012 ret=0040ed42
1607080.316:00ec:00f0:Call KERNEL32.GetPrivateProfileStringA(004c06c4 "VARIABLES",0022f1fc "19",004e749c "",0022f23c,00000400,0022f21c "IAM\\VARIABLES.TAG") ret=0040ed42
1607080.316:00ec:00f0:Ret  KERNEL32.GetPrivateProfileStringA() retval=00000009 ret=0040ed42
1607080.321:00ec:00f0:Call KERNEL32.GetPrivateProfileStringA(004c06c4 "VARIABLES",0022f1fc "169",004e749c "",0022f23c,00000400,0022f21c "IAM\\VARIABLES.TAG") ret=0040ed42
1607080.321:00ec:00f0:Ret  KERNEL32.GetPrivateProfileStringA() retval=00000010 ret=0040ed42
1607080.321:00ec:00f0:Call KERNEL32.GetPrivateProfileStringA(004c06c4 "VARIABLES",0022f1fc "168",004e749c "",0022f23c,00000400,0022f21c "IAM\\VARIABLES.TAG") ret=0040ed42
1607080.321:00ec:00f0:Ret  KERNEL32.GetPrivateProfileStringA() retval=00000010 ret=0040ed42
1607080.321:00ec:00f0:Call KERNEL32.GetPrivateProfileStringA(004c072c "VARIABLES",0022f1fc "170",004e749c "",0022f23c,00000400,0022f21c "IAM\\VARIABLES.TAG") ret=0040ed42
1607080.321:00ec:00f0:Ret  KERNEL32.GetPrivateProfileStringA() retval=00000010 ret=0040ed42
1607080.321:00ec:00f0:Call KERNEL32.GetPrivateProfileStringA(004c07f0 "ADDRESSES",0022f1fc "680",004e749c "",0022f23c,00000400,0022f21c "IAM\\ADDRESSES.TAG") ret=0040ed42
1607080.321:00ec:00f0:Ret  KERNEL32.GetPrivateProfileStringA() retval=00000007 ret=0040ed42
1607080.321:00ec:00f0:Call KERNEL32.GetPrivateProfileStringA(004c06f0 "VARIABLES",0022f1fc "659",004e749c "",0022f23c,00000400,0022f21c "IAM\\VARIABLES.TAG") ret=0040ed42
1607080.322:00ec:00f0:Ret  KERNEL32.GetPrivateProfileStringA() retval=0000000b ret=0040ed42
1607080.322:00ec:00f0:Call KERNEL32.GetPrivateProfileStringA(004c0878 "VARIABLES",0022f1e4 "659",004e749c "",0022f224,00000400,0022f204 "IAM\\VARIABLES.TAG") ret=0040ed42
1607080.322:00ec:00f0:Ret  KERNEL32.GetPrivateProfileStringA() retval=0000000b ret=0040ed42
1607080.322:00ec:00f0:Call KERNEL32.GetPrivateProfileStringA(004c0878 "VARIABLES",0022f1e4 "653",004e749c "",0022f224,00000400,0022f204 "IAM\\VARIABLES.TAG") ret=0040ed42
1607080.322:00ec:00f0:Ret  KERNEL32.GetPrivateProfileStringA() retval=00000003 ret=0040ed42
1607080.322:00ec:00f0:Call KERNEL32.GetPrivateProfileStringA(004c07d8 "ZONES",0022f1fc "4027",004e749c "",0022f23c,00000400,0022f21c "IAM\\ZONES.TAG") ret=0040ed42
1607080.322:00ec:00f0:Ret  KERNEL32.GetPrivateProfileStringA() retval=00000000 ret=0040ed42
1607080.323:00ec:00f0:Call KERNEL32.GetPrivateProfileStringA(004c07d8 "ZONES",0022f1fc "4042",004e749c "",0022f23c,00000400,0022f21c "IAM\\ZONES.TAG") ret=0040ed42
1607080.323:00ec:00f0:Ret  KERNEL32.GetPrivateProfileStringA() retval=00000000 ret=0040ed42
1607080.323:00ec:00f0:Call KERNEL32.GetPrivateProfileStringA(004c07d8 "ZONES",0022f1fc "4028",004e749c "",0022f23c,00000400,0022f21c "IAM\\ZONES.TAG") ret=0040ed42
1607080.324:00ec:00f0:Ret  KERNEL32.GetPrivateProfileStringA() retval=00000000 ret=0040ed42
1607080.324:00ec:00f0:Call KERNEL32.GetPrivateProfileStringA(004c07d8 "ZONES",0022f1fc "4050",004e749c "",0022f23c,00000400,0022f21c "IAM\\ZONES.TAG") ret=0040ed42
1607080.325:00ec:00f0:Ret  KERNEL32.GetPrivateProfileStringA() retval=00000000 ret=0040ed42
1607080.325:00ec:00f0:Call KERNEL32.GetPrivateProfileStringA(004c0898 "CAMERAS",0022f1f8 "0",004e749c "",0022f238,00000400,0022f218 "IAM\\CAMERAS.TAG") ret=0040ed42
1607080.325:00ec:00f0:Ret  KERNEL32.GetPrivateProfileStringA() retval=0000000d ret=0040ed42
1607086.282:00ec:00f0:Call KERNEL32.GetPrivateProfileStringA(004c06e4 "VARIABLES",0022f200 "175",004e749c "",0022f240,00000400,0022f220 "IAM\\VARIABLES.TAG") ret=0040ed42
1607086.282:00ec:00f0:Ret  KERNEL32.GetPrivateProfileStringA() retval=0000000d ret=0040ed42
1607086.282:00ec:00f0:Call KERNEL32.GetPrivateProfileStringA(004c06f0 "VARIABLES",0022f1fc "170",004e749c "",0022f23c,00000400,0022f21c "IAM\\VARIABLES.TAG") ret=0040ed42
1607086.282:00ec:00f0:Ret  KERNEL32.GetPrivateProfileStringA() retval=00000010 ret=0040ed42
1607086.283:00ec:00f0:Call KERNEL32.GetPrivateProfileStringA(004c0844 "OBJECTS",0022f0f4 "997",004e749c "",0022f134,00000400,0022f114 "IAM\\OBJECTS.TAG") ret=0040ed42
1607086.284:00ec:00f0:Ret  KERNEL32.GetPrivateProfileStringA() retval=0000001a ret=0040ed42
