1387428.686:0028:002c:trace:relay:load_list L"RelayInclude" = L"KERNEL32.GetPrivateProfileStringA"
1387428.707:0028:002c:trace:relay:load_list L"RelayInclude" = L"KERNEL32.GetPrivateProfileStringA"
1387428.822:0030:0034:trace:relay:load_list L"RelayInclude" = L"KERNEL32.GetPrivateProfileStringA"
1387428.843:0030:0034:trace:relay:load_list L"RelayInclude" = L"KERNEL32.GetPrivateProfileStringA"
1387428.945:003c:0040:trace:relay:load_list L"RelayInclude" = L"KERNEL32.GetPrivateProfileStringA"
1387428.966:003c:0040:trace:relay:load_list L"RelayInclude" = L"KERNEL32.GetPrivateProfileStringA"
1387429.083:0060:0064:trace:relay:load_list L"RelayInclude" = L"KERNEL32.GetPrivateProfileStringA"
1387429.100:0060:0064:trace:relay:load_list L"RelayInclude" = L"KERNEL32.GetPrivateProfileStringA"
1387429.267:0078:007c:trace:relay:load_list L"RelayInclude" = L"KERNEL32.GetPrivateProfileStringA"
1387429.285:0078:007c:trace:relay:load_list L"RelayInclude" = L"KERNEL32.GetPrivateProfileStringA"
1387429.386:0090:0094:trace:relay:load_list L"RelayInclude" = L"KERNEL32.GetPrivateProfileStringA"
1387429.404:0090:0094:trace:relay:load_list L"RelayInclude" = L"KERNEL32.GetPrivateProfileStringA"
1387429.777:0020:0024:trace:relay:load_list L"RelayInclude" = L"KERNEL32.GetPrivateProfileStringA"
1387429.795:0020:0024:trace:relay:load_list L"RelayInclude" = L"KERNEL32.GetPrivateProfileStringA"
1387429.954:00cc:00d0:trace:relay:load_list L"RelayInclude" = L"KERNEL32.GetPrivateProfileStringA"
1387429.972:00cc:00d0:trace:relay:load_list L"RelayInclude" = L"KERNEL32.GetPrivateProfileStringA"
1387430.153:00d4:00d8:trace:relay:load_list L"RelayInclude" = L"KERNEL32.GetPrivateProfileStringA"
1387430.171:00d4:00d8:trace:relay:load_list L"RelayInclude" = L"KERNEL32.GetPrivateProfileStringA"
1387431.154:00ec:00f0:trace:relay:load_list L"RelayInclude" = L"KERNEL32.GetPrivateProfileStringA"
1387431.176:00ec:00f0:trace:relay:load_list L"RelayInclude" = L"KERNEL32.GetPrivateProfileStringA"
1387431.232:00fc:0100:trace:relay:load_list L"RelayInclude" = L"KERNEL32.GetPrivateProfileStringA"
1387431.249:00fc:0100:trace:relay:load_list L"RelayInclude" = L"KERNEL32.GetPrivateProfileStringA"
1387442.187:00ec:00f0:Call KERNEL32.GetPrivateProfileStringA(004c06e4 "VARIABLES",0022f200 "175",004e749c "",0022f240,00000400,0022f220 "IAM\\VARIABLES.TAG") ret=0040ed42
1387442.189:00ec:00f0:Ret  KERNEL32.GetPrivateProfileStringA() retval=0000000d ret=0040ed42
1387442.189:00ec:00f0:Call KERNEL32.GetPrivateProfileStringA(004c06f0 "VARIABLES",0022f1fc "170",004e749c "",0022f23c,00000400,0022f21c "IAM\\VARIABLES.TAG") ret=0040ed42
1387442.189:00ec:00f0:Ret  KERNEL32.GetPrivateProfileStringA() retval=00000010 ret=0040ed42
1387442.192:00ec:00f0:Call KERNEL32.GetPrivateProfileStringA(004c0844 "OBJECTS",0022f0f4 "997",004e749c "",0022f134,00000400,0022f114 "IAM\\OBJECTS.TAG") ret=0040ed42
1387442.195:00ec:00f0:Ret  KERNEL32.GetPrivateProfileStringA() retval=0000001a ret=0040ed42
1387486.547:00ec:00f0:Call KERNEL32.GetPrivateProfileStringA(004c06c4 "VARIABLES",0022f1fc "19",004e749c "",0022f23c,00000400,0022f21c "IAM\\VARIABLES.TAG") ret=0040ed42
1387486.548:00ec:00f0:Ret  KERNEL32.GetPrivateProfileStringA() retval=00000009 ret=0040ed42
1387486.548:00ec:00f0:Call KERNEL32.GetPrivateProfileStringA(004c0898 "CAMERAS",0022f1f8 "2172",004e749c "",0022f238,00000400,0022f218 "IAM\\CAMERAS.TAG") ret=0040ed42
1387486.549:00ec:00f0:Ret  KERNEL32.GetPrivateProfileStringA() retval=00000017 ret=0040ed42
1387486.549:00ec:00f0:Call KERNEL32.GetPrivateProfileStringA(004c0898 "CAMERAS",0022f1f8 "2148",004e749c "",0022f238,00000400,0022f218 "IAM\\CAMERAS.TAG") ret=0040ed42
1387486.549:00ec:00f0:Ret  KERNEL32.GetPrivateProfileStringA() retval=00000018 ret=0040ed42
1387492.913:00ec:00f0:Call KERNEL32.GetPrivateProfileStringA(004c07cc "DIALOGS",0022f1fc "272",004e749c "",0022f23c,00000400,0022f21c "IAM\\DIALOGS.TAG") ret=0040ed42
1387492.914:00ec:00f0:Ret  KERNEL32.GetPrivateProfileStringA() retval=0000000d ret=0040ed42
1387597.337:00ec:00f0:Call KERNEL32.GetPrivateProfileStringA(004c0898 "CAMERAS",0022f1f8 "2148",004e749c "",0022f238,00000400,0022f218 "IAM\\CAMERAS.TAG") ret=0040ed42
1387597.338:00ec:00f0:Ret  KERNEL32.GetPrivateProfileStringA() retval=00000018 ret=0040ed42
1387597.338:00ec:00f0:Call KERNEL32.GetPrivateProfileStringA(004c0898 "CAMERAS",0022f1f8 "2152",004e749c "",0022f238,00000400,0022f218 "IAM\\CAMERAS.TAG") ret=0040ed42
1387597.338:00ec:00f0:Ret  KERNEL32.GetPrivateProfileStringA() retval=0000001c ret=0040ed42
1387599.244:00ec:00f0:Call KERNEL32.GetPrivateProfileStringA(004c08a0 "CAMERAS",0022f1f0 "2152",004e749c "",0022f230,00000400,0022f210 "IAM\\CAMERAS.TAG") ret=0040ed42
1387599.244:00ec:00f0:Ret  KERNEL32.GetPrivateProfileStringA() retval=0000001c ret=0040ed42
1387599.244:00ec:00f0:Call KERNEL32.GetPrivateProfileStringA(004c0898 "CAMERAS",0022f1f8 "2153",004e749c "",0022f238,00000400,0022f218 "IAM\\CAMERAS.TAG") ret=0040ed42
1387599.244:00ec:00f0:Ret  KERNEL32.GetPrivateProfileStringA() retval=00000014 ret=0040ed42
1387599.244:00ec:00f0:Call KERNEL32.GetPrivateProfileStringA(004c08a0 "CAMERAS",0022f1f0 "2154",004e749c "",0022f230,00000400,0022f210 "IAM\\CAMERAS.TAG") ret=0040ed42
1387599.245:00ec:00f0:Ret  KERNEL32.GetPrivateProfileStringA() retval=00000014 ret=0040ed42
1387605.670:00ec:00f0:Call KERNEL32.GetPrivateProfileStringA(004c08a0 "CAMERAS",0022f1f0 "2158",004e749c "",0022f230,00000400,0022f210 "IAM\\CAMERAS.TAG") ret=0040ed42
1387605.671:00ec:00f0:Ret  KERNEL32.GetPrivateProfileStringA() retval=00000015 ret=0040ed42
1387606.587:00ec:00f0:Call KERNEL32.GetPrivateProfileStringA(004c0790 "AREAS",0022f1f4 "222",004e749c "",0022f234,00000400,0022f214 "IAM\\AREAS.TAG") ret=0040ed42
1387606.594:00ec:00f0:Ret  KERNEL32.GetPrivateProfileStringA() retval=0000000f ret=0040ed42
1387606.642:00ec:00f0:Call KERNEL32.GetPrivateProfileStringA(004c07e8 "SCENES",0022f1f0 "55",004e749c "",0022f230,00000400,0022f210 "IAM\\SCENES.TAG") ret=0040ed42
1387606.645:00ec:00f0:Ret  KERNEL32.GetPrivateProfileStringA() retval=0000000c ret=0040ed42
1387606.650:00ec:00f0:Call KERNEL32.GetPrivateProfileStringA(004c07f0 "ADDRESSES",0022f1fc "654",004e749c "",0022f23c,00000400,0022f21c "IAM\\ADDRESSES.TAG") ret=0040ed42
1387606.651:00ec:00f0:Ret  KERNEL32.GetPrivateProfileStringA() retval=0000000d ret=0040ed42
1387606.651:00ec:00f0:Call KERNEL32.GetPrivateProfileStringA(004c0798 "AREAS",0022f1fc "118",004e749c "",0022f23c,00000400,0022f21c "IAM\\AREAS.TAG") ret=0040ed42
1387606.651:00ec:00f0:Ret  KERNEL32.GetPrivateProfileStringA() retval=00000012 ret=0040ed42
1387606.651:00ec:00f0:Call KERNEL32.GetPrivateProfileStringA(004c06c4 "VARIABLES",0022f1fc "626",004e749c "",0022f23c,00000400,0022f21c "IAM\\VARIABLES.TAG") ret=0040ed42
1387606.652:00ec:00f0:Ret  KERNEL32.GetPrivateProfileStringA() retval=00000010 ret=0040ed42
1387606.657:00ec:00f0:Call KERNEL32.GetPrivateProfileStringA(004c082c "ADDRESSES",0022f1fc "0",004e749c "",0022f23c,00000400,0022f21c "IAM\\ADDRESSES.TAG") ret=0040ed42
1387606.657:00ec:00f0:Ret  KERNEL32.GetPrivateProfileStringA() retval=0000001e ret=0040ed42
1387606.657:00ec:00f0:Call KERNEL32.GetPrivateProfileStringA(004c0c10 "OBJECTS",0022f1f8 "314",004e749c "",0022f238,00000400,0022f218 "IAM\\OBJECTS.TAG") ret=0040ed42
1387606.657:00ec:00f0:Ret  KERNEL32.GetPrivateProfileStringA() retval=0000000e ret=0040ed42
1387623.105:00ec:00f0:Call KERNEL32.GetPrivateProfileStringA(004c0844 "OBJECTS",0022f0f4 "142",004e749c "",0022f134,00000400,0022f114 "IAM\\OBJECTS.TAG") ret=0040ed42
1387623.106:00ec:00f0:Ret  KERNEL32.GetPrivateProfileStringA() retval=00000014 ret=0040ed42
1387628.880:00ec:00f0:Call KERNEL32.GetPrivateProfileStringA(004c06d8 "VARIABLES",0022f200 "60",004e749c "",0022f240,00000400,0022f220 "IAM\\VARIABLES.TAG") ret=0040ed42
1387628.881:00ec:00f0:Ret  KERNEL32.GetPrivateProfileStringA() retval=00000007 ret=0040ed42
1387628.881:00ec:00f0:Call KERNEL32.GetPrivateProfileStringA(004c0878 "VARIABLES",0022f1e4 "60",004e749c "",0022f224,00000400,0022f204 "IAM\\VARIABLES.TAG") ret=0040ed42
1387628.881:00ec:00f0:Ret  KERNEL32.GetPrivateProfileStringA() retval=00000007 ret=0040ed42
1387628.881:00ec:00f0:Call KERNEL32.GetPrivateProfileStringA(004c06d8 "VARIABLES",0022f200 "37",004e749c "",0022f240,00000400,0022f220 "IAM\\VARIABLES.TAG") ret=0040ed42
1387628.881:00ec:00f0:Ret  KERNEL32.GetPrivateProfileStringA() retval=00000006 ret=0040ed42
1387628.881:00ec:00f0:Call KERNEL32.GetPrivateProfileStringA(004c0878 "VARIABLES",0022f1e4 "37",004e749c "",0022f224,00000400,0022f204 "IAM\\VARIABLES.TAG") ret=0040ed42
1387628.881:00ec:00f0:Ret  KERNEL32.GetPrivateProfileStringA() retval=00000006 ret=0040ed42
1387628.881:00ec:00f0:Call KERNEL32.GetPrivateProfileStringA(004c06d8 "VARIABLES",0022f200 "629",004e749c "",0022f240,00000400,0022f220 "IAM\\VARIABLES.TAG") ret=0040ed42
1387628.881:00ec:00f0:Ret  KERNEL32.GetPrivateProfileStringA() retval=00000003 ret=0040ed42
1387628.881:00ec:00f0:Call KERNEL32.GetPrivateProfileStringA(004c06c4 "VARIABLES",0022f1fc "629",004e749c "",0022f23c,00000400,0022f21c "IAM\\VARIABLES.TAG") ret=0040ed42
1387628.882:00ec:00f0:Ret  KERNEL32.GetPrivateProfileStringA() retval=00000003 ret=0040ed42
1387628.882:00ec:00f0:Call KERNEL32.GetPrivateProfileStringA(004c07d8 "ZONES",0022f1fc "3795",004e749c "",0022f23c,00000400,0022f21c "IAM\\ZONES.TAG") ret=0040ed42
1387628.883:00ec:00f0:Ret  KERNEL32.GetPrivateProfileStringA() retval=00000000 ret=0040ed42
1387628.883:00ec:00f0:Call KERNEL32.GetPrivateProfileStringA(004c0740 "VARIABLES",0022f1f8 "629",004e749c "",0022f238,00000400,0022f218 "IAM\\VARIABLES.TAG") ret=0040ed42
1387628.883:00ec:00f0:Ret  KERNEL32.GetPrivateProfileStringA() retval=00000003 ret=0040ed42
1387628.883:00ec:00f0:Call KERNEL32.GetPrivateProfileStringA(004c0878 "VARIABLES",0022f1e4 "629",004e749c "",0022f224,00000400,0022f204 "IAM\\VARIABLES.TAG") ret=0040ed42
1387628.883:00ec:00f0:Ret  KERNEL32.GetPrivateProfileStringA() retval=00000003 ret=0040ed42
1387647.714:00ec:00f0:Call KERNEL32.GetPrivateProfileStringA(004c0844 "OBJECTS",0022f0f4 "141",004e749c "",0022f134,00000400,0022f114 "IAM\\OBJECTS.TAG") ret=0040ed42
1387647.716:00ec:00f0:Ret  KERNEL32.GetPrivateProfileStringA() retval=00000012 ret=0040ed42
1387676.613:00ec:00f0:Call KERNEL32.GetPrivateProfileStringA(004c06e4 "VARIABLES",0022f200 "626",004e749c "",0022f240,00000400,0022f220 "IAM\\VARIABLES.TAG") ret=0040ed42
1387676.616:00ec:00f0:Ret  KERNEL32.GetPrivateProfileStringA() retval=00000010 ret=0040ed42
1387676.616:00ec:00f0:Call KERNEL32.GetPrivateProfileStringA(004c0898 "CAMERAS",0022f1f8 "0",004e749c "",0022f238,00000400,0022f218 "IAM\\CAMERAS.TAG") ret=0040ed42
1387676.617:00ec:00f0:Ret  KERNEL32.GetPrivateProfileStringA() retval=0000000d ret=0040ed42
1387676.617:00ec:00f0:Call KERNEL32.GetPrivateProfileStringA(004c0844 "OBJECTS",0022f0f4 "404",004e749c "",0022f134,00000400,0022f114 "IAM\\OBJECTS.TAG") ret=0040ed42
1387676.617:00ec:00f0:Ret  KERNEL32.GetPrivateProfileStringA() retval=00000008 ret=0040ed42
1387676.618:00ec:00f0:Call KERNEL32.GetPrivateProfileStringA(004c0c38 "OBJECTS",0022f1f8 "162",004e749c "",0022f238,00000400,0022f218 "IAM\\OBJECTS.TAG") ret=0040ed42
1387676.619:00ec:00f0:Ret  KERNEL32.GetPrivateProfileStringA() retval=00000009 ret=0040ed42
1387676.619:00ec:00f0:Call KERNEL32.GetPrivateProfileStringA(004c07e8 "SCENES",0022f1f0 "57",004e749c "",0022f230,00000400,0022f210 "IAM\\SCENES.TAG") ret=0040ed42
1387676.619:00ec:00f0:Ret  KERNEL32.GetPrivateProfileStringA() retval=0000001a ret=0040ed42
1387676.619:00ec:00f0:Call KERNEL32.GetPrivateProfileStringA(004c082c "ADDRESSES",0022f1fc "0",004e749c "",0022f23c,00000400,0022f21c "IAM\\ADDRESSES.TAG") ret=0040ed42
1387676.619:00ec:00f0:Ret  KERNEL32.GetPrivateProfileStringA() retval=0000001e ret=0040ed42
1387676.619:00ec:00f0:Call KERNEL32.GetPrivateProfileStringA(004c06e4 "VARIABLES",0022f200 "61",004e749c "",0022f240,00000400,0022f220 "IAM\\VARIABLES.TAG") ret=0040ed42
1387676.619:00ec:00f0:Ret  KERNEL32.GetPrivateProfileStringA() retval=0000000d ret=0040ed42
1387676.619:00ec:00f0:Call KERNEL32.GetPrivateProfileStringA(004c06e4 "VARIABLES",0022f200 "67",004e749c "",0022f240,00000400,0022f220 "IAM\\VARIABLES.TAG") ret=0040ed42
1387676.619:00ec:00f0:Ret  KERNEL32.GetPrivateProfileStringA() retval=00000015 ret=0040ed42
1387676.619:00ec:00f0:Call KERNEL32.GetPrivateProfileStringA(004c06e4 "VARIABLES",0022f200 "84",004e749c "",0022f240,00000400,0022f220 "IAM\\VARIABLES.TAG") ret=0040ed42
1387676.619:00ec:00f0:Ret  KERNEL32.GetPrivateProfileStringA() retval=00000018 ret=0040ed42
1387676.619:00ec:00f0:Call KERNEL32.GetPrivateProfileStringA(004c06e4 "VARIABLES",0022f200 "85",004e749c "",0022f240,00000400,0022f220 "IAM\\VARIABLES.TAG") ret=0040ed42
1387676.619:00ec:00f0:Ret  KERNEL32.GetPrivateProfileStringA() retval=00000014 ret=0040ed42
1387676.619:00ec:00f0:Call KERNEL32.GetPrivateProfileStringA(004c06e4 "VARIABLES",0022f200 "86",004e749c "",0022f240,00000400,0022f220 "IAM\\VARIABLES.TAG") ret=0040ed42
1387676.620:00ec:00f0:Ret  KERNEL32.GetPrivateProfileStringA() retval=00000014 ret=0040ed42
1387681.552:00ec:00f0:Call KERNEL32.GetPrivateProfileStringA(004c0844 "OBJECTS",0022f0f4 "410",004e749c "",0022f134,00000400,0022f114 "IAM\\OBJECTS.TAG") ret=0040ed42
1387681.553:00ec:00f0:Ret  KERNEL32.GetPrivateProfileStringA() retval=00000008 ret=0040ed42
1387681.554:00ec:00f0:Call KERNEL32.GetPrivateProfileStringA(004c07e0 "ZONES",0022f1fc "3803",004e749c "",0022f23c,00000400,0022f21c "IAM\\ZONES.TAG") ret=0040ed42
1387681.555:00ec:00f0:Ret  KERNEL32.GetPrivateProfileStringA() retval=00000000 ret=0040ed42
1387681.708:00ec:00f0:Call KERNEL32.GetPrivateProfileStringA(004c0790 "AREAS",0022f1f4 "142",004e749c "",0022f234,00000400,0022f214 "IAM\\AREAS.TAG") ret=0040ed42
1387681.710:00ec:00f0:Ret  KERNEL32.GetPrivateProfileStringA() retval=00000013 ret=0040ed42
1387685.941:00ec:00f0:Call KERNEL32.GetPrivateProfileStringA(004c07d8 "ZONES",0022f1fc "3796",004e749c "",0022f23c,00000400,0022f21c "IAM\\ZONES.TAG") ret=0040ed42
1387685.944:00ec:00f0:Ret  KERNEL32.GetPrivateProfileStringA() retval=00000000 ret=0040ed42
1387689.657:00ec:00f0:Call KERNEL32.GetPrivateProfileStringA(004c07f0 "ADDRESSES",0022f1fc "653",004e749c "",0022f23c,00000400,0022f21c "IAM\\ADDRESSES.TAG") ret=0040ed42
1387689.666:00ec:00f0:Ret  KERNEL32.GetPrivateProfileStringA() retval=00000008 ret=0040ed42
1387689.666:00ec:00f0:Call KERNEL32.GetPrivateProfileStringA(004c0898 "CAMERAS",0022f1f8 "4290",004e749c "",0022f238,00000400,0022f218 "IAM\\CAMERAS.TAG") ret=0040ed42
1387689.666:00ec:00f0:Ret  KERNEL32.GetPrivateProfileStringA() retval=00000000 ret=0040ed42
1387689.666:00ec:00f0:Call KERNEL32.GetPrivateProfileStringA(004c0844 "OBJECTS",0022f0f4 "405",004e749c "",0022f134,00000400,0022f114 "IAM\\OBJECTS.TAG") ret=0040ed42
1387689.667:00ec:00f0:Ret  KERNEL32.GetPrivateProfileStringA() retval=00000008 ret=0040ed42
1387689.668:00ec:00f0:Call KERNEL32.GetPrivateProfileStringA(004c08a0 "CAMERAS",0022f1f0 "4291",004e749c "",0022f230,00000400,0022f210 "IAM\\CAMERAS.TAG") ret=0040ed42
1387689.668:00ec:00f0:Ret  KERNEL32.GetPrivateProfileStringA() retval=00000000 ret=0040ed42
1387689.677:00ec:00f0:Call KERNEL32.GetPrivateProfileStringA(004c07d8 "ZONES",0022f1fc "3796",004e749c "",0022f23c,00000400,0022f21c "IAM\\ZONES.TAG") ret=0040ed42
1387689.678:00ec:00f0:Ret  KERNEL32.GetPrivateProfileStringA() retval=00000000 ret=0040ed42
1387694.967:00ec:00f0:Call KERNEL32.GetPrivateProfileStringA(004c0844 "OBJECTS",0022f0f4 "406",004e749c "",0022f134,00000400,0022f114 "IAM\\OBJECTS.TAG") ret=0040ed42
1387694.969:00ec:00f0:Ret  KERNEL32.GetPrivateProfileStringA() retval=00000008 ret=0040ed42
1387694.971:00ec:00f0:Call KERNEL32.GetPrivateProfileStringA(004c08a0 "CAMERAS",0022f1f0 "4292",004e749c "",0022f230,00000400,0022f210 "IAM\\CAMERAS.TAG") ret=0040ed42
1387694.972:00ec:00f0:Ret  KERNEL32.GetPrivateProfileStringA() retval=00000000 ret=0040ed42
1387699.233:00ec:00f0:Call KERNEL32.GetPrivateProfileStringA(004c0898 "CAMERAS",0022f1f8 "0",004e749c "",0022f238,00000400,0022f218 "IAM\\CAMERAS.TAG") ret=0040ed42
1387699.236:00ec:00f0:Ret  KERNEL32.GetPrivateProfileStringA() retval=0000000d ret=0040ed42
1387699.236:00ec:00f0:Call KERNEL32.GetPrivateProfileStringA(004c07e0 "ZONES",0022f1fc "3795",004e749c "",0022f23c,00000400,0022f21c "IAM\\ZONES.TAG") ret=0040ed42
1387699.236:00ec:00f0:Ret  KERNEL32.GetPrivateProfileStringA() retval=00000000 ret=0040ed42
1387707.847:00ec:00f0:Call KERNEL32.GetPrivateProfileStringA(004c07e0 "ZONES",0022f1fc "3794",004e749c "",0022f23c,00000400,0022f21c "IAM\\ZONES.TAG") ret=0040ed42
1387707.849:00ec:00f0:Ret  KERNEL32.GetPrivateProfileStringA() retval=00000000 ret=0040ed42
1387707.849:00ec:00f0:Call KERNEL32.GetPrivateProfileStringA(004c07e0 "ZONES",0022f1fc "3792",004e749c "",0022f23c,00000400,0022f21c "IAM\\ZONES.TAG") ret=0040ed42
1387707.849:00ec:00f0:Ret  KERNEL32.GetPrivateProfileStringA() retval=00000000 ret=0040ed42
1387707.849:00ec:00f0:Call KERNEL32.GetPrivateProfileStringA(004c07e0 "ZONES",0022f1fc "3795",004e749c "",0022f23c,00000400,0022f21c "IAM\\ZONES.TAG") ret=0040ed42
1387707.849:00ec:00f0:Ret  KERNEL32.GetPrivateProfileStringA() retval=00000000 ret=0040ed42
1387709.757:00ec:00f0:Call KERNEL32.GetPrivateProfileStringA(004c0790 "AREAS",0022f1f4 "222",004e749c "",0022f234,00000400,0022f214 "IAM\\AREAS.TAG") ret=0040ed42
1387709.758:00ec:00f0:Ret  KERNEL32.GetPrivateProfileStringA() retval=0000000f ret=0040ed42
1387710.841:00ec:00f0:Call KERNEL32.GetPrivateProfileStringA(004c0790 "AREAS",0022f1f4 "0",004e749c "",0022f234,00000400,0022f214 "IAM\\AREAS.TAG") ret=0040ed42
1387710.843:00ec:00f0:Ret  KERNEL32.GetPrivateProfileStringA() retval=00000007 ret=0040ed42
1387711.062:00ec:00f0:Call KERNEL32.GetPrivateProfileStringA(004c082c "ADDRESSES",0022f1fc "1",004e749c "",0022f23c,00000400,0022f21c "IAM\\ADDRESSES.TAG") ret=0040ed42
1387711.063:00ec:00f0:Ret  KERNEL32.GetPrivateProfileStringA() retval=0000001a ret=0040ed42
1387711.063:00ec:00f0:Call KERNEL32.GetPrivateProfileStringA(004c082c "ADDRESSES",0022f1fc "335",004e749c "",0022f23c,00000400,0022f21c "IAM\\ADDRESSES.TAG") ret=0040ed42
1387711.063:00ec:00f0:Ret  KERNEL32.GetPrivateProfileStringA() retval=0000001a ret=0040ed42
1387711.063:00ec:00f0:Call KERNEL32.GetPrivateProfileStringA(004c06d8 "VARIABLES",0022f200 "224",004e749c "",0022f240,00000400,0022f220 "IAM\\VARIABLES.TAG") ret=0040ed42
1387711.064:00ec:00f0:Ret  KERNEL32.GetPrivateProfileStringA() retval=0000000e ret=0040ed42
1387716.239:00ec:00f0:Call KERNEL32.GetPrivateProfileStringA(004c06c4 "VARIABLES",0022f1fc "61",004e749c "",0022f23c,00000400,0022f21c "IAM\\VARIABLES.TAG") ret=0040ed42
1387716.241:00ec:00f0:Ret  KERNEL32.GetPrivateProfileStringA() retval=0000000d ret=0040ed42
1387716.241:00ec:00f0:Call KERNEL32.GetPrivateProfileStringA(004c07e0 "ZONES",0022f1fc "55",004e749c "",0022f23c,00000400,0022f21c "IAM\\ZONES.TAG") ret=0040ed42
1387716.241:00ec:00f0:Ret  KERNEL32.GetPrivateProfileStringA() retval=00000011 ret=0040ed42
1387716.241:00ec:00f0:Call KERNEL32.GetPrivateProfileStringA(004c07d8 "ZONES",0022f1fc "78",004e749c "",0022f23c,00000400,0022f21c "IAM\\ZONES.TAG") ret=0040ed42
1387716.243:00ec:00f0:Ret  KERNEL32.GetPrivateProfileStringA() retval=00000013 ret=0040ed42
1387722.700:00ec:00f0:Call KERNEL32.GetPrivateProfileStringA(004c0790 "AREAS",0022f1f4 "142",004e749c "",0022f234,00000400,0022f214 "IAM\\AREAS.TAG") ret=0040ed42
1387722.701:00ec:00f0:Ret  KERNEL32.GetPrivateProfileStringA() retval=00000013 ret=0040ed42
1387725.011:00ec:00f0:Call KERNEL32.GetPrivateProfileStringA(004c06c4 "VARIABLES",0022f1fc "130",004e749c "",0022f23c,00000400,0022f21c "IAM\\VARIABLES.TAG") ret=0040ed42
1387725.012:00ec:00f0:Ret  KERNEL32.GetPrivateProfileStringA() retval=00000003 ret=0040ed42
1387725.012:00ec:00f0:Call KERNEL32.GetPrivateProfileStringA(004c07e0 "ZONES",0022f1fc "78",004e749c "",0022f23c,00000400,0022f21c "IAM\\ZONES.TAG") ret=0040ed42
1387725.012:00ec:00f0:Ret  KERNEL32.GetPrivateProfileStringA() retval=00000013 ret=0040ed42
1387725.012:00ec:00f0:Call KERNEL32.GetPrivateProfileStringA(004c06d8 "VARIABLES",0022f200 "132",004e749c "",0022f240,00000400,0022f220 "IAM\\VARIABLES.TAG") ret=0040ed42
1387725.014:00ec:00f0:Ret  KERNEL32.GetPrivateProfileStringA() retval=00000007 ret=0040ed42
1387725.014:00ec:00f0:Call KERNEL32.GetPrivateProfileStringA(004c06d8 "VARIABLES",0022f200 "61",004e749c "",0022f240,00000400,0022f220 "IAM\\VARIABLES.TAG") ret=0040ed42
1387725.014:00ec:00f0:Ret  KERNEL32.GetPrivateProfileStringA() retval=0000000d ret=0040ed42
1387725.021:00ec:00f0:Call KERNEL32.GetPrivateProfileStringA(004c0898 "CAMERAS",0022f1f8 "151",004e749c "",0022f238,00000400,0022f218 "IAM\\CAMERAS.TAG") ret=0040ed42
1387725.022:00ec:00f0:Ret  KERNEL32.GetPrivateProfileStringA() retval=00000012 ret=0040ed42
1387725.022:00ec:00f0:Call KERNEL32.GetPrivateProfileStringA(004c07f0 "ADDRESSES",0022f1fc "24",004e749c "",0022f23c,00000400,0022f21c "IAM\\ADDRESSES.TAG") ret=0040ed42
1387725.022:00ec:00f0:Ret  KERNEL32.GetPrivateProfileStringA() retval=00000015 ret=0040ed42
1387725.022:00ec:00f0:Call KERNEL32.GetPrivateProfileStringA(004c08a0 "CAMERAS",0022f1f0 "152",004e749c "",0022f230,00000400,0022f210 "IAM\\CAMERAS.TAG") ret=0040ed42
1387725.023:00ec:00f0:Ret  KERNEL32.GetPrivateProfileStringA() retval=00000012 ret=0040ed42
1387728.798:00ec:00f0:Call KERNEL32.GetPrivateProfileStringA(004c0898 "CAMERAS",0022f1f8 "120",004e749c "",0022f238,00000400,0022f218 "IAM\\CAMERAS.TAG") ret=0040ed42
1387728.798:00ec:00f0:Ret  KERNEL32.GetPrivateProfileStringA() retval=00000013 ret=0040ed42
1387728.798:00ec:00f0:Call KERNEL32.GetPrivateProfileStringA(004c08a0 "CAMERAS",0022f1f0 "121",004e749c "",0022f230,00000400,0022f210 "IAM\\CAMERAS.TAG") ret=0040ed42
1387728.799:00ec:00f0:Ret  KERNEL32.GetPrivateProfileStringA() retval=00000013 ret=0040ed42
1387738.030:00ec:00f0:Call KERNEL32.GetPrivateProfileStringA(004c0898 "CAMERAS",0022f1f8 "149",004e749c "",0022f238,00000400,0022f218 "IAM\\CAMERAS.TAG") ret=0040ed42
1387738.031:00ec:00f0:Ret  KERNEL32.GetPrivateProfileStringA() retval=00000018 ret=0040ed42
1387738.031:00ec:00f0:Call KERNEL32.GetPrivateProfileStringA(004c0844 "OBJECTS",0022f0f4 "741",004e749c "",0022f134,00000400,0022f114 "IAM\\OBJECTS.TAG") ret=0040ed42
1387738.031:00ec:00f0:Ret  KERNEL32.GetPrivateProfileStringA() retval=0000000e ret=0040ed42
1387738.032:00ec:00f0:Call KERNEL32.GetPrivateProfileStringA(004c08a0 "CAMERAS",0022f1f0 "150",004e749c "",0022f230,00000400,0022f210 "IAM\\CAMERAS.TAG") ret=0040ed42
1387738.033:00ec:00f0:Ret  KERNEL32.GetPrivateProfileStringA() retval=00000018 ret=0040ed42
1387744.519:00ec:00f0:Call KERNEL32.GetPrivateProfileStringA(004c0898 "CAMERAS",0022f1f8 "145",004e749c "",0022f238,00000400,0022f218 "IAM\\CAMERAS.TAG") ret=0040ed42
1387744.520:00ec:00f0:Ret  KERNEL32.GetPrivateProfileStringA() retval=00000016 ret=0040ed42
1387744.520:00ec:00f0:Call KERNEL32.GetPrivateProfileStringA(004c0844 "OBJECTS",0022f0f4 "742",004e749c "",0022f134,00000400,0022f114 "IAM\\OBJECTS.TAG") ret=0040ed42
1387744.520:00ec:00f0:Ret  KERNEL32.GetPrivateProfileStringA() retval=00000010 ret=0040ed42
1387744.521:00ec:00f0:Call KERNEL32.GetPrivateProfileStringA(004c08a0 "CAMERAS",0022f1f0 "146",004e749c "",0022f230,00000400,0022f210 "IAM\\CAMERAS.TAG") ret=0040ed42
1387744.521:00ec:00f0:Ret  KERNEL32.GetPrivateProfileStringA() retval=00000016 ret=0040ed42
1387751.047:00ec:00f0:Call KERNEL32.GetPrivateProfileStringA(004c0898 "CAMERAS",0022f1f8 "124",004e749c "",0022f238,00000400,0022f218 "IAM\\CAMERAS.TAG") ret=0040ed42
1387751.048:00ec:00f0:Ret  KERNEL32.GetPrivateProfileStringA() retval=00000015 ret=0040ed42
1387751.048:00ec:00f0:Call KERNEL32.GetPrivateProfileStringA(004c0844 "OBJECTS",0022f0f4 "716",004e749c "",0022f134,00000400,0022f114 "IAM\\OBJECTS.TAG") ret=0040ed42
1387751.048:00ec:00f0:Ret  KERNEL32.GetPrivateProfileStringA() retval=00000013 ret=0040ed42
1387751.049:00ec:00f0:Call KERNEL32.GetPrivateProfileStringA(004c08a0 "CAMERAS",0022f1f0 "125",004e749c "",0022f230,00000400,0022f210 "IAM\\CAMERAS.TAG") ret=0040ed42
1387751.049:00ec:00f0:Ret  KERNEL32.GetPrivateProfileStringA() retval=00000015 ret=0040ed42
1387760.994:00ec:00f0:Call KERNEL32.GetPrivateProfileStringA(004c0898 "CAMERAS",0022f1f8 "131",004e749c "",0022f238,00000400,0022f218 "IAM\\CAMERAS.TAG") ret=0040ed42
1387760.995:00ec:00f0:Ret  KERNEL32.GetPrivateProfileStringA() retval=0000001a ret=0040ed42
1387760.995:00ec:00f0:Call KERNEL32.GetPrivateProfileStringA(004c0844 "OBJECTS",0022f0f4 "715",004e749c "",0022f134,00000400,0022f114 "IAM\\OBJECTS.TAG") ret=0040ed42
1387760.995:00ec:00f0:Ret  KERNEL32.GetPrivateProfileStringA() retval=0000000e ret=0040ed42
1387760.998:00ec:00f0:Call KERNEL32.GetPrivateProfileStringA(004c08a0 "CAMERAS",0022f1f0 "132",004e749c "",0022f230,00000400,0022f210 "IAM\\CAMERAS.TAG") ret=0040ed42
1387760.999:00ec:00f0:Ret  KERNEL32.GetPrivateProfileStringA() retval=0000001a ret=0040ed42
1387770.288:00ec:00f0:Call KERNEL32.GetPrivateProfileStringA(004c0898 "CAMERAS",0022f1f8 "133",004e749c "",0022f238,00000400,0022f218 "IAM\\CAMERAS.TAG") ret=0040ed42
1387770.289:00ec:00f0:Ret  KERNEL32.GetPrivateProfileStringA() retval=00000016 ret=0040ed42
1387770.289:00ec:00f0:Call KERNEL32.GetPrivateProfileStringA(004c0844 "OBJECTS",0022f0f4 "717",004e749c "",0022f134,00000400,0022f114 "IAM\\OBJECTS.TAG") ret=0040ed42
1387770.290:00ec:00f0:Ret  KERNEL32.GetPrivateProfileStringA() retval=0000000d ret=0040ed42
1387770.290:00ec:00f0:Call KERNEL32.GetPrivateProfileStringA(004c08a0 "CAMERAS",0022f1f0 "134",004e749c "",0022f230,00000400,0022f210 "IAM\\CAMERAS.TAG") ret=0040ed42
1387770.291:00ec:00f0:Ret  KERNEL32.GetPrivateProfileStringA() retval=00000016 ret=0040ed42
1387777.131:00ec:00f0:Call KERNEL32.GetPrivateProfileStringA(004c0898 "CAMERAS",0022f1f8 "141",004e749c "",0022f238,00000400,0022f218 "IAM\\CAMERAS.TAG") ret=0040ed42
1387777.134:00ec:00f0:Ret  KERNEL32.GetPrivateProfileStringA() retval=00000019 ret=0040ed42
1387777.134:00ec:00f0:Call KERNEL32.GetPrivateProfileStringA(004c0844 "OBJECTS",0022f0f4 "718",004e749c "",0022f134,00000400,0022f114 "IAM\\OBJECTS.TAG") ret=0040ed42
1387777.134:00ec:00f0:Ret  KERNEL32.GetPrivateProfileStringA() retval=00000015 ret=0040ed42
1387777.135:00ec:00f0:Call KERNEL32.GetPrivateProfileStringA(004c08a0 "CAMERAS",0022f1f0 "142",004e749c "",0022f230,00000400,0022f210 "IAM\\CAMERAS.TAG") ret=0040ed42
1387777.135:00ec:00f0:Ret  KERNEL32.GetPrivateProfileStringA() retval=00000019 ret=0040ed42
1387784.153:00ec:00f0:Call KERNEL32.GetPrivateProfileStringA(004c0898 "CAMERAS",0022f1f8 "143",004e749c "",0022f238,00000400,0022f218 "IAM\\CAMERAS.TAG") ret=0040ed42
1387784.154:00ec:00f0:Ret  KERNEL32.GetPrivateProfileStringA() retval=00000019 ret=0040ed42
1387784.154:00ec:00f0:Call KERNEL32.GetPrivateProfileStringA(004c0844 "OBJECTS",0022f0f4 "719",004e749c "",0022f134,00000400,0022f114 "IAM\\OBJECTS.TAG") ret=0040ed42
1387784.154:00ec:00f0:Ret  KERNEL32.GetPrivateProfileStringA() retval=00000010 ret=0040ed42
1387784.155:00ec:00f0:Call KERNEL32.GetPrivateProfileStringA(004c08a0 "CAMERAS",0022f1f0 "144",004e749c "",0022f230,00000400,0022f210 "IAM\\CAMERAS.TAG") ret=0040ed42
1387784.155:00ec:00f0:Ret  KERNEL32.GetPrivateProfileStringA() retval=00000019 ret=0040ed42
1387788.287:00ec:00f0:Call KERNEL32.GetPrivateProfileStringA(004c0898 "CAMERAS",0022f1f8 "159",004e749c "",0022f238,00000400,0022f218 "IAM\\CAMERAS.TAG") ret=0040ed42
1387788.288:00ec:00f0:Ret  KERNEL32.GetPrivateProfileStringA() retval=00000012 ret=0040ed42
1387788.288:00ec:00f0:Call KERNEL32.GetPrivateProfileStringA(004c0844 "OBJECTS",0022f0f4 "720",004e749c "",0022f134,00000400,0022f114 "IAM\\OBJECTS.TAG") ret=0040ed42
1387788.288:00ec:00f0:Ret  KERNEL32.GetPrivateProfileStringA() retval=0000000e ret=0040ed42
1387788.288:00ec:00f0:Call KERNEL32.GetPrivateProfileStringA(004c08a0 "CAMERAS",0022f1f0 "160",004e749c "",0022f230,00000400,0022f210 "IAM\\CAMERAS.TAG") ret=0040ed42
1387788.289:00ec:00f0:Ret  KERNEL32.GetPrivateProfileStringA() retval=00000012 ret=0040ed42
1387797.180:00ec:00f0:Call KERNEL32.GetPrivateProfileStringA(004c0898 "CAMERAS",0022f1f8 "157",004e749c "",0022f238,00000400,0022f218 "IAM\\CAMERAS.TAG") ret=0040ed42
1387797.181:00ec:00f0:Ret  KERNEL32.GetPrivateProfileStringA() retval=00000012 ret=0040ed42
1387797.181:00ec:00f0:Call KERNEL32.GetPrivateProfileStringA(004c0844 "OBJECTS",0022f0f4 "740",004e749c "",0022f134,00000400,0022f114 "IAM\\OBJECTS.TAG") ret=0040ed42
1387797.181:00ec:00f0:Ret  KERNEL32.GetPrivateProfileStringA() retval=00000016 ret=0040ed42
1387797.181:00ec:00f0:Call KERNEL32.GetPrivateProfileStringA(004c08a0 "CAMERAS",0022f1f0 "158",004e749c "",0022f230,00000400,0022f210 "IAM\\CAMERAS.TAG") ret=0040ed42
1387797.182:00ec:00f0:Ret  KERNEL32.GetPrivateProfileStringA() retval=00000012 ret=0040ed42
1387802.277:00ec:00f0:Call KERNEL32.GetPrivateProfileStringA(004c0898 "CAMERAS",0022f1f8 "113",004e749c "",0022f238,00000400,0022f218 "IAM\\CAMERAS.TAG") ret=0040ed42
1387802.277:00ec:00f0:Ret  KERNEL32.GetPrivateProfileStringA() retval=0000001a ret=0040ed42
1387802.277:00ec:00f0:Call KERNEL32.GetPrivateProfileStringA(004c0844 "OBJECTS",0022f0f4 "744",004e749c "",0022f134,00000400,0022f114 "IAM\\OBJECTS.TAG") ret=0040ed42
1387802.277:00ec:00f0:Ret  KERNEL32.GetPrivateProfileStringA() retval=00000010 ret=0040ed42
1387802.278:00ec:00f0:Call KERNEL32.GetPrivateProfileStringA(004c08a0 "CAMERAS",0022f1f0 "114",004e749c "",0022f230,00000400,0022f210 "IAM\\CAMERAS.TAG") ret=0040ed42
1387802.278:00ec:00f0:Ret  KERNEL32.GetPrivateProfileStringA() retval=0000001a ret=0040ed42
1387810.463:00ec:00f0:Call KERNEL32.GetPrivateProfileStringA(004c0898 "CAMERAS",0022f1f8 "116",004e749c "",0022f238,00000400,0022f218 "IAM\\CAMERAS.TAG") ret=0040ed42
1387810.464:00ec:00f0:Ret  KERNEL32.GetPrivateProfileStringA() retval=0000001e ret=0040ed42
1387810.464:00ec:00f0:Call KERNEL32.GetPrivateProfileStringA(004c0844 "OBJECTS",0022f0f4 "739",004e749c "",0022f134,00000400,0022f114 "IAM\\OBJECTS.TAG") ret=0040ed42
1387810.465:00ec:00f0:Ret  KERNEL32.GetPrivateProfileStringA() retval=0000000e ret=0040ed42
1387810.465:00ec:00f0:Call KERNEL32.GetPrivateProfileStringA(004c08a0 "CAMERAS",0022f1f0 "117",004e749c "",0022f230,00000400,0022f210 "IAM\\CAMERAS.TAG") ret=0040ed42
1387810.466:00ec:00f0:Ret  KERNEL32.GetPrivateProfileStringA() retval=0000001e ret=0040ed42
1387815.737:00ec:00f0:Call KERNEL32.GetPrivateProfileStringA(004c0898 "CAMERAS",0022f1f8 "118",004e749c "",0022f238,00000400,0022f218 "IAM\\CAMERAS.TAG") ret=0040ed42
1387815.738:00ec:00f0:Ret  KERNEL32.GetPrivateProfileStringA() retval=00000017 ret=0040ed42
1387815.738:00ec:00f0:Call KERNEL32.GetPrivateProfileStringA(004c0844 "OBJECTS",0022f0f4 "749",004e749c "",0022f134,00000400,0022f114 "IAM\\OBJECTS.TAG") ret=0040ed42
1387815.738:00ec:00f0:Ret  KERNEL32.GetPrivateProfileStringA() retval=00000013 ret=0040ed42
1387815.739:00ec:00f0:Call KERNEL32.GetPrivateProfileStringA(004c08a0 "CAMERAS",0022f1f0 "119",004e749c "",0022f230,00000400,0022f210 "IAM\\CAMERAS.TAG") ret=0040ed42
1387815.739:00ec:00f0:Ret  KERNEL32.GetPrivateProfileStringA() retval=00000017 ret=0040ed42
1387820.509:00ec:00f0:Call KERNEL32.GetPrivateProfileStringA(004c0898 "CAMERAS",0022f1f8 "161",004e749c "",0022f238,00000400,0022f218 "IAM\\CAMERAS.TAG") ret=0040ed42
1387820.510:00ec:00f0:Ret  KERNEL32.GetPrivateProfileStringA() retval=00000015 ret=0040ed42
1387820.510:00ec:00f0:Call KERNEL32.GetPrivateProfileStringA(004c0844 "OBJECTS",0022f0f4 "746",004e749c "",0022f134,00000400,0022f114 "IAM\\OBJECTS.TAG") ret=0040ed42
1387820.510:00ec:00f0:Ret  KERNEL32.GetPrivateProfileStringA() retval=00000013 ret=0040ed42
1387820.510:00ec:00f0:Call KERNEL32.GetPrivateProfileStringA(004c08a0 "CAMERAS",0022f1f0 "162",004e749c "",0022f230,00000400,0022f210 "IAM\\CAMERAS.TAG") ret=0040ed42
1387820.511:00ec:00f0:Ret  KERNEL32.GetPrivateProfileStringA() retval=00000015 ret=0040ed42
1387824.953:00ec:00f0:Call KERNEL32.GetPrivateProfileStringA(004c0898 "CAMERAS",0022f1f8 "163",004e749c "",0022f238,00000400,0022f218 "IAM\\CAMERAS.TAG") ret=0040ed42
1387824.954:00ec:00f0:Ret  KERNEL32.GetPrivateProfileStringA() retval=00000017 ret=0040ed42
1387824.954:00ec:00f0:Call KERNEL32.GetPrivateProfileStringA(004c0844 "OBJECTS",0022f0f4 "745",004e749c "",0022f134,00000400,0022f114 "IAM\\OBJECTS.TAG") ret=0040ed42
1387824.954:00ec:00f0:Ret  KERNEL32.GetPrivateProfileStringA() retval=00000014 ret=0040ed42
1387824.954:00ec:00f0:Call KERNEL32.GetPrivateProfileStringA(004c08a0 "CAMERAS",0022f1f0 "164",004e749c "",0022f230,00000400,0022f210 "IAM\\CAMERAS.TAG") ret=0040ed42
1387824.954:00ec:00f0:Ret  KERNEL32.GetPrivateProfileStringA() retval=00000017 ret=0040ed42
1387829.793:00ec:00f0:Call KERNEL32.GetPrivateProfileStringA(004c0898 "CAMERAS",0022f1f8 "122",004e749c "",0022f238,00000400,0022f218 "IAM\\CAMERAS.TAG") ret=0040ed42
1387829.794:00ec:00f0:Ret  KERNEL32.GetPrivateProfileStringA() retval=0000001a ret=0040ed42
1387829.794:00ec:00f0:Call KERNEL32.GetPrivateProfileStringA(004c0844 "OBJECTS",0022f0f4 "748",004e749c "",0022f134,00000400,0022f114 "IAM\\OBJECTS.TAG") ret=0040ed42
1387829.794:00ec:00f0:Ret  KERNEL32.GetPrivateProfileStringA() retval=0000001a ret=0040ed42
1387829.795:00ec:00f0:Call KERNEL32.GetPrivateProfileStringA(004c08a0 "CAMERAS",0022f1f0 "123",004e749c "",0022f230,00000400,0022f210 "IAM\\CAMERAS.TAG") ret=0040ed42
1387829.795:00ec:00f0:Ret  KERNEL32.GetPrivateProfileStringA() retval=0000001a ret=0040ed42
1387835.335:00ec:00f0:Call KERNEL32.GetPrivateProfileStringA(004c0898 "CAMERAS",0022f1f8 "165",004e749c "",0022f238,00000400,0022f218 "IAM\\CAMERAS.TAG") ret=0040ed42
1387835.335:00ec:00f0:Ret  KERNEL32.GetPrivateProfileStringA() retval=00000012 ret=0040ed42
1387835.335:00ec:00f0:Call KERNEL32.GetPrivateProfileStringA(004c0844 "OBJECTS",0022f0f4 "751",004e749c "",0022f134,00000400,0022f114 "IAM\\OBJECTS.TAG") ret=0040ed42
1387835.336:00ec:00f0:Ret  KERNEL32.GetPrivateProfileStringA() retval=00000010 ret=0040ed42
1387835.337:00ec:00f0:Call KERNEL32.GetPrivateProfileStringA(004c08a0 "CAMERAS",0022f1f0 "166",004e749c "",0022f230,00000400,0022f210 "IAM\\CAMERAS.TAG") ret=0040ed42
1387835.337:00ec:00f0:Ret  KERNEL32.GetPrivateProfileStringA() retval=00000012 ret=0040ed42
1387841.510:00ec:00f0:Call KERNEL32.GetPrivateProfileStringA(004c0898 "CAMERAS",0022f1f8 "167",004e749c "",0022f238,00000400,0022f218 "IAM\\CAMERAS.TAG") ret=0040ed42
1387841.511:00ec:00f0:Ret  KERNEL32.GetPrivateProfileStringA() retval=00000012 ret=0040ed42
1387841.511:00ec:00f0:Call KERNEL32.GetPrivateProfileStringA(004c0844 "OBJECTS",0022f0f4 "750",004e749c "",0022f134,00000400,0022f114 "IAM\\OBJECTS.TAG") ret=0040ed42
1387841.512:00ec:00f0:Ret  KERNEL32.GetPrivateProfileStringA() retval=00000016 ret=0040ed42
1387841.512:00ec:00f0:Call KERNEL32.GetPrivateProfileStringA(004c08a0 "CAMERAS",0022f1f0 "168",004e749c "",0022f230,00000400,0022f210 "IAM\\CAMERAS.TAG") ret=0040ed42
1387841.512:00ec:00f0:Ret  KERNEL32.GetPrivateProfileStringA() retval=00000012 ret=0040ed42
1387847.708:00ec:00f0:Call KERNEL32.GetPrivateProfileStringA(004c0898 "CAMERAS",0022f1f8 "159",004e749c "",0022f238,00000400,0022f218 "IAM\\CAMERAS.TAG") ret=0040ed42
1387847.709:00ec:00f0:Ret  KERNEL32.GetPrivateProfileStringA() retval=00000012 ret=0040ed42
1387847.709:00ec:00f0:Call KERNEL32.GetPrivateProfileStringA(004c0844 "OBJECTS",0022f0f4 "747",004e749c "",0022f134,00000400,0022f114 "IAM\\OBJECTS.TAG") ret=0040ed42
1387847.709:00ec:00f0:Ret  KERNEL32.GetPrivateProfileStringA() retval=00000019 ret=0040ed42
1387847.709:00ec:00f0:Call KERNEL32.GetPrivateProfileStringA(004c08a0 "CAMERAS",0022f1f0 "160",004e749c "",0022f230,00000400,0022f210 "IAM\\CAMERAS.TAG") ret=0040ed42
1387847.710:00ec:00f0:Ret  KERNEL32.GetPrivateProfileStringA() retval=00000012 ret=0040ed42
1387856.611:00ec:00f0:Call KERNEL32.GetPrivateProfileStringA(004c0898 "CAMERAS",0022f1f8 "157",004e749c "",0022f238,00000400,0022f218 "IAM\\CAMERAS.TAG") ret=0040ed42
1387856.614:00ec:00f0:Ret  KERNEL32.GetPrivateProfileStringA() retval=00000012 ret=0040ed42
1387856.614:00ec:00f0:Call KERNEL32.GetPrivateProfileStringA(004c08a0 "CAMERAS",0022f1f0 "158",004e749c "",0022f230,00000400,0022f210 "IAM\\CAMERAS.TAG") ret=0040ed42
1387856.614:00ec:00f0:Ret  KERNEL32.GetPrivateProfileStringA() retval=00000012 ret=0040ed42
1387861.706:00ec:00f0:Call KERNEL32.GetPrivateProfileStringA(004c0898 "CAMERAS",0022f1f8 "124",004e749c "",0022f238,00000400,0022f218 "IAM\\CAMERAS.TAG") ret=0040ed42
1387861.713:00ec:00f0:Ret  KERNEL32.GetPrivateProfileStringA() retval=00000015 ret=0040ed42
1387861.713:00ec:00f0:Call KERNEL32.GetPrivateProfileStringA(004c0844 "OBJECTS",0022f0f4 "743",004e749c "",0022f134,00000400,0022f114 "IAM\\OBJECTS.TAG") ret=0040ed42
1387861.714:00ec:00f0:Ret  KERNEL32.GetPrivateProfileStringA() retval=00000014 ret=0040ed42
1387861.714:00ec:00f0:Call KERNEL32.GetPrivateProfileStringA(004c08a0 "CAMERAS",0022f1f0 "125",004e749c "",0022f230,00000400,0022f210 "IAM\\CAMERAS.TAG") ret=0040ed42
1387861.714:00ec:00f0:Ret  KERNEL32.GetPrivateProfileStringA() retval=00000015 ret=0040ed42
1387871.610:00ec:00f0:Call KERNEL32.GetPrivateProfileStringA(004c07f0 "ADDRESSES",0022f1fc "15",004e749c "",0022f23c,00000400,0022f21c "IAM\\ADDRESSES.TAG") ret=0040ed42
1387871.614:00ec:00f0:Ret  KERNEL32.GetPrivateProfileStringA() retval=0000000c ret=0040ed42
1387871.622:00ec:00f0:Call KERNEL32.GetPrivateProfileStringA(004c0898 "CAMERAS",0022f1f8 "92",004e749c "",0022f238,00000400,0022f218 "IAM\\CAMERAS.TAG") ret=0040ed42
1387871.623:00ec:00f0:Ret  KERNEL32.GetPrivateProfileStringA() retval=0000001c ret=0040ed42
1387871.623:00ec:00f0:Call KERNEL32.GetPrivateProfileStringA(004c08a0 "CAMERAS",0022f1f0 "0",004e749c "",0022f230,00000400,0022f210 "IAM\\CAMERAS.TAG") ret=0040ed42
1387871.623:00ec:00f0:Ret  KERNEL32.GetPrivateProfileStringA() retval=0000000d ret=0040ed42
1387874.698:00ec:00f0:Call KERNEL32.GetPrivateProfileStringA(004c0844 "OBJECTS",0022f0f4 "407",004e749c "",0022f134,00000400,0022f114 "IAM\\OBJECTS.TAG") ret=0040ed42
1387874.699:00ec:00f0:Ret  KERNEL32.GetPrivateProfileStringA() retval=00000008 ret=0040ed42
1387919.871:00ec:00f0:Call KERNEL32.GetPrivateProfileStringA(004c06c4 "VARIABLES",0022f1fc "65",004e749c "",0022f23c,00000400,0022f21c "IAM\\VARIABLES.TAG") ret=0040ed42
1387919.874:00ec:00f0:Ret  KERNEL32.GetPrivateProfileStringA() retval=0000000e ret=0040ed42
1387921.057:00ec:00f0:Call KERNEL32.GetPrivateProfileStringA(004c0790 "AREAS",0022f1f4 "229",004e749c "",0022f234,00000400,0022f214 "IAM\\AREAS.TAG") ret=0040ed42
1387921.058:00ec:00f0:Ret  KERNEL32.GetPrivateProfileStringA() retval=0000000f ret=0040ed42
1387922.417:00ec:00f0:Call KERNEL32.GetPrivateProfileStringA(004c07d8 "ZONES",0022f1fc "3894",004e749c "",0022f23c,00000400,0022f21c "IAM\\ZONES.TAG") ret=0040ed42
1387922.419:00ec:00f0:Ret  KERNEL32.GetPrivateProfileStringA() retval=00000000 ret=0040ed42
1387922.419:00ec:00f0:Call KERNEL32.GetPrivateProfileStringA(004c07d8 "ZONES",0022f1fc "3895",004e749c "",0022f23c,00000400,0022f21c "IAM\\ZONES.TAG") ret=0040ed42
1387922.421:00ec:00f0:Ret  KERNEL32.GetPrivateProfileStringA() retval=00000000 ret=0040ed42
1387922.500:00ec:00f0:Call KERNEL32.GetPrivateProfileStringA(004c0898 "CAMERAS",0022f1f8 "4360",004e749c "",0022f238,00000400,0022f218 "IAM\\CAMERAS.TAG") ret=0040ed42
1387922.501:00ec:00f0:Ret  KERNEL32.GetPrivateProfileStringA() retval=00000000 ret=0040ed42
1387922.501:00ec:00f0:Call KERNEL32.GetPrivateProfileStringA(004c07e0 "ZONES",0022f1fc "3894",004e749c "",0022f23c,00000400,0022f21c "IAM\\ZONES.TAG") ret=0040ed42
1387922.502:00ec:00f0:Ret  KERNEL32.GetPrivateProfileStringA() retval=00000000 ret=0040ed42
1387924.532:00ec:00f0:Call KERNEL32.GetPrivateProfileStringA(004c0898 "CAMERAS",0022f1f8 "6",004e749c "",0022f238,00000400,0022f218 "IAM\\CAMERAS.TAG") ret=0040ed42
1387924.533:00ec:00f0:Ret  KERNEL32.GetPrivateProfileStringA() retval=0000001b ret=0040ed42
1387924.533:00ec:00f0:Call KERNEL32.GetPrivateProfileStringA(004c07e0 "ZONES",0022f1fc "3895",004e749c "",0022f23c,00000400,0022f21c "IAM\\ZONES.TAG") ret=0040ed42
1387924.533:00ec:00f0:Ret  KERNEL32.GetPrivateProfileStringA() retval=00000000 ret=0040ed42
1387925.670:00ec:00f0:Call KERNEL32.GetPrivateProfileStringA(004c0898 "CAMERAS",0022f1f8 "6",004e749c "",0022f238,00000400,0022f218 "IAM\\CAMERAS.TAG") ret=0040ed42
1387925.672:00ec:00f0:Ret  KERNEL32.GetPrivateProfileStringA() retval=0000001b ret=0040ed42
1387925.672:00ec:00f0:Call KERNEL32.GetPrivateProfileStringA(004c07d8 "ZONES",0022f1fc "3900",004e749c "",0022f23c,00000400,0022f21c "IAM\\ZONES.TAG") ret=0040ed42
1387925.672:00ec:00f0:Ret  KERNEL32.GetPrivateProfileStringA() retval=00000000 ret=0040ed42
1387926.533:00ec:00f0:Call KERNEL32.GetPrivateProfileStringA(004c0898 "CAMERAS",0022f1f8 "4353",004e749c "",0022f238,00000400,0022f218 "IAM\\CAMERAS.TAG") ret=0040ed42
1387926.533:00ec:00f0:Ret  KERNEL32.GetPrivateProfileStringA() retval=00000000 ret=0040ed42
1387927.363:00ec:00f0:Call KERNEL32.GetPrivateProfileStringA(004c0898 "CAMERAS",0022f1f8 "4362",004e749c "",0022f238,00000400,0022f218 "IAM\\CAMERAS.TAG") ret=0040ed42
1387927.365:00ec:00f0:Ret  KERNEL32.GetPrivateProfileStringA() retval=00000000 ret=0040ed42
1387927.365:00ec:00f0:Call KERNEL32.GetPrivateProfileStringA(004c07e0 "ZONES",0022f1fc "3896",004e749c "",0022f23c,00000400,0022f21c "IAM\\ZONES.TAG") ret=0040ed42
1387927.365:00ec:00f0:Ret  KERNEL32.GetPrivateProfileStringA() retval=00000000 ret=0040ed42
1387927.367:00ec:00f0:Call KERNEL32.GetPrivateProfileStringA(004c06c4 "VARIABLES",0022f1fc "67",004e749c "",0022f23c,00000400,0022f21c "IAM\\VARIABLES.TAG") ret=0040ed42
1387927.368:00ec:00f0:Ret  KERNEL32.GetPrivateProfileStringA() retval=00000015 ret=0040ed42
1387927.368:00ec:00f0:Call KERNEL32.GetPrivateProfileStringA(004c0844 "OBJECTS",0022f0f4 "411",004e749c "",0022f134,00000400,0022f114 "IAM\\OBJECTS.TAG") ret=0040ed42
1387927.368:00ec:00f0:Ret  KERNEL32.GetPrivateProfileStringA() retval=00000008 ret=0040ed42
1387927.369:00ec:00f0:Call KERNEL32.GetPrivateProfileStringA(004c06d8 "VARIABLES",0022f200 "67",004e749c "",0022f240,00000400,0022f220 "IAM\\VARIABLES.TAG") ret=0040ed42
1387927.370:00ec:00f0:Ret  KERNEL32.GetPrivateProfileStringA() retval=00000015 ret=0040ed42
1387928.753:00ec:00f0:Call KERNEL32.GetPrivateProfileStringA(004c06c4 "VARIABLES",0022f1fc "51",004e749c "",0022f23c,00000400,0022f21c "IAM\\VARIABLES.TAG") ret=0040ed42
1387928.755:00ec:00f0:Ret  KERNEL32.GetPrivateProfileStringA() retval=00000011 ret=0040ed42
1387928.755:00ec:00f0:Call KERNEL32.GetPrivateProfileStringA(004c06c4 "VARIABLES",0022f1fc "635",004e749c "",0022f23c,00000400,0022f21c "IAM\\VARIABLES.TAG") ret=0040ed42
1387928.755:00ec:00f0:Ret  KERNEL32.GetPrivateProfileStringA() retval=00000012 ret=0040ed42
1387928.755:00ec:00f0:Call KERNEL32.GetPrivateProfileStringA(004c06c4 "VARIABLES",0022f1fc "13",004e749c "",0022f23c,00000400,0022f21c "IAM\\VARIABLES.TAG") ret=0040ed42
1387928.755:00ec:00f0:Ret  KERNEL32.GetPrivateProfileStringA() retval=0000000c ret=0040ed42
1387928.755:00ec:00f0:Call KERNEL32.GetPrivateProfileStringA(004c06c4 "VARIABLES",0022f1fc "13",004e749c "",0022f23c,00000400,0022f21c "IAM\\VARIABLES.TAG") ret=0040ed42
1387928.755:00ec:00f0:Ret  KERNEL32.GetPrivateProfileStringA() retval=0000000c ret=0040ed42
1387928.755:00ec:00f0:Call KERNEL32.GetPrivateProfileStringA(004c0844 "OBJECTS",0022f0f4 "170",004e749c "",0022f134,00000400,0022f114 "IAM\\OBJECTS.TAG") ret=0040ed42
1387928.756:00ec:00f0:Ret  KERNEL32.GetPrivateProfileStringA() retval=00000015 ret=0040ed42
1387936.829:00ec:00f0:Call KERNEL32.GetPrivateProfileStringA(004c06c4 "VARIABLES",0022f200 "51",004e749c "",0022f240,00000400,0022f220 "IAM\\VARIABLES.TAG") ret=0040ed42
1387936.829:00ec:00f0:Ret  KERNEL32.GetPrivateProfileStringA() retval=00000011 ret=0040ed42
1387936.829:00ec:00f0:Call KERNEL32.GetPrivateProfileStringA(004c06c4 "VARIABLES",0022f200 "635",004e749c "",0022f240,00000400,0022f220 "IAM\\VARIABLES.TAG") ret=0040ed42
1387936.829:00ec:00f0:Ret  KERNEL32.GetPrivateProfileStringA() retval=00000012 ret=0040ed42
1387936.829:00ec:00f0:Call KERNEL32.GetPrivateProfileStringA(004c06c4 "VARIABLES",0022f1fc "51",004e749c "",0022f23c,00000400,0022f21c "IAM\\VARIABLES.TAG") ret=0040ed42
1387936.829:00ec:00f0:Ret  KERNEL32.GetPrivateProfileStringA() retval=00000011 ret=0040ed42
1387936.829:00ec:00f0:Call KERNEL32.GetPrivateProfileStringA(004c06c4 "VARIABLES",0022f1fc "635",004e749c "",0022f23c,00000400,0022f21c "IAM\\VARIABLES.TAG") ret=0040ed42
1387936.830:00ec:00f0:Ret  KERNEL32.GetPrivateProfileStringA() retval=00000012 ret=0040ed42
1387936.830:00ec:00f0:Call KERNEL32.GetPrivateProfileStringA(004c06c4 "VARIABLES",0022f1fc "13",004e749c "",0022f23c,00000400,0022f21c "IAM\\VARIABLES.TAG") ret=0040ed42
1387936.830:00ec:00f0:Ret  KERNEL32.GetPrivateProfileStringA() retval=0000000c ret=0040ed42
1387937.872:00ec:00f0:Call KERNEL32.GetPrivateProfileStringA(004c0898 "CAMERAS",0022f1f8 "4354",004e749c "",0022f238,00000400,0022f218 "IAM\\CAMERAS.TAG") ret=0040ed42
1387937.873:00ec:00f0:Ret  KERNEL32.GetPrivateProfileStringA() retval=00000000 ret=0040ed42
1387939.120:00ec:00f0:Call KERNEL32.GetPrivateProfileStringA(004c07f0 "ADDRESSES",0022f1fc "663",004e749c "",0022f23c,00000400,0022f21c "IAM\\ADDRESSES.TAG") ret=0040ed42
1387939.121:00ec:00f0:Ret  KERNEL32.GetPrivateProfileStringA() retval=0000001b ret=0040ed42
1387939.121:00ec:00f0:Call KERNEL32.GetPrivateProfileStringA(004c07d8 "ZONES",0022f1fc "3896",004e749c "",0022f23c,00000400,0022f21c "IAM\\ZONES.TAG") ret=0040ed42
1387939.121:00ec:00f0:Ret  KERNEL32.GetPrivateProfileStringA() retval=00000000 ret=0040ed42
1387943.297:00ec:00f0:Call KERNEL32.GetPrivateProfileStringA(004c0790 "AREAS",0022f1f4 "237",004e749c "",0022f234,00000400,0022f214 "IAM\\AREAS.TAG") ret=0040ed42
1387943.299:00ec:00f0:Ret  KERNEL32.GetPrivateProfileStringA() retval=00000013 ret=0040ed42
1387943.396:00ec:00f0:Call KERNEL32.GetPrivateProfileStringA(004c06c4 "VARIABLES",0022f1fc "655",004e749c "",0022f23c,00000400,0022f21c "IAM\\VARIABLES.TAG") ret=0040ed42
1387943.401:00ec:00f0:Ret  KERNEL32.GetPrivateProfileStringA() retval=0000000b ret=0040ed42
1387943.401:00ec:00f0:Call KERNEL32.GetPrivateProfileStringA(004c07f0 "ADDRESSES",0022f1fc "677",004e749c "",0022f23c,00000400,0022f21c "IAM\\ADDRESSES.TAG") ret=0040ed42
1387943.401:00ec:00f0:Ret  KERNEL32.GetPrivateProfileStringA() retval=00000013 ret=0040ed42
1387943.403:00ec:00f0:Call KERNEL32.GetPrivateProfileStringA(004c07d8 "ZONES",0022f1fc "3892",004e749c "",0022f23c,00000400,0022f21c "IAM\\ZONES.TAG") ret=0040ed42
1387943.403:00ec:00f0:Ret  KERNEL32.GetPrivateProfileStringA() retval=00000000 ret=0040ed42
1387943.403:00ec:00f0:Call KERNEL32.GetPrivateProfileStringA(004c07d8 "ZONES",0022f1fc "3888",004e749c "",0022f23c,00000400,0022f21c "IAM\\ZONES.TAG") ret=0040ed42
1387943.404:00ec:00f0:Ret  KERNEL32.GetPrivateProfileStringA() retval=00000000 ret=0040ed42
1387943.404:00ec:00f0:Call KERNEL32.GetPrivateProfileStringA(004c06e4 "VARIABLES",0022f200 "635",004e749c "",0022f240,00000400,0022f220 "IAM\\VARIABLES.TAG") ret=0040ed42
1387943.405:00ec:00f0:Ret  KERNEL32.GetPrivateProfileStringA() retval=00000012 ret=0040ed42
1387943.405:00ec:00f0:Call KERNEL32.GetPrivateProfileStringA(004c0798 "AREAS",0022f1fc "229",004e749c "",0022f23c,00000400,0022f21c "IAM\\AREAS.TAG") ret=0040ed42
1387943.405:00ec:00f0:Ret  KERNEL32.GetPrivateProfileStringA() retval=0000000f ret=0040ed42
1387943.405:00ec:00f0:Call KERNEL32.GetPrivateProfileStringA(004c06c4 "VARIABLES",0022f1fc "661",004e749c "",0022f23c,00000400,0022f21c "IAM\\VARIABLES.TAG") ret=0040ed42
1387943.407:00ec:00f0:Ret  KERNEL32.GetPrivateProfileStringA() retval=00000009 ret=0040ed42
1387943.407:00ec:00f0:Call KERNEL32.GetPrivateProfileStringA(004c06c4 "VARIABLES",0022f1fc "662",004e749c "",0022f23c,00000400,0022f21c "IAM\\VARIABLES.TAG") ret=0040ed42
1387943.407:00ec:00f0:Ret  KERNEL32.GetPrivateProfileStringA() retval=0000000c ret=0040ed42
1387943.410:00ec:00f0:Call KERNEL32.GetPrivateProfileStringA(004c07d8 "ZONES",0022f1fc "3896",004e749c "",0022f23c,00000400,0022f21c "IAM\\ZONES.TAG") ret=0040ed42
1387943.411:00ec:00f0:Ret  KERNEL32.GetPrivateProfileStringA() retval=00000000 ret=0040ed42
1387943.411:00ec:00f0:Call KERNEL32.GetPrivateProfileStringA(004c07d8 "ZONES",0022f1fc "4049",004e749c "",0022f23c,00000400,0022f21c "IAM\\ZONES.TAG") ret=0040ed42
1387943.412:00ec:00f0:Ret  KERNEL32.GetPrivateProfileStringA() retval=00000000 ret=0040ed42
1387943.412:00ec:00f0:Call KERNEL32.GetPrivateProfileStringA(004c0898 "CAMERAS",0022f1f8 "4417",004e749c "",0022f238,00000400,0022f218 "IAM\\CAMERAS.TAG") ret=0040ed42
1387943.413:00ec:00f0:Ret  KERNEL32.GetPrivateProfileStringA() retval=00000000 ret=0040ed42
1387944.651:00ec:00f0:Call KERNEL32.GetPrivateProfileStringA(004c0c20 "OBJECTS",0022f1ec "314",004e749c "",0022f22c,00000400,0022f20c "IAM\\OBJECTS.TAG") ret=0040ed42
1387944.652:00ec:00f0:Ret  KERNEL32.GetPrivateProfileStringA() retval=0000000e ret=0040ed42
1387945.522:00ec:00f0:Call KERNEL32.GetPrivateProfileStringA(004c0898 "CAMERAS",0022f1f8 "4473",004e749c "",0022f238,00000400,0022f218 "IAM\\CAMERAS.TAG") ret=0040ed42
1387945.525:00ec:00f0:Ret  KERNEL32.GetPrivateProfileStringA() retval=00000000 ret=0040ed42
1387946.917:00ec:00f0:Call KERNEL32.GetPrivateProfileStringA(004c06c4 "VARIABLES",0022f1fc "660",004e749c "",0022f23c,00000400,0022f21c "IAM\\VARIABLES.TAG") ret=0040ed42
1387946.921:00ec:00f0:Ret  KERNEL32.GetPrivateProfileStringA() retval=00000010 ret=0040ed42
1387947.024:00ec:00f0:Call KERNEL32.GetPrivateProfileStringA(004c0898 "CAMERAS",0022f1f8 "4473",004e749c "",0022f238,00000400,0022f218 "IAM\\CAMERAS.TAG") ret=0040ed42
1387947.025:00ec:00f0:Ret  KERNEL32.GetPrivateProfileStringA() retval=00000000 ret=0040ed42
1387947.497:00ec:00f0:Call KERNEL32.GetPrivateProfileStringA(004c0898 "CAMERAS",0022f1f8 "4434",004e749c "",0022f238,00000400,0022f218 "IAM\\CAMERAS.TAG") ret=0040ed42
1387947.499:00ec:00f0:Ret  KERNEL32.GetPrivateProfileStringA() retval=00000000 ret=0040ed42
1387947.499:00ec:00f0:Call KERNEL32.GetPrivateProfileStringA(004c06c4 "VARIABLES",0022f1fc "664",004e749c "",0022f23c,00000400,0022f21c "IAM\\VARIABLES.TAG") ret=0040ed42
1387947.499:00ec:00f0:Ret  KERNEL32.GetPrivateProfileStringA() retval=00000009 ret=0040ed42
1387947.499:00ec:00f0:Call KERNEL32.GetPrivateProfileStringA(004c06e4 "VARIABLES",0022f200 "664",004e749c "",0022f240,00000400,0022f220 "IAM\\VARIABLES.TAG") ret=0040ed42
1387947.499:00ec:00f0:Ret  KERNEL32.GetPrivateProfileStringA() retval=00000009 ret=0040ed42
1387947.499:00ec:00f0:Call KERNEL32.GetPrivateProfileStringA(004c0844 "OBJECTS",0022f0f4 "465",004e749c "",0022f134,00000400,0022f114 "IAM\\OBJECTS.TAG") ret=0040ed42
1387947.500:00ec:00f0:Ret  KERNEL32.GetPrivateProfileStringA() retval=0000001c ret=0040ed42
1387957.151:00ec:00f0:Call KERNEL32.GetPrivateProfileStringA(004c0898 "CAMERAS",0022f1f8 "4434",004e749c "",0022f238,00000400,0022f218 "IAM\\CAMERAS.TAG") ret=0040ed42
1387957.152:00ec:00f0:Ret  KERNEL32.GetPrivateProfileStringA() retval=00000000 ret=0040ed42
1387960.755:00ec:00f0:Call KERNEL32.GetPrivateProfileStringA(004c0898 "CAMERAS",0022f1f8 "4434",004e749c "",0022f238,00000400,0022f218 "IAM\\CAMERAS.TAG") ret=0040ed42
1387960.757:00ec:00f0:Ret  KERNEL32.GetPrivateProfileStringA() retval=00000000 ret=0040ed42
1387960.757:00ec:00f0:Call KERNEL32.GetPrivateProfileStringA(004c06c4 "VARIABLES",0022f1fc "664",004e749c "",0022f23c,00000400,0022f21c "IAM\\VARIABLES.TAG") ret=0040ed42
1387960.757:00ec:00f0:Ret  KERNEL32.GetPrivateProfileStringA() retval=00000009 ret=0040ed42
1387961.180:00ec:00f0:Call KERNEL32.GetPrivateProfileStringA(004c0898 "CAMERAS",0022f1f8 "4434",004e749c "",0022f238,00000400,0022f218 "IAM\\CAMERAS.TAG") ret=0040ed42
1387961.182:00ec:00f0:Ret  KERNEL32.GetPrivateProfileStringA() retval=00000000 ret=0040ed42
1387961.182:00ec:00f0:Call KERNEL32.GetPrivateProfileStringA(004c06c4 "VARIABLES",0022f1fc "664",004e749c "",0022f23c,00000400,0022f21c "IAM\\VARIABLES.TAG") ret=0040ed42
1387961.182:00ec:00f0:Ret  KERNEL32.GetPrivateProfileStringA() retval=00000009 ret=0040ed42
1387961.920:00ec:00f0:Call KERNEL32.GetPrivateProfileStringA(004c0898 "CAMERAS",0022f1f8 "4434",004e749c "",0022f238,00000400,0022f218 "IAM\\CAMERAS.TAG") ret=0040ed42
1387961.921:00ec:00f0:Ret  KERNEL32.GetPrivateProfileStringA() retval=00000000 ret=0040ed42
1387962.902:00ec:00f0:Call KERNEL32.GetPrivateProfileStringA(004c07e0 "ZONES",0022f1fc "4065",004e749c "",0022f23c,00000400,0022f21c "IAM\\ZONES.TAG") ret=0040ed42
1387962.903:00ec:00f0:Ret  KERNEL32.GetPrivateProfileStringA() retval=00000000 ret=0040ed42
1387962.903:00ec:00f0:Call KERNEL32.GetPrivateProfileStringA(004c0898 "CAMERAS",0022f1f8 "4434",004e749c "",0022f238,00000400,0022f218 "IAM\\CAMERAS.TAG") ret=0040ed42
1387962.904:00ec:00f0:Ret  KERNEL32.GetPrivateProfileStringA() retval=00000000 ret=0040ed42
1387963.502:00ec:00f0:Call KERNEL32.GetPrivateProfileStringA(004c07e0 "ZONES",0022f1fc "4128",004e749c "",0022f23c,00000400,0022f21c "IAM\\ZONES.TAG") ret=0040ed42
1387963.503:00ec:00f0:Ret  KERNEL32.GetPrivateProfileStringA() retval=00000000 ret=0040ed42
1387963.503:00ec:00f0:Call KERNEL32.GetPrivateProfileStringA(004c0898 "CAMERAS",0022f1f8 "4596",004e749c "",0022f238,00000400,0022f218 "IAM\\CAMERAS.TAG") ret=0040ed42
1387963.505:00ec:00f0:Ret  KERNEL32.GetPrivateProfileStringA() retval=00000000 ret=0040ed42
1387963.505:00ec:00f0:Call KERNEL32.GetPrivateProfileStringA(004c08a0 "CAMERAS",0022f1f0 "4597",004e749c "",0022f230,00000400,0022f210 "IAM\\CAMERAS.TAG") ret=0040ed42
1387963.506:00ec:00f0:Ret  KERNEL32.GetPrivateProfileStringA() retval=00000000 ret=0040ed42
1387965.600:00ec:00f0:Call KERNEL32.GetPrivateProfileStringA(004c0898 "CAMERAS",0022f1f8 "4549",004e749c "",0022f238,00000400,0022f218 "IAM\\CAMERAS.TAG") ret=0040ed42
1387965.604:00ec:00f0:Ret  KERNEL32.GetPrivateProfileStringA() retval=00000000 ret=0040ed42
1387965.607:00ec:00f0:Call KERNEL32.GetPrivateProfileStringA(004c0844 "OBJECTS",0022f0f4 "611",004e749c "",0022f134,00000400,0022f114 "IAM\\OBJECTS.TAG") ret=0040ed42
1387965.607:00ec:00f0:Ret  KERNEL32.GetPrivateProfileStringA() retval=0000001d ret=0040ed42
1387965.609:00ec:00f0:Call KERNEL32.GetPrivateProfileStringA(004c08a0 "CAMERAS",0022f1f0 "4598",004e749c "",0022f230,00000400,0022f210 "IAM\\CAMERAS.TAG") ret=0040ed42
1387965.610:00ec:00f0:Ret  KERNEL32.GetPrivateProfileStringA() retval=00000000 ret=0040ed42
1387966.994:00ec:00f0:Call KERNEL32.GetPrivateProfileStringA(004c0898 "CAMERAS",0022f1f8 "4599",004e749c "",0022f238,00000400,0022f218 "IAM\\CAMERAS.TAG") ret=0040ed42
1387966.996:00ec:00f0:Ret  KERNEL32.GetPrivateProfileStringA() retval=00000000 ret=0040ed42
1387966.996:00ec:00f0:Call KERNEL32.GetPrivateProfileStringA(004c08a0 "CAMERAS",0022f1f0 "4600",004e749c "",0022f230,00000400,0022f210 "IAM\\CAMERAS.TAG") ret=0040ed42
1387966.996:00ec:00f0:Ret  KERNEL32.GetPrivateProfileStringA() retval=00000000 ret=0040ed42
1387968.397:00ec:00f0:Call KERNEL32.GetPrivateProfileStringA(004c0898 "CAMERAS",0022f1f8 "4601",004e749c "",0022f238,00000400,0022f218 "IAM\\CAMERAS.TAG") ret=0040ed42
1387968.399:00ec:00f0:Ret  KERNEL32.GetPrivateProfileStringA() retval=00000000 ret=0040ed42
1387968.399:00ec:00f0:Call KERNEL32.GetPrivateProfileStringA(004c08a0 "CAMERAS",0022f1f0 "4550",004e749c "",0022f230,00000400,0022f210 "IAM\\CAMERAS.TAG") ret=0040ed42
1387968.399:00ec:00f0:Ret  KERNEL32.GetPrivateProfileStringA() retval=00000000 ret=0040ed42
1387969.796:00ec:00f0:Call KERNEL32.GetPrivateProfileStringA(004c0898 "CAMERAS",0022f1f8 "14",004e749c "",0022f238,00000400,0022f218 "IAM\\CAMERAS.TAG") ret=0040ed42
1387969.801:00ec:00f0:Ret  KERNEL32.GetPrivateProfileStringA() retval=00000000 ret=0040ed42
1387969.801:00ec:00f0:Call KERNEL32.GetPrivateProfileStringA(004c0844 "OBJECTS",0022f0f4 "673",004e749c "",0022f134,00000400,0022f114 "IAM\\OBJECTS.TAG") ret=0040ed42
1387969.801:00ec:00f0:Ret  KERNEL32.GetPrivateProfileStringA() retval=0000001b ret=0040ed42
1387969.802:00ec:00f0:Call KERNEL32.GetPrivateProfileStringA(004c08a0 "CAMERAS",0022f1f0 "35",004e749c "",0022f230,00000400,0022f210 "IAM\\CAMERAS.TAG") ret=0040ed42
1387969.803:00ec:00f0:Ret  KERNEL32.GetPrivateProfileStringA() retval=00000016 ret=0040ed42
1387973.330:00ec:00f0:Call KERNEL32.GetPrivateProfileStringA(004c0898 "CAMERAS",0022f1f8 "6",004e749c "",0022f238,00000400,0022f218 "IAM\\CAMERAS.TAG") ret=0040ed42
1387973.333:00ec:00f0:Ret  KERNEL32.GetPrivateProfileStringA() retval=0000001b ret=0040ed42
1387974.752:00ec:00f0:Call KERNEL32.GetPrivateProfileStringA(004c0898 "CAMERAS",0022f1f8 "4421",004e749c "",0022f238,00000400,0022f218 "IAM\\CAMERAS.TAG") ret=0040ed42
1387974.753:00ec:00f0:Ret  KERNEL32.GetPrivateProfileStringA() retval=00000000 ret=0040ed42
1387974.753:00ec:00f0:Call KERNEL32.GetPrivateProfileStringA(004c07d8 "ZONES",0022f1fc "4062",004e749c "",0022f23c,00000400,0022f21c "IAM\\ZONES.TAG") ret=0040ed42
1387974.753:00ec:00f0:Ret  KERNEL32.GetPrivateProfileStringA() retval=00000000 ret=0040ed42
1387975.903:00ec:00f0:Call KERNEL32.GetPrivateProfileStringA(004c0898 "CAMERAS",0022f1f8 "4468",004e749c "",0022f238,00000400,0022f218 "IAM\\CAMERAS.TAG") ret=0040ed42
1387975.904:00ec:00f0:Ret  KERNEL32.GetPrivateProfileStringA() retval=00000000 ret=0040ed42
1387976.227:00ec:00f0:Call KERNEL32.GetPrivateProfileStringA(004c06e4 "VARIABLES",0022f200 "652",004e749c "",0022f240,00000400,0022f220 "IAM\\VARIABLES.TAG") ret=0040ed42
1387976.227:00ec:00f0:Ret  KERNEL32.GetPrivateProfileStringA() retval=00000010 ret=0040ed42
1387976.227:00ec:00f0:Call KERNEL32.GetPrivateProfileStringA(004c07d8 "ZONES",0022f1fc "4056",004e749c "",0022f23c,00000400,0022f21c "IAM\\ZONES.TAG") ret=0040ed42
1387976.227:00ec:00f0:Ret  KERNEL32.GetPrivateProfileStringA() retval=00000000 ret=0040ed42
1387976.227:00ec:00f0:Call KERNEL32.GetPrivateProfileStringA(004c07e0 "ZONES",0022f1fc "4113",004e749c "",0022f23c,00000400,0022f21c "IAM\\ZONES.TAG") ret=0040ed42
1387976.229:00ec:00f0:Ret  KERNEL32.GetPrivateProfileStringA() retval=00000000 ret=0040ed42
1387976.777:00ec:00f0:Call KERNEL32.GetPrivateProfileStringA(004c0898 "CAMERAS",0022f1f8 "4434",004e749c "",0022f238,00000400,0022f218 "IAM\\CAMERAS.TAG") ret=0040ed42
1387976.778:00ec:00f0:Ret  KERNEL32.GetPrivateProfileStringA() retval=00000000 ret=0040ed42
1387981.007:00ec:00f0:Call KERNEL32.GetPrivateProfileStringA(004c06c4 "VARIABLES",0022f1fc "22",004e749c "",0022f23c,00000400,0022f21c "IAM\\VARIABLES.TAG") ret=0040ed42
1387981.008:00ec:00f0:Ret  KERNEL32.GetPrivateProfileStringA() retval=00000006 ret=0040ed42
1387981.008:00ec:00f0:Call KERNEL32.GetPrivateProfileStringA(004c06c4 "VARIABLES",0022f1fc "22",004e749c "",0022f23c,00000400,0022f21c "IAM\\VARIABLES.TAG") ret=0040ed42
1387981.008:00ec:00f0:Ret  KERNEL32.GetPrivateProfileStringA() retval=00000006 ret=0040ed42
1387981.008:00ec:00f0:Call KERNEL32.GetPrivateProfileStringA(004c06c4 "VARIABLES",0022f1fc "22",004e749c "",0022f23c,00000400,0022f21c "IAM\\VARIABLES.TAG") ret=0040ed42
1387981.008:00ec:00f0:Ret  KERNEL32.GetPrivateProfileStringA() retval=00000006 ret=0040ed42
1387981.008:00ec:00f0:Call KERNEL32.GetPrivateProfileStringA(004c06c4 "VARIABLES",0022f1fc "22",004e749c "",0022f23c,00000400,0022f21c "IAM\\VARIABLES.TAG") ret=0040ed42
1387981.008:00ec:00f0:Ret  KERNEL32.GetPrivateProfileStringA() retval=00000006 ret=0040ed42
1387981.008:00ec:00f0:Call KERNEL32.GetPrivateProfileStringA(004c06c4 "VARIABLES",0022f1fc "22",004e749c "",0022f23c,00000400,0022f21c "IAM\\VARIABLES.TAG") ret=0040ed42
1387981.008:00ec:00f0:Ret  KERNEL32.GetPrivateProfileStringA() retval=00000006 ret=0040ed42
1387981.008:00ec:00f0:Call KERNEL32.GetPrivateProfileStringA(004c06c4 "VARIABLES",0022f1fc "22",004e749c "",0022f23c,00000400,0022f21c "IAM\\VARIABLES.TAG") ret=0040ed42
1387981.008:00ec:00f0:Ret  KERNEL32.GetPrivateProfileStringA() retval=00000006 ret=0040ed42
1387981.008:00ec:00f0:Call KERNEL32.GetPrivateProfileStringA(004c06c4 "VARIABLES",0022f1fc "22",004e749c "",0022f23c,00000400,0022f21c "IAM\\VARIABLES.TAG") ret=0040ed42
1387981.009:00ec:00f0:Ret  KERNEL32.GetPrivateProfileStringA() retval=00000006 ret=0040ed42
1387981.009:00ec:00f0:Call KERNEL32.GetPrivateProfileStringA(004c06c4 "VARIABLES",0022f1fc "22",004e749c "",0022f23c,00000400,0022f21c "IAM\\VARIABLES.TAG") ret=0040ed42
1387981.009:00ec:00f0:Ret  KERNEL32.GetPrivateProfileStringA() retval=00000006 ret=0040ed42
1387981.009:00ec:00f0:Call KERNEL32.GetPrivateProfileStringA(004c06c4 "VARIABLES",0022f1fc "22",004e749c "",0022f23c,00000400,0022f21c "IAM\\VARIABLES.TAG") ret=0040ed42
1387981.009:00ec:00f0:Ret  KERNEL32.GetPrivateProfileStringA() retval=00000006 ret=0040ed42
1387981.009:00ec:00f0:Call KERNEL32.GetPrivateProfileStringA(004c06c4 "VARIABLES",0022f1fc "22",004e749c "",0022f23c,00000400,0022f21c "IAM\\VARIABLES.TAG") ret=0040ed42
1387981.009:00ec:00f0:Ret  KERNEL32.GetPrivateProfileStringA() retval=00000006 ret=0040ed42
1387981.009:00ec:00f0:Call KERNEL32.GetPrivateProfileStringA(004c06c4 "VARIABLES",0022f1fc "22",004e749c "",0022f23c,00000400,0022f21c "IAM\\VARIABLES.TAG") ret=0040ed42
1387981.009:00ec:00f0:Ret  KERNEL32.GetPrivateProfileStringA() retval=00000006 ret=0040ed42
1387981.009:00ec:00f0:Call KERNEL32.GetPrivateProfileStringA(004c06c4 "VARIABLES",0022f1fc "22",004e749c "",0022f23c,00000400,0022f21c "IAM\\VARIABLES.TAG") ret=0040ed42
1387981.009:00ec:00f0:Ret  KERNEL32.GetPrivateProfileStringA() retval=00000006 ret=0040ed42
1387981.009:00ec:00f0:Call KERNEL32.GetPrivateProfileStringA(004c06c4 "VARIABLES",0022f1fc "22",004e749c "",0022f23c,00000400,0022f21c "IAM\\VARIABLES.TAG") ret=0040ed42
1387981.009:00ec:00f0:Ret  KERNEL32.GetPrivateProfileStringA() retval=00000006 ret=0040ed42
1387981.009:00ec:00f0:Call KERNEL32.GetPrivateProfileStringA(004c06c4 "VARIABLES",0022f1fc "22",004e749c "",0022f23c,00000400,0022f21c "IAM\\VARIABLES.TAG") ret=0040ed42
1387981.009:00ec:00f0:Ret  KERNEL32.GetPrivateProfileStringA() retval=00000006 ret=0040ed42
1387981.009:00ec:00f0:Call KERNEL32.GetPrivateProfileStringA(004c06c4 "VARIABLES",0022f1fc "22",004e749c "",0022f23c,00000400,0022f21c "IAM\\VARIABLES.TAG") ret=0040ed42
1387981.010:00ec:00f0:Ret  KERNEL32.GetPrivateProfileStringA() retval=00000006 ret=0040ed42
1387981.010:00ec:00f0:Call KERNEL32.GetPrivateProfileStringA(004c06c4 "VARIABLES",0022f1fc "22",004e749c "",0022f23c,00000400,0022f21c "IAM\\VARIABLES.TAG") ret=0040ed42
1387981.010:00ec:00f0:Ret  KERNEL32.GetPrivateProfileStringA() retval=00000006 ret=0040ed42
1387981.010:00ec:00f0:Call KERNEL32.GetPrivateProfileStringA(004c06c4 "VARIABLES",0022f1fc "22",004e749c "",0022f23c,00000400,0022f21c "IAM\\VARIABLES.TAG") ret=0040ed42
1387981.010:00ec:00f0:Ret  KERNEL32.GetPrivateProfileStringA() retval=00000006 ret=0040ed42
1387981.010:00ec:00f0:Call KERNEL32.GetPrivateProfileStringA(004c06c4 "VARIABLES",0022f1fc "22",004e749c "",0022f23c,00000400,0022f21c "IAM\\VARIABLES.TAG") ret=0040ed42
1387981.010:00ec:00f0:Ret  KERNEL32.GetPrivateProfileStringA() retval=00000006 ret=0040ed42
1387981.010:00ec:00f0:Call KERNEL32.GetPrivateProfileStringA(004c06c4 "VARIABLES",0022f1fc "22",004e749c "",0022f23c,00000400,0022f21c "IAM\\VARIABLES.TAG") ret=0040ed42
1387981.010:00ec:00f0:Ret  KERNEL32.GetPrivateProfileStringA() retval=00000006 ret=0040ed42
1387981.010:00ec:00f0:Call KERNEL32.GetPrivateProfileStringA(004c06c4 "VARIABLES",0022f1fc "22",004e749c "",0022f23c,00000400,0022f21c "IAM\\VARIABLES.TAG") ret=0040ed42
1387981.010:00ec:00f0:Ret  KERNEL32.GetPrivateProfileStringA() retval=00000006 ret=0040ed42
1387981.010:00ec:00f0:Call KERNEL32.GetPrivateProfileStringA(004c06c4 "VARIABLES",0022f1fc "22",004e749c "",0022f23c,00000400,0022f21c "IAM\\VARIABLES.TAG") ret=0040ed42
1387981.010:00ec:00f0:Ret  KERNEL32.GetPrivateProfileStringA() retval=00000006 ret=0040ed42
1387981.010:00ec:00f0:Call KERNEL32.GetPrivateProfileStringA(004c06c4 "VARIABLES",0022f1fc "22",004e749c "",0022f23c,00000400,0022f21c "IAM\\VARIABLES.TAG") ret=0040ed42
1387981.011:00ec:00f0:Ret  KERNEL32.GetPrivateProfileStringA() retval=00000006 ret=0040ed42
1387981.011:00ec:00f0:Call KERNEL32.GetPrivateProfileStringA(004c06c4 "VARIABLES",0022f1fc "22",004e749c "",0022f23c,00000400,0022f21c "IAM\\VARIABLES.TAG") ret=0040ed42
1387981.011:00ec:00f0:Ret  KERNEL32.GetPrivateProfileStringA() retval=00000006 ret=0040ed42
1387981.011:00ec:00f0:Call KERNEL32.GetPrivateProfileStringA(004c06c4 "VARIABLES",0022f1fc "22",004e749c "",0022f23c,00000400,0022f21c "IAM\\VARIABLES.TAG") ret=0040ed42
1387981.011:00ec:00f0:Ret  KERNEL32.GetPrivateProfileStringA() retval=00000006 ret=0040ed42
1387981.011:00ec:00f0:Call KERNEL32.GetPrivateProfileStringA(004c06c4 "VARIABLES",0022f1fc "22",004e749c "",0022f23c,00000400,0022f21c "IAM\\VARIABLES.TAG") ret=0040ed42
1387981.011:00ec:00f0:Ret  KERNEL32.GetPrivateProfileStringA() retval=00000006 ret=0040ed42
1387981.011:00ec:00f0:Call KERNEL32.GetPrivateProfileStringA(004c06c4 "VARIABLES",0022f1fc "22",004e749c "",0022f23c,00000400,0022f21c "IAM\\VARIABLES.TAG") ret=0040ed42
1387981.011:00ec:00f0:Ret  KERNEL32.GetPrivateProfileStringA() retval=00000006 ret=0040ed42
1387981.011:00ec:00f0:Call KERNEL32.GetPrivateProfileStringA(004c06c4 "VARIABLES",0022f1fc "22",004e749c "",0022f23c,00000400,0022f21c "IAM\\VARIABLES.TAG") ret=0040ed42
1387981.011:00ec:00f0:Ret  KERNEL32.GetPrivateProfileStringA() retval=00000006 ret=0040ed42
1387981.011:00ec:00f0:Call KERNEL32.GetPrivateProfileStringA(004c06c4 "VARIABLES",0022f1fc "22",004e749c "",0022f23c,00000400,0022f21c "IAM\\VARIABLES.TAG") ret=0040ed42
1387981.011:00ec:00f0:Ret  KERNEL32.GetPrivateProfileStringA() retval=00000006 ret=0040ed42
1387981.011:00ec:00f0:Call KERNEL32.GetPrivateProfileStringA(004c06c4 "VARIABLES",0022f1fc "22",004e749c "",0022f23c,00000400,0022f21c "IAM\\VARIABLES.TAG") ret=0040ed42
1387981.011:00ec:00f0:Ret  KERNEL32.GetPrivateProfileStringA() retval=00000006 ret=0040ed42
1387981.011:00ec:00f0:Call KERNEL32.GetPrivateProfileStringA(004c06c4 "VARIABLES",0022f1fc "22",004e749c "",0022f23c,00000400,0022f21c "IAM\\VARIABLES.TAG") ret=0040ed42
1387981.012:00ec:00f0:Ret  KERNEL32.GetPrivateProfileStringA() retval=00000006 ret=0040ed42
1387981.012:00ec:00f0:Call KERNEL32.GetPrivateProfileStringA(004c06c4 "VARIABLES",0022f1fc "22",004e749c "",0022f23c,00000400,0022f21c "IAM\\VARIABLES.TAG") ret=0040ed42
1387981.012:00ec:00f0:Ret  KERNEL32.GetPrivateProfileStringA() retval=00000006 ret=0040ed42
1387981.012:00ec:00f0:Call KERNEL32.GetPrivateProfileStringA(004c06c4 "VARIABLES",0022f1fc "22",004e749c "",0022f23c,00000400,0022f21c "IAM\\VARIABLES.TAG") ret=0040ed42
1387981.012:00ec:00f0:Ret  KERNEL32.GetPrivateProfileStringA() retval=00000006 ret=0040ed42
1387981.012:00ec:00f0:Call KERNEL32.GetPrivateProfileStringA(004c07f0 "ADDRESSES",0022f1fc "684",004e749c "",0022f23c,00000400,0022f21c "IAM\\ADDRESSES.TAG") ret=0040ed42
1387981.012:00ec:00f0:Ret  KERNEL32.GetPrivateProfileStringA() retval=00000002 ret=0040ed42
1387990.802:00ec:00f0:Call KERNEL32.GetPrivateProfileStringA(004c0898 "CAMERAS",0022f1f8 "4440",004e749c "",0022f238,00000400,0022f218 "IAM\\CAMERAS.TAG") ret=0040ed42
1387990.804:00ec:00f0:Ret  KERNEL32.GetPrivateProfileStringA() retval=00000000 ret=0040ed42
1387991.975:00ec:00f0:Call KERNEL32.GetPrivateProfileStringA(004c0898 "CAMERAS",0022f1f8 "4434",004e749c "",0022f238,00000400,0022f218 "IAM\\CAMERAS.TAG") ret=0040ed42
1387991.976:00ec:00f0:Ret  KERNEL32.GetPrivateProfileStringA() retval=00000000 ret=0040ed42
1387993.418:00ec:00f0:Call KERNEL32.GetPrivateProfileStringA(004c06c4 "VARIABLES",0022f1fc "648",004e749c "",0022f23c,00000400,0022f21c "IAM\\VARIABLES.TAG") ret=0040ed42
1387993.419:00ec:00f0:Ret  KERNEL32.GetPrivateProfileStringA() retval=00000013 ret=0040ed42
1387994.415:00ec:00f0:Call KERNEL32.GetPrivateProfileStringA(004c0898 "CAMERAS",0022f1f8 "4458",004e749c "",0022f238,00000400,0022f218 "IAM\\CAMERAS.TAG") ret=0040ed42
1387994.416:00ec:00f0:Ret  KERNEL32.GetPrivateProfileStringA() retval=00000000 ret=0040ed42
1387995.459:00ec:00f0:Call KERNEL32.GetPrivateProfileStringA(004c0898 "CAMERAS",0022f1f8 "4428",004e749c "",0022f238,00000400,0022f218 "IAM\\CAMERAS.TAG") ret=0040ed42
1387995.460:00ec:00f0:Ret  KERNEL32.GetPrivateProfileStringA() retval=00000000 ret=0040ed42
1387996.131:00ec:00f0:Call KERNEL32.GetPrivateProfileStringA(004c0844 "OBJECTS",0022f0f4 "425",004e749c "",0022f134,00000400,0022f114 "IAM\\OBJECTS.TAG") ret=0040ed42
1387996.133:00ec:00f0:Ret  KERNEL32.GetPrivateProfileStringA() retval=00000015 ret=0040ed42
1387998.832:00ec:00f0:Call KERNEL32.GetPrivateProfileStringA(004c0898 "CAMERAS",0022f1f8 "4458",004e749c "",0022f238,00000400,0022f218 "IAM\\CAMERAS.TAG") ret=0040ed42
1387998.833:00ec:00f0:Ret  KERNEL32.GetPrivateProfileStringA() retval=00000000 ret=0040ed42
1387999.661:00ec:00f0:Call KERNEL32.GetPrivateProfileStringA(004c0898 "CAMERAS",0022f1f8 "4440",004e749c "",0022f238,00000400,0022f218 "IAM\\CAMERAS.TAG") ret=0040ed42
1387999.662:00ec:00f0:Ret  KERNEL32.GetPrivateProfileStringA() retval=00000000 ret=0040ed42
1388003.513:00ec:00f0:Call KERNEL32.GetPrivateProfileStringA(004c0898 "CAMERAS",0022f1f8 "4423",004e749c "",0022f238,00000400,0022f218 "IAM\\CAMERAS.TAG") ret=0040ed42
1388003.516:00ec:00f0:Ret  KERNEL32.GetPrivateProfileStringA() retval=00000000 ret=0040ed42
1388004.144:00ec:00f0:Call KERNEL32.GetPrivateProfileStringA(004c0898 "CAMERAS",0022f1f8 "0",004e749c "",0022f238,00000400,0022f218 "IAM\\CAMERAS.TAG") ret=0040ed42
1388004.145:00ec:00f0:Ret  KERNEL32.GetPrivateProfileStringA() retval=0000000d ret=0040ed42
1388004.807:00ec:00f0:Call KERNEL32.GetPrivateProfileStringA(004c0898 "CAMERAS",0022f1f8 "0",004e749c "",0022f238,00000400,0022f218 "IAM\\CAMERAS.TAG") ret=0040ed42
1388004.807:00ec:00f0:Ret  KERNEL32.GetPrivateProfileStringA() retval=0000000d ret=0040ed42
1388006.570:00ec:00f0:Call KERNEL32.GetPrivateProfileStringA(004c0898 "CAMERAS",0022f1f8 "4421",004e749c "",0022f238,00000400,0022f218 "IAM\\CAMERAS.TAG") ret=0040ed42
1388006.575:00ec:00f0:Ret  KERNEL32.GetPrivateProfileStringA() retval=00000000 ret=0040ed42
1388006.575:00ec:00f0:Call KERNEL32.GetPrivateProfileStringA(004c07d8 "ZONES",0022f1fc "4058",004e749c "",0022f23c,00000400,0022f21c "IAM\\ZONES.TAG") ret=0040ed42
1388006.575:00ec:00f0:Ret  KERNEL32.GetPrivateProfileStringA() retval=00000000 ret=0040ed42
1388006.722:00ec:00f0:Call KERNEL32.GetPrivateProfileStringA(004c0898 "CAMERAS",0022f1f8 "4522",004e749c "",0022f238,00000400,0022f218 "IAM\\CAMERAS.TAG") ret=0040ed42
1388006.723:00ec:00f0:Ret  KERNEL32.GetPrivateProfileStringA() retval=00000000 ret=0040ed42
1388007.289:00ec:00f0:Call KERNEL32.GetPrivateProfileStringA(004c0898 "CAMERAS",0022f1f8 "4434",004e749c "",0022f238,00000400,0022f218 "IAM\\CAMERAS.TAG") ret=0040ed42
1388007.290:00ec:00f0:Ret  KERNEL32.GetPrivateProfileStringA() retval=00000000 ret=0040ed42
1388007.290:00ec:00f0:Call KERNEL32.GetPrivateProfileStringA(004c07e0 "ZONES",0022f1fc "4058",004e749c "",0022f23c,00000400,0022f21c "IAM\\ZONES.TAG") ret=0040ed42
1388007.290:00ec:00f0:Ret  KERNEL32.GetPrivateProfileStringA() retval=00000000 ret=0040ed42
1388009.415:00ec:00f0:Call KERNEL32.GetPrivateProfileStringA(004c06c4 "VARIABLES",0022f1fc "649",004e749c "",0022f23c,00000400,0022f21c "IAM\\VARIABLES.TAG") ret=0040ed42
1388009.415:00ec:00f0:Ret  KERNEL32.GetPrivateProfileStringA() retval=00000011 ret=0040ed42
1388009.947:00ec:00f0:Call KERNEL32.GetPrivateProfileStringA(004c0898 "CAMERAS",0022f1f8 "4453",004e749c "",0022f238,00000400,0022f218 "IAM\\CAMERAS.TAG") ret=0040ed42
1388009.947:00ec:00f0:Ret  KERNEL32.GetPrivateProfileStringA() retval=00000000 ret=0040ed42
1388010.203:00ec:00f0:Call KERNEL32.GetPrivateProfileStringA(004c06e4 "VARIABLES",0022f200 "649",004e749c "",0022f240,00000400,0022f220 "IAM\\VARIABLES.TAG") ret=0040ed42
1388010.205:00ec:00f0:Ret  KERNEL32.GetPrivateProfileStringA() retval=00000011 ret=0040ed42
1388011.386:00ec:00f0:Call KERNEL32.GetPrivateProfileStringA(004c06c4 "VARIABLES",0022f1fc "663",004e749c "",0022f23c,00000400,0022f21c "IAM\\VARIABLES.TAG") ret=0040ed42
1388011.387:00ec:00f0:Ret  KERNEL32.GetPrivateProfileStringA() retval=00000010 ret=0040ed42
1388011.387:00ec:00f0:Call KERNEL32.GetPrivateProfileStringA(004c06e4 "VARIABLES",0022f200 "663",004e749c "",0022f240,00000400,0022f220 "IAM\\VARIABLES.TAG") ret=0040ed42
1388011.387:00ec:00f0:Ret  KERNEL32.GetPrivateProfileStringA() retval=00000010 ret=0040ed42
1388011.387:00ec:00f0:Call KERNEL32.GetPrivateProfileStringA(004c07f0 "ADDRESSES",0022f1fc "692",004e749c "",0022f23c,00000400,0022f21c "IAM\\ADDRESSES.TAG") ret=0040ed42
1388011.387:00ec:00f0:Ret  KERNEL32.GetPrivateProfileStringA() retval=0000000e ret=0040ed42
1388011.387:00ec:00f0:Call KERNEL32.GetPrivateProfileStringA(004c0898 "CAMERAS",0022f1f8 "4511",004e749c "",0022f238,00000400,0022f218 "IAM\\CAMERAS.TAG") ret=0040ed42
1388011.387:00ec:00f0:Ret  KERNEL32.GetPrivateProfileStringA() retval=00000000 ret=0040ed42
1388011.387:00ec:00f0:Call KERNEL32.GetPrivateProfileStringA(004c0844 "OBJECTS",0022f0f4 "792",004e749c "",0022f134,00000400,0022f114 "IAM\\OBJECTS.TAG") ret=0040ed42
1388011.388:00ec:00f0:Ret  KERNEL32.GetPrivateProfileStringA() retval=00000016 ret=0040ed42
1388011.388:00ec:00f0:Call KERNEL32.GetPrivateProfileStringA(004c08a0 "CAMERAS",0022f1f0 "4512",004e749c "",0022f230,00000400,0022f210 "IAM\\CAMERAS.TAG") ret=0040ed42
1388011.389:00ec:00f0:Ret  KERNEL32.GetPrivateProfileStringA() retval=00000000 ret=0040ed42
1388014.167:00ec:00f0:Call KERNEL32.GetPrivateProfileStringA(004c0898 "CAMERAS",0022f1f8 "4508",004e749c "",0022f238,00000400,0022f218 "IAM\\CAMERAS.TAG") ret=0040ed42
1388014.167:00ec:00f0:Ret  KERNEL32.GetPrivateProfileStringA() retval=00000000 ret=0040ed42
1388014.167:00ec:00f0:Call KERNEL32.GetPrivateProfileStringA(004c0844 "OBJECTS",0022f0f4 "793",004e749c "",0022f134,00000400,0022f114 "IAM\\OBJECTS.TAG") ret=0040ed42
1388014.168:00ec:00f0:Ret  KERNEL32.GetPrivateProfileStringA() retval=00000016 ret=0040ed42
1388014.168:00ec:00f0:Call KERNEL32.GetPrivateProfileStringA(004c08a0 "CAMERAS",0022f1f0 "4509",004e749c "",0022f230,00000400,0022f210 "IAM\\CAMERAS.TAG") ret=0040ed42
1388014.169:00ec:00f0:Ret  KERNEL32.GetPrivateProfileStringA() retval=00000000 ret=0040ed42
1388019.449:00ec:00f0:Call KERNEL32.GetPrivateProfileStringA(004c08a0 "CAMERAS",0022f1f0 "4510",004e749c "",0022f230,00000400,0022f210 "IAM\\CAMERAS.TAG") ret=0040ed42
1388019.450:00ec:00f0:Ret  KERNEL32.GetPrivateProfileStringA() retval=00000000 ret=0040ed42
1388022.288:00ec:00f0:Call KERNEL32.GetPrivateProfileStringA(004c0898 "CAMERAS",0022f1f8 "4514",004e749c "",0022f238,00000400,0022f218 "IAM\\CAMERAS.TAG") ret=0040ed42
1388022.289:00ec:00f0:Ret  KERNEL32.GetPrivateProfileStringA() retval=00000000 ret=0040ed42
1388022.289:00ec:00f0:Call KERNEL32.GetPrivateProfileStringA(004c0844 "OBJECTS",0022f0f4 "794",004e749c "",0022f134,00000400,0022f114 "IAM\\OBJECTS.TAG") ret=0040ed42
1388022.289:00ec:00f0:Ret  KERNEL32.GetPrivateProfileStringA() retval=00000016 ret=0040ed42
1388022.290:00ec:00f0:Call KERNEL32.GetPrivateProfileStringA(004c08a0 "CAMERAS",0022f1f0 "4513",004e749c "",0022f230,00000400,0022f210 "IAM\\CAMERAS.TAG") ret=0040ed42
1388022.291:00ec:00f0:Ret  KERNEL32.GetPrivateProfileStringA() retval=00000000 ret=0040ed42
1388025.748:00ec:00f0:Call KERNEL32.GetPrivateProfileStringA(004c08a0 "CAMERAS",0022f1f0 "4457",004e749c "",0022f230,00000400,0022f210 "IAM\\CAMERAS.TAG") ret=0040ed42
1388025.749:00ec:00f0:Ret  KERNEL32.GetPrivateProfileStringA() retval=00000000 ret=0040ed42
1388030.956:00ec:00f0:Call KERNEL32.GetPrivateProfileStringA(004c0898 "CAMERAS",0022f1f8 "4527",004e749c "",0022f238,00000400,0022f218 "IAM\\CAMERAS.TAG") ret=0040ed42
1388030.958:00ec:00f0:Ret  KERNEL32.GetPrivateProfileStringA() retval=00000000 ret=0040ed42
1388030.958:00ec:00f0:Call KERNEL32.GetPrivateProfileStringA(004c06c4 "VARIABLES",0022f1fc "60",004e749c "",0022f23c,00000400,0022f21c "IAM\\VARIABLES.TAG") ret=0040ed42
1388030.958:00ec:00f0:Ret  KERNEL32.GetPrivateProfileStringA() retval=00000007 ret=0040ed42
1388034.129:00ec:00f0:Call KERNEL32.GetPrivateProfileStringA(004c0898 "CAMERAS",0022f1f8 "4457",004e749c "",0022f238,00000400,0022f218 "IAM\\CAMERAS.TAG") ret=0040ed42
1388034.130:00ec:00f0:Ret  KERNEL32.GetPrivateProfileStringA() retval=00000000 ret=0040ed42
