1328791.896:0028:002c:trace:relay:load_list L"RelayInclude" = L"KERNEL32.GetPrivateProfileStringA"
1328791.919:0028:002c:trace:relay:load_list L"RelayInclude" = L"KERNEL32.GetPrivateProfileStringA"
1328792.075:0030:0034:trace:relay:load_list L"RelayInclude" = L"KERNEL32.GetPrivateProfileStringA"
1328792.096:0030:0034:trace:relay:load_list L"RelayInclude" = L"KERNEL32.GetPrivateProfileStringA"
1328792.216:003c:0040:trace:relay:load_list L"RelayInclude" = L"KERNEL32.GetPrivateProfileStringA"
1328792.238:003c:0040:trace:relay:load_list L"RelayInclude" = L"KERNEL32.GetPrivateProfileStringA"
1328792.376:0060:0064:trace:relay:load_list L"RelayInclude" = L"KERNEL32.GetPrivateProfileStringA"
1328792.398:0060:0064:trace:relay:load_list L"RelayInclude" = L"KERNEL32.GetPrivateProfileStringA"
1328792.605:0078:007c:trace:relay:load_list L"RelayInclude" = L"KERNEL32.GetPrivateProfileStringA"
1328792.627:0078:007c:trace:relay:load_list L"RelayInclude" = L"KERNEL32.GetPrivateProfileStringA"
1328792.750:0090:0094:trace:relay:load_list L"RelayInclude" = L"KERNEL32.GetPrivateProfileStringA"
1328792.770:0090:0094:trace:relay:load_list L"RelayInclude" = L"KERNEL32.GetPrivateProfileStringA"
1328793.228:0020:0024:trace:relay:load_list L"RelayInclude" = L"KERNEL32.GetPrivateProfileStringA"
1328793.248:0020:0024:trace:relay:load_list L"RelayInclude" = L"KERNEL32.GetPrivateProfileStringA"
1328793.454:00cc:00d0:trace:relay:load_list L"RelayInclude" = L"KERNEL32.GetPrivateProfileStringA"
1328793.477:00cc:00d0:trace:relay:load_list L"RelayInclude" = L"KERNEL32.GetPrivateProfileStringA"
1328793.719:00d4:00d8:trace:relay:load_list L"RelayInclude" = L"KERNEL32.GetPrivateProfileStringA"
1328793.740:00d4:00d8:trace:relay:load_list L"RelayInclude" = L"KERNEL32.GetPrivateProfileStringA"
1328794.394:00ec:00f0:trace:relay:load_list L"RelayInclude" = L"KERNEL32.GetPrivateProfileStringA"
1328794.417:00ec:00f0:trace:relay:load_list L"RelayInclude" = L"KERNEL32.GetPrivateProfileStringA"
1328794.474:00fc:0100:trace:relay:load_list L"RelayInclude" = L"KERNEL32.GetPrivateProfileStringA"
1328794.495:00fc:0100:trace:relay:load_list L"RelayInclude" = L"KERNEL32.GetPrivateProfileStringA"
1328805.475:00ec:00f0:Call KERNEL32.GetPrivateProfileStringA(004c06e4 "VARIABLES",0022f200 "175",004e749c "",0022f240,00000400,0022f220 "IAM\\VARIABLES.TAG") ret=0040ed42
1328805.478:00ec:00f0:Ret  KERNEL32.GetPrivateProfileStringA() retval=0000000d ret=0040ed42
1328805.478:00ec:00f0:Call KERNEL32.GetPrivateProfileStringA(004c06f0 "VARIABLES",0022f1fc "170",004e749c "",0022f23c,00000400,0022f21c "IAM\\VARIABLES.TAG") ret=0040ed42
1328805.479:00ec:00f0:Ret  KERNEL32.GetPrivateProfileStringA() retval=00000010 ret=0040ed42
1328805.480:00ec:00f0:Call KERNEL32.GetPrivateProfileStringA(004c0844 "OBJECTS",0022f0f4 "997",004e749c "",0022f134,00000400,0022f114 "IAM\\OBJECTS.TAG") ret=0040ed42
1328805.483:00ec:00f0:Ret  KERNEL32.GetPrivateProfileStringA() retval=0000001a ret=0040ed42
1328840.555:00ec:00f0:Call KERNEL32.GetPrivateProfileStringA(004c06c4 "VARIABLES",0022f1fc "19",004e749c "",0022f23c,00000400,0022f21c "IAM\\VARIABLES.TAG") ret=0040ed42
1328840.555:00ec:00f0:Ret  KERNEL32.GetPrivateProfileStringA() retval=00000009 ret=0040ed42
1328840.555:00ec:00f0:Call KERNEL32.GetPrivateProfileStringA(004c0898 "CAMERAS",0022f1f8 "2172",004e749c "",0022f238,00000400,0022f218 "IAM\\CAMERAS.TAG") ret=0040ed42
1328840.556:00ec:00f0:Ret  KERNEL32.GetPrivateProfileStringA() retval=00000017 ret=0040ed42
1328840.556:00ec:00f0:Call KERNEL32.GetPrivateProfileStringA(004c0898 "CAMERAS",0022f1f8 "2148",004e749c "",0022f238,00000400,0022f218 "IAM\\CAMERAS.TAG") ret=0040ed42
1328840.557:00ec:00f0:Ret  KERNEL32.GetPrivateProfileStringA() retval=00000018 ret=0040ed42
1328846.919:00ec:00f0:Call KERNEL32.GetPrivateProfileStringA(004c07cc "DIALOGS",0022f1fc "272",004e749c "",0022f23c,00000400,0022f21c "IAM\\DIALOGS.TAG") ret=0040ed42
1328846.920:00ec:00f0:Ret  KERNEL32.GetPrivateProfileStringA() retval=0000000d ret=0040ed42
1328956.975:00ec:00f0:Call KERNEL32.GetPrivateProfileStringA(004c0898 "CAMERAS",0022f1f8 "2148",004e749c "",0022f238,00000400,0022f218 "IAM\\CAMERAS.TAG") ret=0040ed42
1328956.977:00ec:00f0:Ret  KERNEL32.GetPrivateProfileStringA() retval=00000018 ret=0040ed42
1328956.977:00ec:00f0:Call KERNEL32.GetPrivateProfileStringA(004c0898 "CAMERAS",0022f1f8 "2152",004e749c "",0022f238,00000400,0022f218 "IAM\\CAMERAS.TAG") ret=0040ed42
1328956.978:00ec:00f0:Ret  KERNEL32.GetPrivateProfileStringA() retval=0000001c ret=0040ed42
1328958.872:00ec:00f0:Call KERNEL32.GetPrivateProfileStringA(004c08a0 "CAMERAS",0022f1f0 "2152",004e749c "",0022f230,00000400,0022f210 "IAM\\CAMERAS.TAG") ret=0040ed42
1328958.872:00ec:00f0:Ret  KERNEL32.GetPrivateProfileStringA() retval=0000001c ret=0040ed42
1328958.872:00ec:00f0:Call KERNEL32.GetPrivateProfileStringA(004c0898 "CAMERAS",0022f1f8 "2153",004e749c "",0022f238,00000400,0022f218 "IAM\\CAMERAS.TAG") ret=0040ed42
1328958.873:00ec:00f0:Ret  KERNEL32.GetPrivateProfileStringA() retval=00000014 ret=0040ed42
1328958.873:00ec:00f0:Call KERNEL32.GetPrivateProfileStringA(004c08a0 "CAMERAS",0022f1f0 "2154",004e749c "",0022f230,00000400,0022f210 "IAM\\CAMERAS.TAG") ret=0040ed42
1328958.873:00ec:00f0:Ret  KERNEL32.GetPrivateProfileStringA() retval=00000014 ret=0040ed42
1328965.220:00ec:00f0:Call KERNEL32.GetPrivateProfileStringA(004c08a0 "CAMERAS",0022f1f0 "2158",004e749c "",0022f230,00000400,0022f210 "IAM\\CAMERAS.TAG") ret=0040ed42
1328965.221:00ec:00f0:Ret  KERNEL32.GetPrivateProfileStringA() retval=00000015 ret=0040ed42
1328966.102:00ec:00f0:Call KERNEL32.GetPrivateProfileStringA(004c0790 "AREAS",0022f1f4 "222",004e749c "",0022f234,00000400,0022f214 "IAM\\AREAS.TAG") ret=0040ed42
1328966.103:00ec:00f0:Ret  KERNEL32.GetPrivateProfileStringA() retval=0000000f ret=0040ed42
1328966.236:00ec:00f0:Call KERNEL32.GetPrivateProfileStringA(004c07e8 "SCENES",0022f1f0 "55",004e749c "",0022f230,00000400,0022f210 "IAM\\SCENES.TAG") ret=0040ed42
1328966.237:00ec:00f0:Ret  KERNEL32.GetPrivateProfileStringA() retval=0000000c ret=0040ed42
1328966.244:00ec:00f0:Call KERNEL32.GetPrivateProfileStringA(004c07f0 "ADDRESSES",0022f1fc "654",004e749c "",0022f23c,00000400,0022f21c "IAM\\ADDRESSES.TAG") ret=0040ed42
1328966.245:00ec:00f0:Ret  KERNEL32.GetPrivateProfileStringA() retval=0000000d ret=0040ed42
1328966.245:00ec:00f0:Call KERNEL32.GetPrivateProfileStringA(004c0798 "AREAS",0022f1fc "118",004e749c "",0022f23c,00000400,0022f21c "IAM\\AREAS.TAG") ret=0040ed42
1328966.245:00ec:00f0:Ret  KERNEL32.GetPrivateProfileStringA() retval=00000012 ret=0040ed42
1328966.245:00ec:00f0:Call KERNEL32.GetPrivateProfileStringA(004c06c4 "VARIABLES",0022f1fc "626",004e749c "",0022f23c,00000400,0022f21c "IAM\\VARIABLES.TAG") ret=0040ed42
1328966.246:00ec:00f0:Ret  KERNEL32.GetPrivateProfileStringA() retval=00000010 ret=0040ed42
1328966.252:00ec:00f0:Call KERNEL32.GetPrivateProfileStringA(004c082c "ADDRESSES",0022f1fc "0",004e749c "",0022f23c,00000400,0022f21c "IAM\\ADDRESSES.TAG") ret=0040ed42
1328966.252:00ec:00f0:Ret  KERNEL32.GetPrivateProfileStringA() retval=0000001e ret=0040ed42
1328966.252:00ec:00f0:Call KERNEL32.GetPrivateProfileStringA(004c0c10 "OBJECTS",0022f1f8 "314",004e749c "",0022f238,00000400,0022f218 "IAM\\OBJECTS.TAG") ret=0040ed42
1328966.252:00ec:00f0:Ret  KERNEL32.GetPrivateProfileStringA() retval=0000000e ret=0040ed42
1328982.391:00ec:00f0:Call KERNEL32.GetPrivateProfileStringA(004c0844 "OBJECTS",0022f0f4 "142",004e749c "",0022f134,00000400,0022f114 "IAM\\OBJECTS.TAG") ret=0040ed42
1328982.393:00ec:00f0:Ret  KERNEL32.GetPrivateProfileStringA() retval=00000014 ret=0040ed42
1328988.116:00ec:00f0:Call KERNEL32.GetPrivateProfileStringA(004c06d8 "VARIABLES",0022f200 "60",004e749c "",0022f240,00000400,0022f220 "IAM\\VARIABLES.TAG") ret=0040ed42
1328988.118:00ec:00f0:Ret  KERNEL32.GetPrivateProfileStringA() retval=00000007 ret=0040ed42
1328988.118:00ec:00f0:Call KERNEL32.GetPrivateProfileStringA(004c0878 "VARIABLES",0022f1e4 "60",004e749c "",0022f224,00000400,0022f204 "IAM\\VARIABLES.TAG") ret=0040ed42
1328988.118:00ec:00f0:Ret  KERNEL32.GetPrivateProfileStringA() retval=00000007 ret=0040ed42
1328988.118:00ec:00f0:Call KERNEL32.GetPrivateProfileStringA(004c06d8 "VARIABLES",0022f200 "37",004e749c "",0022f240,00000400,0022f220 "IAM\\VARIABLES.TAG") ret=0040ed42
1328988.119:00ec:00f0:Ret  KERNEL32.GetPrivateProfileStringA() retval=00000006 ret=0040ed42
1328988.119:00ec:00f0:Call KERNEL32.GetPrivateProfileStringA(004c0878 "VARIABLES",0022f1e4 "37",004e749c "",0022f224,00000400,0022f204 "IAM\\VARIABLES.TAG") ret=0040ed42
1328988.119:00ec:00f0:Ret  KERNEL32.GetPrivateProfileStringA() retval=00000006 ret=0040ed42
1328988.119:00ec:00f0:Call KERNEL32.GetPrivateProfileStringA(004c06d8 "VARIABLES",0022f200 "629",004e749c "",0022f240,00000400,0022f220 "IAM\\VARIABLES.TAG") ret=0040ed42
1328988.119:00ec:00f0:Ret  KERNEL32.GetPrivateProfileStringA() retval=00000003 ret=0040ed42
1328988.119:00ec:00f0:Call KERNEL32.GetPrivateProfileStringA(004c06c4 "VARIABLES",0022f1fc "629",004e749c "",0022f23c,00000400,0022f21c "IAM\\VARIABLES.TAG") ret=0040ed42
1328988.119:00ec:00f0:Ret  KERNEL32.GetPrivateProfileStringA() retval=00000003 ret=0040ed42
1328988.119:00ec:00f0:Call KERNEL32.GetPrivateProfileStringA(004c07d8 "ZONES",0022f1fc "3795",004e749c "",0022f23c,00000400,0022f21c "IAM\\ZONES.TAG") ret=0040ed42
1328988.120:00ec:00f0:Ret  KERNEL32.GetPrivateProfileStringA() retval=00000000 ret=0040ed42
1328988.120:00ec:00f0:Call KERNEL32.GetPrivateProfileStringA(004c0740 "VARIABLES",0022f1f8 "629",004e749c "",0022f238,00000400,0022f218 "IAM\\VARIABLES.TAG") ret=0040ed42
1328988.120:00ec:00f0:Ret  KERNEL32.GetPrivateProfileStringA() retval=00000003 ret=0040ed42
1328988.120:00ec:00f0:Call KERNEL32.GetPrivateProfileStringA(004c0878 "VARIABLES",0022f1e4 "629",004e749c "",0022f224,00000400,0022f204 "IAM\\VARIABLES.TAG") ret=0040ed42
1328988.120:00ec:00f0:Ret  KERNEL32.GetPrivateProfileStringA() retval=00000003 ret=0040ed42
1329006.714:00ec:00f0:Call KERNEL32.GetPrivateProfileStringA(004c0844 "OBJECTS",0022f0f4 "141",004e749c "",0022f134,00000400,0022f114 "IAM\\OBJECTS.TAG") ret=0040ed42
1329006.716:00ec:00f0:Ret  KERNEL32.GetPrivateProfileStringA() retval=00000012 ret=0040ed42
1329035.157:00ec:00f0:Call KERNEL32.GetPrivateProfileStringA(004c06e4 "VARIABLES",0022f200 "626",004e749c "",0022f240,00000400,0022f220 "IAM\\VARIABLES.TAG") ret=0040ed42
1329035.161:00ec:00f0:Ret  KERNEL32.GetPrivateProfileStringA() retval=00000010 ret=0040ed42
1329035.161:00ec:00f0:Call KERNEL32.GetPrivateProfileStringA(004c0898 "CAMERAS",0022f1f8 "0",004e749c "",0022f238,00000400,0022f218 "IAM\\CAMERAS.TAG") ret=0040ed42
1329035.161:00ec:00f0:Ret  KERNEL32.GetPrivateProfileStringA() retval=0000000d ret=0040ed42
1329035.161:00ec:00f0:Call KERNEL32.GetPrivateProfileStringA(004c0844 "OBJECTS",0022f0f4 "404",004e749c "",0022f134,00000400,0022f114 "IAM\\OBJECTS.TAG") ret=0040ed42
1329035.161:00ec:00f0:Ret  KERNEL32.GetPrivateProfileStringA() retval=00000008 ret=0040ed42
1329035.162:00ec:00f0:Call KERNEL32.GetPrivateProfileStringA(004c0c38 "OBJECTS",0022f1f8 "162",004e749c "",0022f238,00000400,0022f218 "IAM\\OBJECTS.TAG") ret=0040ed42
1329035.164:00ec:00f0:Ret  KERNEL32.GetPrivateProfileStringA() retval=00000009 ret=0040ed42
1329035.164:00ec:00f0:Call KERNEL32.GetPrivateProfileStringA(004c07e8 "SCENES",0022f1f0 "57",004e749c "",0022f230,00000400,0022f210 "IAM\\SCENES.TAG") ret=0040ed42
1329035.164:00ec:00f0:Ret  KERNEL32.GetPrivateProfileStringA() retval=0000001a ret=0040ed42
1329035.164:00ec:00f0:Call KERNEL32.GetPrivateProfileStringA(004c082c "ADDRESSES",0022f1fc "0",004e749c "",0022f23c,00000400,0022f21c "IAM\\ADDRESSES.TAG") ret=0040ed42
1329035.164:00ec:00f0:Ret  KERNEL32.GetPrivateProfileStringA() retval=0000001e ret=0040ed42
1329035.164:00ec:00f0:Call KERNEL32.GetPrivateProfileStringA(004c06e4 "VARIABLES",0022f200 "61",004e749c "",0022f240,00000400,0022f220 "IAM\\VARIABLES.TAG") ret=0040ed42
1329035.164:00ec:00f0:Ret  KERNEL32.GetPrivateProfileStringA() retval=0000000d ret=0040ed42
1329035.164:00ec:00f0:Call KERNEL32.GetPrivateProfileStringA(004c06e4 "VARIABLES",0022f200 "67",004e749c "",0022f240,00000400,0022f220 "IAM\\VARIABLES.TAG") ret=0040ed42
1329035.164:00ec:00f0:Ret  KERNEL32.GetPrivateProfileStringA() retval=00000015 ret=0040ed42
1329035.164:00ec:00f0:Call KERNEL32.GetPrivateProfileStringA(004c06e4 "VARIABLES",0022f200 "84",004e749c "",0022f240,00000400,0022f220 "IAM\\VARIABLES.TAG") ret=0040ed42
1329035.165:00ec:00f0:Ret  KERNEL32.GetPrivateProfileStringA() retval=00000018 ret=0040ed42
1329035.165:00ec:00f0:Call KERNEL32.GetPrivateProfileStringA(004c06e4 "VARIABLES",0022f200 "85",004e749c "",0022f240,00000400,0022f220 "IAM\\VARIABLES.TAG") ret=0040ed42
1329035.165:00ec:00f0:Ret  KERNEL32.GetPrivateProfileStringA() retval=00000014 ret=0040ed42
1329035.165:00ec:00f0:Call KERNEL32.GetPrivateProfileStringA(004c06e4 "VARIABLES",0022f200 "86",004e749c "",0022f240,00000400,0022f220 "IAM\\VARIABLES.TAG") ret=0040ed42
1329035.165:00ec:00f0:Ret  KERNEL32.GetPrivateProfileStringA() retval=00000014 ret=0040ed42
1329049.686:00ec:00f0:Call KERNEL32.GetPrivateProfileStringA(004c0844 "OBJECTS",0022f0f4 "410",004e749c "",0022f134,00000400,0022f114 "IAM\\OBJECTS.TAG") ret=0040ed42
1329049.692:00ec:00f0:Ret  KERNEL32.GetPrivateProfileStringA() retval=00000008 ret=0040ed42
1329049.693:00ec:00f0:Call KERNEL32.GetPrivateProfileStringA(004c07e0 "ZONES",0022f1fc "3803",004e749c "",0022f23c,00000400,0022f21c "IAM\\ZONES.TAG") ret=0040ed42
1329049.694:00ec:00f0:Ret  KERNEL32.GetPrivateProfileStringA() retval=00000000 ret=0040ed42
1329049.921:00ec:00f0:Call KERNEL32.GetPrivateProfileStringA(004c0790 "AREAS",0022f1f4 "142",004e749c "",0022f234,00000400,0022f214 "IAM\\AREAS.TAG") ret=0040ed42
1329049.926:00ec:00f0:Ret  KERNEL32.GetPrivateProfileStringA() retval=00000013 ret=0040ed42
1329051.049:00ec:00f0:Call KERNEL32.GetPrivateProfileStringA(004c07d8 "ZONES",0022f1fc "3796",004e749c "",0022f23c,00000400,0022f21c "IAM\\ZONES.TAG") ret=0040ed42
1329051.050:00ec:00f0:Ret  KERNEL32.GetPrivateProfileStringA() retval=00000000 ret=0040ed42
1329052.686:00ec:00f0:Call KERNEL32.GetPrivateProfileStringA(004c07f0 "ADDRESSES",0022f1fc "653",004e749c "",0022f23c,00000400,0022f21c "IAM\\ADDRESSES.TAG") ret=0040ed42
1329052.692:00ec:00f0:Ret  KERNEL32.GetPrivateProfileStringA() retval=00000008 ret=0040ed42
1329052.692:00ec:00f0:Call KERNEL32.GetPrivateProfileStringA(004c0898 "CAMERAS",0022f1f8 "4290",004e749c "",0022f238,00000400,0022f218 "IAM\\CAMERAS.TAG") ret=0040ed42
1329052.692:00ec:00f0:Ret  KERNEL32.GetPrivateProfileStringA() retval=00000000 ret=0040ed42
1329052.692:00ec:00f0:Call KERNEL32.GetPrivateProfileStringA(004c0844 "OBJECTS",0022f0f4 "405",004e749c "",0022f134,00000400,0022f114 "IAM\\OBJECTS.TAG") ret=0040ed42
1329052.693:00ec:00f0:Ret  KERNEL32.GetPrivateProfileStringA() retval=00000008 ret=0040ed42
1329052.693:00ec:00f0:Call KERNEL32.GetPrivateProfileStringA(004c08a0 "CAMERAS",0022f1f0 "4291",004e749c "",0022f230,00000400,0022f210 "IAM\\CAMERAS.TAG") ret=0040ed42
1329052.694:00ec:00f0:Ret  KERNEL32.GetPrivateProfileStringA() retval=00000000 ret=0040ed42
1329052.703:00ec:00f0:Call KERNEL32.GetPrivateProfileStringA(004c07d8 "ZONES",0022f1fc "3796",004e749c "",0022f23c,00000400,0022f21c "IAM\\ZONES.TAG") ret=0040ed42
1329052.704:00ec:00f0:Ret  KERNEL32.GetPrivateProfileStringA() retval=00000000 ret=0040ed42
1329057.956:00ec:00f0:Call KERNEL32.GetPrivateProfileStringA(004c0844 "OBJECTS",0022f0f4 "406",004e749c "",0022f134,00000400,0022f114 "IAM\\OBJECTS.TAG") ret=0040ed42
1329057.958:00ec:00f0:Ret  KERNEL32.GetPrivateProfileStringA() retval=00000008 ret=0040ed42
1329057.959:00ec:00f0:Call KERNEL32.GetPrivateProfileStringA(004c08a0 "CAMERAS",0022f1f0 "4292",004e749c "",0022f230,00000400,0022f210 "IAM\\CAMERAS.TAG") ret=0040ed42
1329057.960:00ec:00f0:Ret  KERNEL32.GetPrivateProfileStringA() retval=00000000 ret=0040ed42
1329062.098:00ec:00f0:Call KERNEL32.GetPrivateProfileStringA(004c0898 "CAMERAS",0022f1f8 "0",004e749c "",0022f238,00000400,0022f218 "IAM\\CAMERAS.TAG") ret=0040ed42
1329062.099:00ec:00f0:Ret  KERNEL32.GetPrivateProfileStringA() retval=0000000d ret=0040ed42
1329062.100:00ec:00f0:Call KERNEL32.GetPrivateProfileStringA(004c07e0 "ZONES",0022f1fc "3795",004e749c "",0022f23c,00000400,0022f21c "IAM\\ZONES.TAG") ret=0040ed42
1329062.100:00ec:00f0:Ret  KERNEL32.GetPrivateProfileStringA() retval=00000000 ret=0040ed42
1329068.716:00ec:00f0:Call KERNEL32.GetPrivateProfileStringA(004c07d8 "ZONES",0022f1fc "3796",004e749c "",0022f23c,00000400,0022f21c "IAM\\ZONES.TAG") ret=0040ed42
1329068.725:00ec:00f0:Ret  KERNEL32.GetPrivateProfileStringA() retval=00000000 ret=0040ed42
1329091.886:00ec:00f0:Call KERNEL32.GetPrivateProfileStringA(004c06c4 "VARIABLES",0022f1fc "119",004e749c "",0022f23c,00000400,0022f21c "IAM\\VARIABLES.TAG") ret=0040ed42
1329091.890:00ec:00f0:Ret  KERNEL32.GetPrivateProfileStringA() retval=0000000d ret=0040ed42
1329091.890:00ec:00f0:Call KERNEL32.GetPrivateProfileStringA(004c0844 "OBJECTS",0022f0f4 "114",004e749c "",0022f134,00000400,0022f114 "IAM\\OBJECTS.TAG") ret=0040ed42
1329091.891:00ec:00f0:Ret  KERNEL32.GetPrivateProfileStringA() retval=0000000f ret=0040ed42
