1389450.453:0028:002c:trace:relay:load_list L"RelayInclude" = L"KERNEL32.GetPrivateProfileStringA"
1389450.473:0028:002c:trace:relay:load_list L"RelayInclude" = L"KERNEL32.GetPrivateProfileStringA"
1389450.580:0030:0034:trace:relay:load_list L"RelayInclude" = L"KERNEL32.GetPrivateProfileStringA"
1389450.603:0030:0034:trace:relay:load_list L"RelayInclude" = L"KERNEL32.GetPrivateProfileStringA"
1389450.712:003c:0040:trace:relay:load_list L"RelayInclude" = L"KERNEL32.GetPrivateProfileStringA"
1389450.730:003c:0040:trace:relay:load_list L"RelayInclude" = L"KERNEL32.GetPrivateProfileStringA"
1389450.846:0060:0064:trace:relay:load_list L"RelayInclude" = L"KERNEL32.GetPrivateProfileStringA"
1389450.864:0060:0064:trace:relay:load_list L"RelayInclude" = L"KERNEL32.GetPrivateProfileStringA"
1389451.032:0078:007c:trace:relay:load_list L"RelayInclude" = L"KERNEL32.GetPrivateProfileStringA"
1389451.049:0078:007c:trace:relay:load_list L"RelayInclude" = L"KERNEL32.GetPrivateProfileStringA"
1389451.148:0090:0094:trace:relay:load_list L"RelayInclude" = L"KERNEL32.GetPrivateProfileStringA"
1389451.165:0090:0094:trace:relay:load_list L"RelayInclude" = L"KERNEL32.GetPrivateProfileStringA"
1389451.531:0020:0024:trace:relay:load_list L"RelayInclude" = L"KERNEL32.GetPrivateProfileStringA"
1389451.550:0020:0024:trace:relay:load_list L"RelayInclude" = L"KERNEL32.GetPrivateProfileStringA"
1389451.709:00cc:00d0:trace:relay:load_list L"RelayInclude" = L"KERNEL32.GetPrivateProfileStringA"
1389451.727:00cc:00d0:trace:relay:load_list L"RelayInclude" = L"KERNEL32.GetPrivateProfileStringA"
1389451.899:00d4:00d8:trace:relay:load_list L"RelayInclude" = L"KERNEL32.GetPrivateProfileStringA"
1389451.917:00d4:00d8:trace:relay:load_list L"RelayInclude" = L"KERNEL32.GetPrivateProfileStringA"
1389452.777:00ec:00f0:trace:relay:load_list L"RelayInclude" = L"KERNEL32.GetPrivateProfileStringA"
1389452.797:00ec:00f0:trace:relay:load_list L"RelayInclude" = L"KERNEL32.GetPrivateProfileStringA"
1389452.842:00fc:0100:trace:relay:load_list L"RelayInclude" = L"KERNEL32.GetPrivateProfileStringA"
1389452.860:00fc:0100:trace:relay:load_list L"RelayInclude" = L"KERNEL32.GetPrivateProfileStringA"
1389464.051:00ec:00f0:Call KERNEL32.GetPrivateProfileStringA(004c06e4 "VARIABLES",0022f200 "175",004e749c "",0022f240,00000400,0022f220 "IAM\\VARIABLES.TAG") ret=0040ed42
1389464.055:00ec:00f0:Ret  KERNEL32.GetPrivateProfileStringA() retval=0000000d ret=0040ed42
1389464.055:00ec:00f0:Call KERNEL32.GetPrivateProfileStringA(004c06f0 "VARIABLES",0022f1fc "170",004e749c "",0022f23c,00000400,0022f21c "IAM\\VARIABLES.TAG") ret=0040ed42
1389464.056:00ec:00f0:Ret  KERNEL32.GetPrivateProfileStringA() retval=00000010 ret=0040ed42
1389464.059:00ec:00f0:Call KERNEL32.GetPrivateProfileStringA(004c0844 "OBJECTS",0022f0f4 "997",004e749c "",0022f134,00000400,0022f114 "IAM\\OBJECTS.TAG") ret=0040ed42
1389464.062:00ec:00f0:Ret  KERNEL32.GetPrivateProfileStringA() retval=0000001a ret=0040ed42
1389476.102:00ec:00f0:Call KERNEL32.GetPrivateProfileStringA(004c06c4 "VARIABLES",0022f1fc "19",004e749c "",0022f23c,00000400,0022f21c "IAM\\VARIABLES.TAG") ret=0040ed42
1389476.102:00ec:00f0:Ret  KERNEL32.GetPrivateProfileStringA() retval=00000009 ret=0040ed42
1389476.102:00ec:00f0:Call KERNEL32.GetPrivateProfileStringA(004c0898 "CAMERAS",0022f1f8 "2152",004e749c "",0022f238,00000400,0022f218 "IAM\\CAMERAS.TAG") ret=0040ed42
1389476.104:00ec:00f0:Ret  KERNEL32.GetPrivateProfileStringA() retval=0000001c ret=0040ed42
1389476.104:00ec:00f0:Call KERNEL32.GetPrivateProfileStringA(004c0898 "CAMERAS",0022f1f8 "2153",004e749c "",0022f238,00000400,0022f218 "IAM\\CAMERAS.TAG") ret=0040ed42
1389476.104:00ec:00f0:Ret  KERNEL32.GetPrivateProfileStringA() retval=00000014 ret=0040ed42
1389476.104:00ec:00f0:Call KERNEL32.GetPrivateProfileStringA(004c0844 "OBJECTS",0022f0f4 "753",004e749c "",0022f134,00000400,0022f114 "IAM\\OBJECTS.TAG") ret=0040ed42
1389476.104:00ec:00f0:Ret  KERNEL32.GetPrivateProfileStringA() retval=00000014 ret=0040ed42
1389476.105:00ec:00f0:Call KERNEL32.GetPrivateProfileStringA(004c08a0 "CAMERAS",0022f1f0 "2154",004e749c "",0022f230,00000400,0022f210 "IAM\\CAMERAS.TAG") ret=0040ed42
1389476.106:00ec:00f0:Ret  KERNEL32.GetPrivateProfileStringA() retval=00000014 ret=0040ed42
1389479.638:00ec:00f0:Call KERNEL32.GetPrivateProfileStringA(004c08a0 "CAMERAS",0022f1f0 "2158",004e749c "",0022f230,00000400,0022f210 "IAM\\CAMERAS.TAG") ret=0040ed42
1389479.642:00ec:00f0:Ret  KERNEL32.GetPrivateProfileStringA() retval=00000015 ret=0040ed42
1389480.649:00ec:00f0:Call KERNEL32.GetPrivateProfileStringA(004c06c4 "VARIABLES",0022f1fc "655",004e749c "",0022f23c,00000400,0022f21c "IAM\\VARIABLES.TAG") ret=0040ed42
1389480.650:00ec:00f0:Ret  KERNEL32.GetPrivateProfileStringA() retval=0000000b ret=0040ed42
1389480.650:00ec:00f0:Call KERNEL32.GetPrivateProfileStringA(004c06c4 "VARIABLES",0022f1fc "661",004e749c "",0022f23c,00000400,0022f21c "IAM\\VARIABLES.TAG") ret=0040ed42
1389480.651:00ec:00f0:Ret  KERNEL32.GetPrivateProfileStringA() retval=00000009 ret=0040ed42
1389480.651:00ec:00f0:Call KERNEL32.GetPrivateProfileStringA(004c06c4 "VARIABLES",0022f1fc "662",004e749c "",0022f23c,00000400,0022f21c "IAM\\VARIABLES.TAG") ret=0040ed42
1389480.651:00ec:00f0:Ret  KERNEL32.GetPrivateProfileStringA() retval=0000000c ret=0040ed42
1389489.289:00ec:00f0:Call KERNEL32.GetPrivateProfileStringA(004c06c4 "VARIABLES",0022f1fc "663",004e749c "",0022f23c,00000400,0022f21c "IAM\\VARIABLES.TAG") ret=0040ed42
1389489.291:00ec:00f0:Ret  KERNEL32.GetPrivateProfileStringA() retval=00000010 ret=0040ed42
1389489.291:00ec:00f0:Call KERNEL32.GetPrivateProfileStringA(004c0898 "CAMERAS",0022f1f8 "4457",004e749c "",0022f238,00000400,0022f218 "IAM\\CAMERAS.TAG") ret=0040ed42
1389489.292:00ec:00f0:Ret  KERNEL32.GetPrivateProfileStringA() retval=00000000 ret=0040ed42
1389490.444:00ec:00f0:Call KERNEL32.GetPrivateProfileStringA(004c06c4 "VARIABLES",0022f1fc "663",004e749c "",0022f23c,00000400,0022f21c "IAM\\VARIABLES.TAG") ret=0040ed42
1389490.445:00ec:00f0:Ret  KERNEL32.GetPrivateProfileStringA() retval=00000010 ret=0040ed42
1389490.445:00ec:00f0:Call KERNEL32.GetPrivateProfileStringA(004c0898 "CAMERAS",0022f1f8 "4457",004e749c "",0022f238,00000400,0022f218 "IAM\\CAMERAS.TAG") ret=0040ed42
1389490.445:00ec:00f0:Ret  KERNEL32.GetPrivateProfileStringA() retval=00000000 ret=0040ed42
1389491.487:00ec:00f0:Call KERNEL32.GetPrivateProfileStringA(004c0844 "OBJECTS",0022f0f4 "409",004e749c "",0022f134,00000400,0022f114 "IAM\\OBJECTS.TAG") ret=0040ed42
1389491.488:00ec:00f0:Ret  KERNEL32.GetPrivateProfileStringA() retval=00000008 ret=0040ed42
1389491.489:00ec:00f0:Call KERNEL32.GetPrivateProfileStringA(004c07e0 "ZONES",0022f1fc "4121",004e749c "",0022f23c,00000400,0022f21c "IAM\\ZONES.TAG") ret=0040ed42
1389491.491:00ec:00f0:Ret  KERNEL32.GetPrivateProfileStringA() retval=00000000 ret=0040ed42
1389491.491:00ec:00f0:Call KERNEL32.GetPrivateProfileStringA(004c07e0 "ZONES",0022f1fc "4122",004e749c "",0022f23c,00000400,0022f21c "IAM\\ZONES.TAG") ret=0040ed42
1389491.491:00ec:00f0:Ret  KERNEL32.GetPrivateProfileStringA() retval=00000000 ret=0040ed42
1389491.491:00ec:00f0:Call KERNEL32.GetPrivateProfileStringA(004c07e0 "ZONES",0022f1fc "4124",004e749c "",0022f23c,00000400,0022f21c "IAM\\ZONES.TAG") ret=0040ed42
1389491.492:00ec:00f0:Ret  KERNEL32.GetPrivateProfileStringA() retval=00000000 ret=0040ed42
1389491.492:00ec:00f0:Call KERNEL32.GetPrivateProfileStringA(004c07e0 "ZONES",0022f1fc "4125",004e749c "",0022f23c,00000400,0022f21c "IAM\\ZONES.TAG") ret=0040ed42
1389491.493:00ec:00f0:Ret  KERNEL32.GetPrivateProfileStringA() retval=00000000 ret=0040ed42
1389491.493:00ec:00f0:Call KERNEL32.GetPrivateProfileStringA(004c07e0 "ZONES",0022f1fc "4123",004e749c "",0022f23c,00000400,0022f21c "IAM\\ZONES.TAG") ret=0040ed42
1389491.494:00ec:00f0:Ret  KERNEL32.GetPrivateProfileStringA() retval=00000000 ret=0040ed42
1389491.663:00ec:00f0:Call KERNEL32.GetPrivateProfileStringA(004c0898 "CAMERAS",0022f1f8 "4461",004e749c "",0022f238,00000400,0022f218 "IAM\\CAMERAS.TAG") ret=0040ed42
1389491.664:00ec:00f0:Ret  KERNEL32.GetPrivateProfileStringA() retval=00000000 ret=0040ed42
1389493.482:00ec:00f0:Call KERNEL32.GetPrivateProfileStringA(004c07f0 "ADDRESSES",0022f1fc "686",004e749c "",0022f23c,00000400,0022f21c "IAM\\ADDRESSES.TAG") ret=0040ed42
1389493.485:00ec:00f0:Ret  KERNEL32.GetPrivateProfileStringA() retval=00000016 ret=0040ed42
1389493.485:00ec:00f0:Call KERNEL32.GetPrivateProfileStringA(004c0c38 "OBJECTS",0022f1f8 "32",004e749c "",0022f238,00000400,0022f218 "IAM\\OBJECTS.TAG") ret=0040ed42
1389493.485:00ec:00f0:Ret  KERNEL32.GetPrivateProfileStringA() retval=00000010 ret=0040ed42
1389497.923:00ec:00f0:Call KERNEL32.GetPrivateProfileStringA(004c0898 "CAMERAS",0022f1f8 "4457",004e749c "",0022f238,00000400,0022f218 "IAM\\CAMERAS.TAG") ret=0040ed42
1389497.925:00ec:00f0:Ret  KERNEL32.GetPrivateProfileStringA() retval=00000000 ret=0040ed42
1389499.166:00ec:00f0:Call KERNEL32.GetPrivateProfileStringA(004c0c40 "OBJECTS",0022f1f8 "32",004e749c "",0022f238,00000400,0022f218 "IAM\\OBJECTS.TAG") ret=0040ed42
1389499.168:00ec:00f0:Ret  KERNEL32.GetPrivateProfileStringA() retval=00000010 ret=0040ed42
1389499.582:00ec:00f0:Call KERNEL32.GetPrivateProfileStringA(004c0898 "CAMERAS",0022f1f8 "4453",004e749c "",0022f238,00000400,0022f218 "IAM\\CAMERAS.TAG") ret=0040ed42
1389499.585:00ec:00f0:Ret  KERNEL32.GetPrivateProfileStringA() retval=00000000 ret=0040ed42
1389500.169:00ec:00f0:Call KERNEL32.GetPrivateProfileStringA(004c0898 "CAMERAS",0022f1f8 "4453",004e749c "",0022f238,00000400,0022f218 "IAM\\CAMERAS.TAG") ret=0040ed42
1389500.170:00ec:00f0:Ret  KERNEL32.GetPrivateProfileStringA() retval=00000000 ret=0040ed42
1389501.722:00ec:00f0:Call KERNEL32.GetPrivateProfileStringA(004c0898 "CAMERAS",0022f1f8 "4460",004e749c "",0022f238,00000400,0022f218 "IAM\\CAMERAS.TAG") ret=0040ed42
1389501.727:00ec:00f0:Ret  KERNEL32.GetPrivateProfileStringA() retval=00000000 ret=0040ed42
1389502.417:00ec:00f0:Call KERNEL32.GetPrivateProfileStringA(004c07f0 "ADDRESSES",0022f1fc "685",004e749c "",0022f23c,00000400,0022f21c "IAM\\ADDRESSES.TAG") ret=0040ed42
1389502.418:00ec:00f0:Ret  KERNEL32.GetPrivateProfileStringA() retval=00000015 ret=0040ed42
1389502.418:00ec:00f0:Call KERNEL32.GetPrivateProfileStringA(004c0c38 "OBJECTS",0022f1f8 "457",004e749c "",0022f238,00000400,0022f218 "IAM\\OBJECTS.TAG") ret=0040ed42
1389502.418:00ec:00f0:Ret  KERNEL32.GetPrivateProfileStringA() retval=0000001e ret=0040ed42
1389502.418:00ec:00f0:Call KERNEL32.GetPrivateProfileStringA(004c0c38 "OBJECTS",0022f1f8 "31",004e749c "",0022f238,00000400,0022f218 "IAM\\OBJECTS.TAG") ret=0040ed42
1389502.418:00ec:00f0:Ret  KERNEL32.GetPrivateProfileStringA() retval=00000005 ret=0040ed42
1389509.158:00ec:00f0:Call KERNEL32.GetPrivateProfileStringA(004c0898 "CAMERAS",0022f1f8 "4453",004e749c "",0022f238,00000400,0022f218 "IAM\\CAMERAS.TAG") ret=0040ed42
1389509.159:00ec:00f0:Ret  KERNEL32.GetPrivateProfileStringA() retval=00000000 ret=0040ed42
1389509.758:00ec:00f0:Call KERNEL32.GetPrivateProfileStringA(004c06e4 "VARIABLES",0022f200 "649",004e749c "",0022f240,00000400,0022f220 "IAM\\VARIABLES.TAG") ret=0040ed42
1389509.758:00ec:00f0:Ret  KERNEL32.GetPrivateProfileStringA() retval=00000011 ret=0040ed42
1389509.823:00ec:00f0:Call KERNEL32.GetPrivateProfileStringA(004c0898 "CAMERAS",0022f1f8 "4453",004e749c "",0022f238,00000400,0022f218 "IAM\\CAMERAS.TAG") ret=0040ed42
1389509.826:00ec:00f0:Ret  KERNEL32.GetPrivateProfileStringA() retval=00000000 ret=0040ed42
1389510.454:00ec:00f0:Call KERNEL32.GetPrivateProfileStringA(004c0c40 "OBJECTS",0022f1f8 "457",004e749c "",0022f238,00000400,0022f218 "IAM\\OBJECTS.TAG") ret=0040ed42
1389510.456:00ec:00f0:Ret  KERNEL32.GetPrivateProfileStringA() retval=0000001e ret=0040ed42
1389510.456:00ec:00f0:Call KERNEL32.GetPrivateProfileStringA(004c0c40 "OBJECTS",0022f1f8 "31",004e749c "",0022f238,00000400,0022f218 "IAM\\OBJECTS.TAG") ret=0040ed42
1389510.456:00ec:00f0:Ret  KERNEL32.GetPrivateProfileStringA() retval=00000005 ret=0040ed42
1389511.114:00ec:00f0:Call KERNEL32.GetPrivateProfileStringA(004c06c4 "VARIABLES",0022f1fc "649",004e749c "",0022f23c,00000400,0022f21c "IAM\\VARIABLES.TAG") ret=0040ed42
1389511.116:00ec:00f0:Ret  KERNEL32.GetPrivateProfileStringA() retval=00000011 ret=0040ed42
1389511.116:00ec:00f0:Call KERNEL32.GetPrivateProfileStringA(004c07e0 "ZONES",0022f1fc "4063",004e749c "",0022f23c,00000400,0022f21c "IAM\\ZONES.TAG") ret=0040ed42
1389511.116:00ec:00f0:Ret  KERNEL32.GetPrivateProfileStringA() retval=00000000 ret=0040ed42
1389511.116:00ec:00f0:Call KERNEL32.GetPrivateProfileStringA(004c07e0 "ZONES",0022f1fc "4114",004e749c "",0022f23c,00000400,0022f21c "IAM\\ZONES.TAG") ret=0040ed42
1389511.117:00ec:00f0:Ret  KERNEL32.GetPrivateProfileStringA() retval=00000000 ret=0040ed42
1389511.117:00ec:00f0:Call KERNEL32.GetPrivateProfileStringA(004c07e0 "ZONES",0022f1fc "4116",004e749c "",0022f23c,00000400,0022f21c "IAM\\ZONES.TAG") ret=0040ed42
1389511.118:00ec:00f0:Ret  KERNEL32.GetPrivateProfileStringA() retval=00000000 ret=0040ed42
1389511.118:00ec:00f0:Call KERNEL32.GetPrivateProfileStringA(004c06e4 "VARIABLES",0022f200 "648",004e749c "",0022f240,00000400,0022f220 "IAM\\VARIABLES.TAG") ret=0040ed42
1389511.118:00ec:00f0:Ret  KERNEL32.GetPrivateProfileStringA() retval=00000013 ret=0040ed42
1389525.158:00ec:00f0:Call KERNEL32.GetPrivateProfileStringA(004c0c38 "OBJECTS",0022f1f8 "42",004e749c "",0022f238,00000400,0022f218 "IAM\\OBJECTS.TAG") ret=0040ed42
1389525.159:00ec:00f0:Ret  KERNEL32.GetPrivateProfileStringA() retval=00000009 ret=0040ed42
1389525.159:00ec:00f0:Call KERNEL32.GetPrivateProfileStringA(004c07f0 "ADDRESSES",0022f1fc "678",004e749c "",0022f23c,00000400,0022f21c "IAM\\ADDRESSES.TAG") ret=0040ed42
1389525.159:00ec:00f0:Ret  KERNEL32.GetPrivateProfileStringA() retval=00000016 ret=0040ed42
1389525.159:00ec:00f0:Call KERNEL32.GetPrivateProfileStringA(004c07cc "DIALOGS",0022f1fc "402",004e749c "",0022f23c,00000400,0022f21c "IAM\\DIALOGS.TAG") ret=0040ed42
1389525.160:00ec:00f0:Ret  KERNEL32.GetPrivateProfileStringA() retval=0000000c ret=0040ed42
1389548.805:00ec:00f0:Call KERNEL32.GetPrivateProfileStringA(004c06e4 "VARIABLES",0022f118 "670",004e749c "",0022f158,00000400,0022f138 "IAM\\VARIABLES.TAG") ret=0040ed42
1389548.805:00ec:00f0:Ret  KERNEL32.GetPrivateProfileStringA() retval=0000000b ret=0040ed42
1389570.186:00ec:00f0:Call KERNEL32.GetPrivateProfileStringA(004c06e4 "VARIABLES",0022f118 "667",004e749c "",0022f158,00000400,0022f138 "IAM\\VARIABLES.TAG") ret=0040ed42
1389570.186:00ec:00f0:Ret  KERNEL32.GetPrivateProfileStringA() retval=0000000d ret=0040ed42
1389620.411:00ec:00f0:Call KERNEL32.GetPrivateProfileStringA(004c06c4 "VARIABLES",0022f100 "670",004e749c "",0022f140,00000400,0022f120 "IAM\\VARIABLES.TAG") ret=0040ed42
1389620.412:00ec:00f0:Ret  KERNEL32.GetPrivateProfileStringA() retval=0000000b ret=0040ed42
1389631.600:00ec:00f0:Call KERNEL32.GetPrivateProfileStringA(004c06c4 "VARIABLES",0022f100 "669",004e749c "",0022f140,00000400,0022f120 "IAM\\VARIABLES.TAG") ret=0040ed42
1389631.600:00ec:00f0:Ret  KERNEL32.GetPrivateProfileStringA() retval=0000000e ret=0040ed42
1389631.600:00ec:00f0:Call KERNEL32.GetPrivateProfileStringA(004c06c4 "VARIABLES",0022f100 "668",004e749c "",0022f140,00000400,0022f120 "IAM\\VARIABLES.TAG") ret=0040ed42
1389631.600:00ec:00f0:Ret  KERNEL32.GetPrivateProfileStringA() retval=0000000d ret=0040ed42
1389631.600:00ec:00f0:Call KERNEL32.GetPrivateProfileStringA(004c06c4 "VARIABLES",0022f100 "667",004e749c "",0022f140,00000400,0022f120 "IAM\\VARIABLES.TAG") ret=0040ed42
1389631.600:00ec:00f0:Ret  KERNEL32.GetPrivateProfileStringA() retval=0000000d ret=0040ed42
1389631.600:00ec:00f0:Call KERNEL32.GetPrivateProfileStringA(004c06c4 "VARIABLES",0022f100 "671",004e749c "",0022f140,00000400,0022f120 "IAM\\VARIABLES.TAG") ret=0040ed42
1389631.600:00ec:00f0:Ret  KERNEL32.GetPrivateProfileStringA() retval=00000009 ret=0040ed42
1389631.600:00ec:00f0:Call KERNEL32.GetPrivateProfileStringA(004c06c4 "VARIABLES",0022f100 "670",004e749c "",0022f140,00000400,0022f120 "IAM\\VARIABLES.TAG") ret=0040ed42
1389631.601:00ec:00f0:Ret  KERNEL32.GetPrivateProfileStringA() retval=0000000b ret=0040ed42
1389645.724:00ec:00f0:Call KERNEL32.GetPrivateProfileStringA(004c0844 "OBJECTS",0022f00c "534",004e749c "",0022f04c,00000400,0022f02c "IAM\\OBJECTS.TAG") ret=0040ed42
1389645.725:00ec:00f0:Ret  KERNEL32.GetPrivateProfileStringA() retval=00000017 ret=0040ed42
