1330232.228:0028:002c:trace:relay:load_list L"RelayInclude" = L"KERNEL32.GetPrivateProfileStringA"
1330232.249:0028:002c:trace:relay:load_list L"RelayInclude" = L"KERNEL32.GetPrivateProfileStringA"
1330232.356:0030:0034:trace:relay:load_list L"RelayInclude" = L"KERNEL32.GetPrivateProfileStringA"
1330232.375:0030:0034:trace:relay:load_list L"RelayInclude" = L"KERNEL32.GetPrivateProfileStringA"
1330232.472:003c:0040:trace:relay:load_list L"RelayInclude" = L"KERNEL32.GetPrivateProfileStringA"
1330232.490:003c:0040:trace:relay:load_list L"RelayInclude" = L"KERNEL32.GetPrivateProfileStringA"
1330232.591:0060:0064:trace:relay:load_list L"RelayInclude" = L"KERNEL32.GetPrivateProfileStringA"
1330232.608:0060:0064:trace:relay:load_list L"RelayInclude" = L"KERNEL32.GetPrivateProfileStringA"
1330232.774:0078:007c:trace:relay:load_list L"RelayInclude" = L"KERNEL32.GetPrivateProfileStringA"
1330232.791:0078:007c:trace:relay:load_list L"RelayInclude" = L"KERNEL32.GetPrivateProfileStringA"
1330232.886:0090:0094:trace:relay:load_list L"RelayInclude" = L"KERNEL32.GetPrivateProfileStringA"
1330232.903:0090:0094:trace:relay:load_list L"RelayInclude" = L"KERNEL32.GetPrivateProfileStringA"
1330233.305:0020:0024:trace:relay:load_list L"RelayInclude" = L"KERNEL32.GetPrivateProfileStringA"
1330233.322:0020:0024:trace:relay:load_list L"RelayInclude" = L"KERNEL32.GetPrivateProfileStringA"
1330233.471:00cc:00d0:trace:relay:load_list L"RelayInclude" = L"KERNEL32.GetPrivateProfileStringA"
1330233.489:00cc:00d0:trace:relay:load_list L"RelayInclude" = L"KERNEL32.GetPrivateProfileStringA"
1330233.653:00d4:00d8:trace:relay:load_list L"RelayInclude" = L"KERNEL32.GetPrivateProfileStringA"
1330233.670:00d4:00d8:trace:relay:load_list L"RelayInclude" = L"KERNEL32.GetPrivateProfileStringA"
1330234.126:00ec:00f0:trace:relay:load_list L"RelayInclude" = L"KERNEL32.GetPrivateProfileStringA"
1330234.144:00ec:00f0:trace:relay:load_list L"RelayInclude" = L"KERNEL32.GetPrivateProfileStringA"
1330234.183:00fc:0100:trace:relay:load_list L"RelayInclude" = L"KERNEL32.GetPrivateProfileStringA"
1330234.208:00fc:0100:trace:relay:load_list L"RelayInclude" = L"KERNEL32.GetPrivateProfileStringA"
1330243.626:00ec:00f0:Call KERNEL32.GetPrivateProfileStringA(004c06e4 "VARIABLES",0022f200 "175",004e749c "",0022f240,00000400,0022f220 "IAM\\VARIABLES.TAG") ret=0040ed42
1330243.658:00ec:00f0:Ret  KERNEL32.GetPrivateProfileStringA() retval=0000000d ret=0040ed42
1330243.658:00ec:00f0:Call KERNEL32.GetPrivateProfileStringA(004c06f0 "VARIABLES",0022f1fc "170",004e749c "",0022f23c,00000400,0022f21c "IAM\\VARIABLES.TAG") ret=0040ed42
1330243.659:00ec:00f0:Ret  KERNEL32.GetPrivateProfileStringA() retval=00000010 ret=0040ed42
1330243.662:00ec:00f0:Call KERNEL32.GetPrivateProfileStringA(004c0844 "OBJECTS",0022f0f4 "997",004e749c "",0022f134,00000400,0022f114 "IAM\\OBJECTS.TAG") ret=0040ed42
1330243.665:00ec:00f0:Ret  KERNEL32.GetPrivateProfileStringA() retval=0000001a ret=0040ed42
1330251.735:00ec:00f0:Call KERNEL32.GetPrivateProfileStringA(004c06c4 "VARIABLES",0022f1fc "19",004e749c "",0022f23c,00000400,0022f21c "IAM\\VARIABLES.TAG") ret=0040ed42
1330251.735:00ec:00f0:Ret  KERNEL32.GetPrivateProfileStringA() retval=00000009 ret=0040ed42
1330251.735:00ec:00f0:Call KERNEL32.GetPrivateProfileStringA(004c0898 "CAMERAS",0022f1f8 "2172",004e749c "",0022f238,00000400,0022f218 "IAM\\CAMERAS.TAG") ret=0040ed42
1330251.736:00ec:00f0:Ret  KERNEL32.GetPrivateProfileStringA() retval=00000017 ret=0040ed42
1330251.736:00ec:00f0:Call KERNEL32.GetPrivateProfileStringA(004c0898 "CAMERAS",0022f1f8 "2148",004e749c "",0022f238,00000400,0022f218 "IAM\\CAMERAS.TAG") ret=0040ed42
1330251.736:00ec:00f0:Ret  KERNEL32.GetPrivateProfileStringA() retval=00000018 ret=0040ed42
1330258.153:00ec:00f0:Call KERNEL32.GetPrivateProfileStringA(004c07cc "DIALOGS",0022f1fc "272",004e749c "",0022f23c,00000400,0022f21c "IAM\\DIALOGS.TAG") ret=0040ed42
1330258.159:00ec:00f0:Ret  KERNEL32.GetPrivateProfileStringA() retval=0000000d ret=0040ed42
1330259.627:00ec:00f0:Call KERNEL32.GetPrivateProfileStringA(004c0898 "CAMERAS",0022f1f8 "2148",004e749c "",0022f238,00000400,0022f218 "IAM\\CAMERAS.TAG") ret=0040ed42
1330259.628:00ec:00f0:Ret  KERNEL32.GetPrivateProfileStringA() retval=00000018 ret=0040ed42
1330259.628:00ec:00f0:Call KERNEL32.GetPrivateProfileStringA(004c0898 "CAMERAS",0022f1f8 "2152",004e749c "",0022f238,00000400,0022f218 "IAM\\CAMERAS.TAG") ret=0040ed42
1330259.628:00ec:00f0:Ret  KERNEL32.GetPrivateProfileStringA() retval=0000001c ret=0040ed42
1330261.525:00ec:00f0:Call KERNEL32.GetPrivateProfileStringA(004c08a0 "CAMERAS",0022f1f0 "2152",004e749c "",0022f230,00000400,0022f210 "IAM\\CAMERAS.TAG") ret=0040ed42
1330261.525:00ec:00f0:Ret  KERNEL32.GetPrivateProfileStringA() retval=0000001c ret=0040ed42
1330261.525:00ec:00f0:Call KERNEL32.GetPrivateProfileStringA(004c0898 "CAMERAS",0022f1f8 "2153",004e749c "",0022f238,00000400,0022f218 "IAM\\CAMERAS.TAG") ret=0040ed42
1330261.526:00ec:00f0:Ret  KERNEL32.GetPrivateProfileStringA() retval=00000014 ret=0040ed42
1330261.526:00ec:00f0:Call KERNEL32.GetPrivateProfileStringA(004c08a0 "CAMERAS",0022f1f0 "2154",004e749c "",0022f230,00000400,0022f210 "IAM\\CAMERAS.TAG") ret=0040ed42
1330261.526:00ec:00f0:Ret  KERNEL32.GetPrivateProfileStringA() retval=00000014 ret=0040ed42
1330267.843:00ec:00f0:Call KERNEL32.GetPrivateProfileStringA(004c08a0 "CAMERAS",0022f1f0 "2158",004e749c "",0022f230,00000400,0022f210 "IAM\\CAMERAS.TAG") ret=0040ed42
1330267.850:00ec:00f0:Ret  KERNEL32.GetPrivateProfileStringA() retval=00000015 ret=0040ed42
1330268.723:00ec:00f0:Call KERNEL32.GetPrivateProfileStringA(004c0790 "AREAS",0022f1f4 "222",004e749c "",0022f234,00000400,0022f214 "IAM\\AREAS.TAG") ret=0040ed42
1330268.725:00ec:00f0:Ret  KERNEL32.GetPrivateProfileStringA() retval=0000000f ret=0040ed42
1330268.769:00ec:00f0:Call KERNEL32.GetPrivateProfileStringA(004c07e8 "SCENES",0022f1f0 "55",004e749c "",0022f230,00000400,0022f210 "IAM\\SCENES.TAG") ret=0040ed42
1330268.769:00ec:00f0:Ret  KERNEL32.GetPrivateProfileStringA() retval=0000000c ret=0040ed42
1330268.775:00ec:00f0:Call KERNEL32.GetPrivateProfileStringA(004c07f0 "ADDRESSES",0022f1fc "654",004e749c "",0022f23c,00000400,0022f21c "IAM\\ADDRESSES.TAG") ret=0040ed42
1330268.776:00ec:00f0:Ret  KERNEL32.GetPrivateProfileStringA() retval=0000000d ret=0040ed42
1330268.776:00ec:00f0:Call KERNEL32.GetPrivateProfileStringA(004c0798 "AREAS",0022f1fc "118",004e749c "",0022f23c,00000400,0022f21c "IAM\\AREAS.TAG") ret=0040ed42
1330268.776:00ec:00f0:Ret  KERNEL32.GetPrivateProfileStringA() retval=00000012 ret=0040ed42
1330268.776:00ec:00f0:Call KERNEL32.GetPrivateProfileStringA(004c06c4 "VARIABLES",0022f1fc "626",004e749c "",0022f23c,00000400,0022f21c "IAM\\VARIABLES.TAG") ret=0040ed42
1330268.777:00ec:00f0:Ret  KERNEL32.GetPrivateProfileStringA() retval=00000010 ret=0040ed42
1330268.782:00ec:00f0:Call KERNEL32.GetPrivateProfileStringA(004c082c "ADDRESSES",0022f1fc "0",004e749c "",0022f23c,00000400,0022f21c "IAM\\ADDRESSES.TAG") ret=0040ed42
1330268.782:00ec:00f0:Ret  KERNEL32.GetPrivateProfileStringA() retval=0000001e ret=0040ed42
1330268.782:00ec:00f0:Call KERNEL32.GetPrivateProfileStringA(004c0c10 "OBJECTS",0022f1f8 "314",004e749c "",0022f238,00000400,0022f218 "IAM\\OBJECTS.TAG") ret=0040ed42
1330268.782:00ec:00f0:Ret  KERNEL32.GetPrivateProfileStringA() retval=0000000e ret=0040ed42
1330284.969:00ec:00f0:Call KERNEL32.GetPrivateProfileStringA(004c0844 "OBJECTS",0022f0f4 "142",004e749c "",0022f134,00000400,0022f114 "IAM\\OBJECTS.TAG") ret=0040ed42
1330284.970:00ec:00f0:Ret  KERNEL32.GetPrivateProfileStringA() retval=00000014 ret=0040ed42
1330290.683:00ec:00f0:Call KERNEL32.GetPrivateProfileStringA(004c06d8 "VARIABLES",0022f200 "60",004e749c "",0022f240,00000400,0022f220 "IAM\\VARIABLES.TAG") ret=0040ed42
1330290.683:00ec:00f0:Ret  KERNEL32.GetPrivateProfileStringA() retval=00000007 ret=0040ed42
1330290.683:00ec:00f0:Call KERNEL32.GetPrivateProfileStringA(004c0878 "VARIABLES",0022f1e4 "60",004e749c "",0022f224,00000400,0022f204 "IAM\\VARIABLES.TAG") ret=0040ed42
1330290.683:00ec:00f0:Ret  KERNEL32.GetPrivateProfileStringA() retval=00000007 ret=0040ed42
1330290.683:00ec:00f0:Call KERNEL32.GetPrivateProfileStringA(004c06d8 "VARIABLES",0022f200 "37",004e749c "",0022f240,00000400,0022f220 "IAM\\VARIABLES.TAG") ret=0040ed42
1330290.684:00ec:00f0:Ret  KERNEL32.GetPrivateProfileStringA() retval=00000006 ret=0040ed42
1330290.684:00ec:00f0:Call KERNEL32.GetPrivateProfileStringA(004c0878 "VARIABLES",0022f1e4 "37",004e749c "",0022f224,00000400,0022f204 "IAM\\VARIABLES.TAG") ret=0040ed42
1330290.684:00ec:00f0:Ret  KERNEL32.GetPrivateProfileStringA() retval=00000006 ret=0040ed42
1330290.684:00ec:00f0:Call KERNEL32.GetPrivateProfileStringA(004c06d8 "VARIABLES",0022f200 "629",004e749c "",0022f240,00000400,0022f220 "IAM\\VARIABLES.TAG") ret=0040ed42
1330290.684:00ec:00f0:Ret  KERNEL32.GetPrivateProfileStringA() retval=00000003 ret=0040ed42
1330290.684:00ec:00f0:Call KERNEL32.GetPrivateProfileStringA(004c06c4 "VARIABLES",0022f1fc "629",004e749c "",0022f23c,00000400,0022f21c "IAM\\VARIABLES.TAG") ret=0040ed42
1330290.684:00ec:00f0:Ret  KERNEL32.GetPrivateProfileStringA() retval=00000003 ret=0040ed42
1330290.684:00ec:00f0:Call KERNEL32.GetPrivateProfileStringA(004c07d8 "ZONES",0022f1fc "3795",004e749c "",0022f23c,00000400,0022f21c "IAM\\ZONES.TAG") ret=0040ed42
1330290.685:00ec:00f0:Ret  KERNEL32.GetPrivateProfileStringA() retval=00000000 ret=0040ed42
1330290.685:00ec:00f0:Call KERNEL32.GetPrivateProfileStringA(004c0740 "VARIABLES",0022f1f8 "629",004e749c "",0022f238,00000400,0022f218 "IAM\\VARIABLES.TAG") ret=0040ed42
1330290.685:00ec:00f0:Ret  KERNEL32.GetPrivateProfileStringA() retval=00000003 ret=0040ed42
1330290.685:00ec:00f0:Call KERNEL32.GetPrivateProfileStringA(004c0878 "VARIABLES",0022f1e4 "629",004e749c "",0022f224,00000400,0022f204 "IAM\\VARIABLES.TAG") ret=0040ed42
1330290.685:00ec:00f0:Ret  KERNEL32.GetPrivateProfileStringA() retval=00000003 ret=0040ed42
1330309.193:00ec:00f0:Call KERNEL32.GetPrivateProfileStringA(004c0844 "OBJECTS",0022f0f4 "141",004e749c "",0022f134,00000400,0022f114 "IAM\\OBJECTS.TAG") ret=0040ed42
1330309.194:00ec:00f0:Ret  KERNEL32.GetPrivateProfileStringA() retval=00000012 ret=0040ed42
1330337.757:00ec:00f0:Call KERNEL32.GetPrivateProfileStringA(004c06e4 "VARIABLES",0022f200 "626",004e749c "",0022f240,00000400,0022f220 "IAM\\VARIABLES.TAG") ret=0040ed42
1330337.761:00ec:00f0:Ret  KERNEL32.GetPrivateProfileStringA() retval=00000010 ret=0040ed42
1330337.761:00ec:00f0:Call KERNEL32.GetPrivateProfileStringA(004c0898 "CAMERAS",0022f1f8 "0",004e749c "",0022f238,00000400,0022f218 "IAM\\CAMERAS.TAG") ret=0040ed42
1330337.761:00ec:00f0:Ret  KERNEL32.GetPrivateProfileStringA() retval=0000000d ret=0040ed42
1330337.761:00ec:00f0:Call KERNEL32.GetPrivateProfileStringA(004c0844 "OBJECTS",0022f0f4 "404",004e749c "",0022f134,00000400,0022f114 "IAM\\OBJECTS.TAG") ret=0040ed42
1330337.761:00ec:00f0:Ret  KERNEL32.GetPrivateProfileStringA() retval=00000008 ret=0040ed42
1330337.763:00ec:00f0:Call KERNEL32.GetPrivateProfileStringA(004c0c38 "OBJECTS",0022f1f8 "162",004e749c "",0022f238,00000400,0022f218 "IAM\\OBJECTS.TAG") ret=0040ed42
1330337.763:00ec:00f0:Ret  KERNEL32.GetPrivateProfileStringA() retval=00000009 ret=0040ed42
1330337.763:00ec:00f0:Call KERNEL32.GetPrivateProfileStringA(004c07e8 "SCENES",0022f1f0 "57",004e749c "",0022f230,00000400,0022f210 "IAM\\SCENES.TAG") ret=0040ed42
1330337.763:00ec:00f0:Ret  KERNEL32.GetPrivateProfileStringA() retval=0000001a ret=0040ed42
1330337.763:00ec:00f0:Call KERNEL32.GetPrivateProfileStringA(004c082c "ADDRESSES",0022f1fc "0",004e749c "",0022f23c,00000400,0022f21c "IAM\\ADDRESSES.TAG") ret=0040ed42
1330337.764:00ec:00f0:Ret  KERNEL32.GetPrivateProfileStringA() retval=0000001e ret=0040ed42
1330337.764:00ec:00f0:Call KERNEL32.GetPrivateProfileStringA(004c06e4 "VARIABLES",0022f200 "61",004e749c "",0022f240,00000400,0022f220 "IAM\\VARIABLES.TAG") ret=0040ed42
1330337.764:00ec:00f0:Ret  KERNEL32.GetPrivateProfileStringA() retval=0000000d ret=0040ed42
1330337.764:00ec:00f0:Call KERNEL32.GetPrivateProfileStringA(004c06e4 "VARIABLES",0022f200 "67",004e749c "",0022f240,00000400,0022f220 "IAM\\VARIABLES.TAG") ret=0040ed42
1330337.764:00ec:00f0:Ret  KERNEL32.GetPrivateProfileStringA() retval=00000015 ret=0040ed42
1330337.764:00ec:00f0:Call KERNEL32.GetPrivateProfileStringA(004c06e4 "VARIABLES",0022f200 "84",004e749c "",0022f240,00000400,0022f220 "IAM\\VARIABLES.TAG") ret=0040ed42
1330337.764:00ec:00f0:Ret  KERNEL32.GetPrivateProfileStringA() retval=00000018 ret=0040ed42
1330337.764:00ec:00f0:Call KERNEL32.GetPrivateProfileStringA(004c06e4 "VARIABLES",0022f200 "85",004e749c "",0022f240,00000400,0022f220 "IAM\\VARIABLES.TAG") ret=0040ed42
1330337.764:00ec:00f0:Ret  KERNEL32.GetPrivateProfileStringA() retval=00000014 ret=0040ed42
1330337.764:00ec:00f0:Call KERNEL32.GetPrivateProfileStringA(004c06e4 "VARIABLES",0022f200 "86",004e749c "",0022f240,00000400,0022f220 "IAM\\VARIABLES.TAG") ret=0040ed42
1330337.764:00ec:00f0:Ret  KERNEL32.GetPrivateProfileStringA() retval=00000014 ret=0040ed42
1330340.729:00ec:00f0:Call KERNEL32.GetPrivateProfileStringA(004c0844 "OBJECTS",0022f0f4 "410",004e749c "",0022f134,00000400,0022f114 "IAM\\OBJECTS.TAG") ret=0040ed42
1330340.730:00ec:00f0:Ret  KERNEL32.GetPrivateProfileStringA() retval=00000008 ret=0040ed42
1330340.731:00ec:00f0:Call KERNEL32.GetPrivateProfileStringA(004c07e0 "ZONES",0022f1fc "3803",004e749c "",0022f23c,00000400,0022f21c "IAM\\ZONES.TAG") ret=0040ed42
1330340.732:00ec:00f0:Ret  KERNEL32.GetPrivateProfileStringA() retval=00000000 ret=0040ed42
1330340.963:00ec:00f0:Call KERNEL32.GetPrivateProfileStringA(004c0790 "AREAS",0022f1f4 "142",004e749c "",0022f234,00000400,0022f214 "IAM\\AREAS.TAG") ret=0040ed42
1330340.966:00ec:00f0:Ret  KERNEL32.GetPrivateProfileStringA() retval=00000013 ret=0040ed42
1330341.903:00ec:00f0:Call KERNEL32.GetPrivateProfileStringA(004c07d8 "ZONES",0022f1fc "3796",004e749c "",0022f23c,00000400,0022f21c "IAM\\ZONES.TAG") ret=0040ed42
1330341.907:00ec:00f0:Ret  KERNEL32.GetPrivateProfileStringA() retval=00000000 ret=0040ed42
1330342.536:00ec:00f0:Call KERNEL32.GetPrivateProfileStringA(004c07f0 "ADDRESSES",0022f1fc "653",004e749c "",0022f23c,00000400,0022f21c "IAM\\ADDRESSES.TAG") ret=0040ed42
1330342.537:00ec:00f0:Ret  KERNEL32.GetPrivateProfileStringA() retval=00000008 ret=0040ed42
1330342.537:00ec:00f0:Call KERNEL32.GetPrivateProfileStringA(004c0898 "CAMERAS",0022f1f8 "4290",004e749c "",0022f238,00000400,0022f218 "IAM\\CAMERAS.TAG") ret=0040ed42
1330342.538:00ec:00f0:Ret  KERNEL32.GetPrivateProfileStringA() retval=00000000 ret=0040ed42
1330342.538:00ec:00f0:Call KERNEL32.GetPrivateProfileStringA(004c0844 "OBJECTS",0022f0f4 "405",004e749c "",0022f134,00000400,0022f114 "IAM\\OBJECTS.TAG") ret=0040ed42
1330342.538:00ec:00f0:Ret  KERNEL32.GetPrivateProfileStringA() retval=00000008 ret=0040ed42
1330342.538:00ec:00f0:Call KERNEL32.GetPrivateProfileStringA(004c08a0 "CAMERAS",0022f1f0 "4291",004e749c "",0022f230,00000400,0022f210 "IAM\\CAMERAS.TAG") ret=0040ed42
1330342.539:00ec:00f0:Ret  KERNEL32.GetPrivateProfileStringA() retval=00000000 ret=0040ed42
1330342.545:00ec:00f0:Call KERNEL32.GetPrivateProfileStringA(004c07d8 "ZONES",0022f1fc "3796",004e749c "",0022f23c,00000400,0022f21c "IAM\\ZONES.TAG") ret=0040ed42
1330342.548:00ec:00f0:Ret  KERNEL32.GetPrivateProfileStringA() retval=00000000 ret=0040ed42
1330347.778:00ec:00f0:Call KERNEL32.GetPrivateProfileStringA(004c0844 "OBJECTS",0022f0f4 "406",004e749c "",0022f134,00000400,0022f114 "IAM\\OBJECTS.TAG") ret=0040ed42
1330347.779:00ec:00f0:Ret  KERNEL32.GetPrivateProfileStringA() retval=00000008 ret=0040ed42
1330347.779:00ec:00f0:Call KERNEL32.GetPrivateProfileStringA(004c08a0 "CAMERAS",0022f1f0 "4292",004e749c "",0022f230,00000400,0022f210 "IAM\\CAMERAS.TAG") ret=0040ed42
1330347.780:00ec:00f0:Ret  KERNEL32.GetPrivateProfileStringA() retval=00000000 ret=0040ed42
1330351.974:00ec:00f0:Call KERNEL32.GetPrivateProfileStringA(004c0898 "CAMERAS",0022f1f8 "0",004e749c "",0022f238,00000400,0022f218 "IAM\\CAMERAS.TAG") ret=0040ed42
1330351.979:00ec:00f0:Ret  KERNEL32.GetPrivateProfileStringA() retval=0000000d ret=0040ed42
1330351.979:00ec:00f0:Call KERNEL32.GetPrivateProfileStringA(004c07e0 "ZONES",0022f1fc "3795",004e749c "",0022f23c,00000400,0022f21c "IAM\\ZONES.TAG") ret=0040ed42
1330351.980:00ec:00f0:Ret  KERNEL32.GetPrivateProfileStringA() retval=00000000 ret=0040ed42
1330357.895:00ec:00f0:Call KERNEL32.GetPrivateProfileStringA(004c07e0 "ZONES",0022f1fc "3794",004e749c "",0022f23c,00000400,0022f21c "IAM\\ZONES.TAG") ret=0040ed42
1330357.895:00ec:00f0:Ret  KERNEL32.GetPrivateProfileStringA() retval=00000000 ret=0040ed42
1330357.895:00ec:00f0:Call KERNEL32.GetPrivateProfileStringA(004c07e0 "ZONES",0022f1fc "3792",004e749c "",0022f23c,00000400,0022f21c "IAM\\ZONES.TAG") ret=0040ed42
1330357.896:00ec:00f0:Ret  KERNEL32.GetPrivateProfileStringA() retval=00000000 ret=0040ed42
1330357.896:00ec:00f0:Call KERNEL32.GetPrivateProfileStringA(004c07e0 "ZONES",0022f1fc "3795",004e749c "",0022f23c,00000400,0022f21c "IAM\\ZONES.TAG") ret=0040ed42
1330357.896:00ec:00f0:Ret  KERNEL32.GetPrivateProfileStringA() retval=00000000 ret=0040ed42
1330359.753:00ec:00f0:Call KERNEL32.GetPrivateProfileStringA(004c0790 "AREAS",0022f1f4 "222",004e749c "",0022f234,00000400,0022f214 "IAM\\AREAS.TAG") ret=0040ed42
1330359.757:00ec:00f0:Ret  KERNEL32.GetPrivateProfileStringA() retval=0000000f ret=0040ed42
1330360.728:00ec:00f0:Call KERNEL32.GetPrivateProfileStringA(004c0790 "AREAS",0022f1f4 "0",004e749c "",0022f234,00000400,0022f214 "IAM\\AREAS.TAG") ret=0040ed42
1330360.732:00ec:00f0:Ret  KERNEL32.GetPrivateProfileStringA() retval=00000007 ret=0040ed42
1330360.970:00ec:00f0:Call KERNEL32.GetPrivateProfileStringA(004c082c "ADDRESSES",0022f1fc "1",004e749c "",0022f23c,00000400,0022f21c "IAM\\ADDRESSES.TAG") ret=0040ed42
1330360.972:00ec:00f0:Ret  KERNEL32.GetPrivateProfileStringA() retval=0000001a ret=0040ed42
1330360.972:00ec:00f0:Call KERNEL32.GetPrivateProfileStringA(004c082c "ADDRESSES",0022f1fc "335",004e749c "",0022f23c,00000400,0022f21c "IAM\\ADDRESSES.TAG") ret=0040ed42
1330360.972:00ec:00f0:Ret  KERNEL32.GetPrivateProfileStringA() retval=0000001a ret=0040ed42
1330360.972:00ec:00f0:Call KERNEL32.GetPrivateProfileStringA(004c06d8 "VARIABLES",0022f200 "224",004e749c "",0022f240,00000400,0022f220 "IAM\\VARIABLES.TAG") ret=0040ed42
1330360.973:00ec:00f0:Ret  KERNEL32.GetPrivateProfileStringA() retval=0000000e ret=0040ed42
1330366.119:00ec:00f0:Call KERNEL32.GetPrivateProfileStringA(004c06c4 "VARIABLES",0022f1fc "61",004e749c "",0022f23c,00000400,0022f21c "IAM\\VARIABLES.TAG") ret=0040ed42
1330366.120:00ec:00f0:Ret  KERNEL32.GetPrivateProfileStringA() retval=0000000d ret=0040ed42
1330366.120:00ec:00f0:Call KERNEL32.GetPrivateProfileStringA(004c07e0 "ZONES",0022f1fc "55",004e749c "",0022f23c,00000400,0022f21c "IAM\\ZONES.TAG") ret=0040ed42
1330366.120:00ec:00f0:Ret  KERNEL32.GetPrivateProfileStringA() retval=00000011 ret=0040ed42
1330366.120:00ec:00f0:Call KERNEL32.GetPrivateProfileStringA(004c07d8 "ZONES",0022f1fc "78",004e749c "",0022f23c,00000400,0022f21c "IAM\\ZONES.TAG") ret=0040ed42
1330366.122:00ec:00f0:Ret  KERNEL32.GetPrivateProfileStringA() retval=00000013 ret=0040ed42
1330371.396:00ec:00f0:Call KERNEL32.GetPrivateProfileStringA(004c0790 "AREAS",0022f1f4 "142",004e749c "",0022f234,00000400,0022f214 "IAM\\AREAS.TAG") ret=0040ed42
1330371.401:00ec:00f0:Ret  KERNEL32.GetPrivateProfileStringA() retval=00000013 ret=0040ed42
1330373.624:00ec:00f0:Call KERNEL32.GetPrivateProfileStringA(004c06c4 "VARIABLES",0022f1fc "130",004e749c "",0022f23c,00000400,0022f21c "IAM\\VARIABLES.TAG") ret=0040ed42
1330373.626:00ec:00f0:Ret  KERNEL32.GetPrivateProfileStringA() retval=00000003 ret=0040ed42
1330373.626:00ec:00f0:Call KERNEL32.GetPrivateProfileStringA(004c07e0 "ZONES",0022f1fc "78",004e749c "",0022f23c,00000400,0022f21c "IAM\\ZONES.TAG") ret=0040ed42
1330373.626:00ec:00f0:Ret  KERNEL32.GetPrivateProfileStringA() retval=00000013 ret=0040ed42
1330373.626:00ec:00f0:Call KERNEL32.GetPrivateProfileStringA(004c06d8 "VARIABLES",0022f200 "132",004e749c "",0022f240,00000400,0022f220 "IAM\\VARIABLES.TAG") ret=0040ed42
1330373.628:00ec:00f0:Ret  KERNEL32.GetPrivateProfileStringA() retval=00000007 ret=0040ed42
1330373.628:00ec:00f0:Call KERNEL32.GetPrivateProfileStringA(004c06d8 "VARIABLES",0022f200 "61",004e749c "",0022f240,00000400,0022f220 "IAM\\VARIABLES.TAG") ret=0040ed42
1330373.628:00ec:00f0:Ret  KERNEL32.GetPrivateProfileStringA() retval=0000000d ret=0040ed42
1330373.635:00ec:00f0:Call KERNEL32.GetPrivateProfileStringA(004c0898 "CAMERAS",0022f1f8 "151",004e749c "",0022f238,00000400,0022f218 "IAM\\CAMERAS.TAG") ret=0040ed42
1330373.635:00ec:00f0:Ret  KERNEL32.GetPrivateProfileStringA() retval=00000012 ret=0040ed42
1330373.635:00ec:00f0:Call KERNEL32.GetPrivateProfileStringA(004c07f0 "ADDRESSES",0022f1fc "24",004e749c "",0022f23c,00000400,0022f21c "IAM\\ADDRESSES.TAG") ret=0040ed42
1330373.635:00ec:00f0:Ret  KERNEL32.GetPrivateProfileStringA() retval=00000015 ret=0040ed42
1330373.635:00ec:00f0:Call KERNEL32.GetPrivateProfileStringA(004c08a0 "CAMERAS",0022f1f0 "152",004e749c "",0022f230,00000400,0022f210 "IAM\\CAMERAS.TAG") ret=0040ed42
1330373.636:00ec:00f0:Ret  KERNEL32.GetPrivateProfileStringA() retval=00000012 ret=0040ed42
1330377.428:00ec:00f0:Call KERNEL32.GetPrivateProfileStringA(004c0898 "CAMERAS",0022f1f8 "120",004e749c "",0022f238,00000400,0022f218 "IAM\\CAMERAS.TAG") ret=0040ed42
1330377.429:00ec:00f0:Ret  KERNEL32.GetPrivateProfileStringA() retval=00000013 ret=0040ed42
1330377.429:00ec:00f0:Call KERNEL32.GetPrivateProfileStringA(004c08a0 "CAMERAS",0022f1f0 "121",004e749c "",0022f230,00000400,0022f210 "IAM\\CAMERAS.TAG") ret=0040ed42
1330377.429:00ec:00f0:Ret  KERNEL32.GetPrivateProfileStringA() retval=00000013 ret=0040ed42
